OpenROAD unknown 
Features included (+) or not (-): -GPU +GUI -Python
This program is licensed under the BSD-3 license. See the LICENSE file for details.
Components of this program may be licensed under more restrictive licenses which must be honored.
[INFO ORD-0030] Using 4 thread(s).
read_liberty /OpenROAD-flow-scripts/flow/platforms/nangate45/lib/NangateOpenCellLibrary_typical.lib
read_db -hier /work/flow/results/nangate45/aes/base/3_2_place_iop.odb
[WARNING ORD-0012] Hierarchical flow (-hier) is currently in development and may cause multiple issues. Do not use in production environments.
read_sdc /work/flow/results/nangate45/aes/base/2_floorplan.sdc
source /OpenROAD-flow-scripts/flow/platforms/nangate45/setRC.tcl
[INFO RSZ-0026] Removed 0 buffers.
Perform port buffering...
[INFO RSZ-0027] Inserted 258 BUF_X1 input buffers.
[INFO RSZ-0028] Inserted 129 BUF_X1 output buffers.
[INFO GPL-0022] Initialize gpl and calculate uniform density.
Placement density is 0.4899999952316284, computed from PLACE_DENSITY_LB_ADDON  0.20 and lower bound 0.3499999940395355
global_placement -density 0.4899999952316284 -pad_left 0 -pad_right 0 -routability_driven -timing_driven -force_center_initial_place -min_phi_coef 0.95 -max_phi_coef 1.05
[INFO GPL-0001] ---- Initialize GPL Main Data Structures
[INFO GPL-0002] DBU: 2000
[INFO GPL-0003] SiteSize: (  0.190  1.400 ) um
[INFO GPL-0004] CoreBBox: ( 10.070 11.200 ) ( 239.970 240.800 ) um
[INFO GPL-0016] Core area:                   52785.040 um^2
[INFO GPL-0036] Movable instances area:      15964.256 um^2
[INFO GPL-0037] Total instances area:        16073.582 um^2
[INFO GPL-0035] Pin density area adjust:      2361.193 um^2
[INFO GPL-0032] ---- Initialize Region: Top-level
[INFO GPL-0006] Number of instances:             12204
[INFO GPL-0007] Movable instances:               11793
[INFO GPL-0008] Fixed instances:                   411
[INFO GPL-0009] Dummy instances:                     0
[INFO GPL-0010] Number of nets:                  12618
[INFO GPL-0011] Number of pins:                  46487
[INFO GPL-0012] Die BBox:       (  0.000  0.000 ) ( 249.850 250.600 ) um
[INFO GPL-0013] Placement BBox: ( 10.070 11.200 ) ( 239.970 240.800 ) um
[INFO GPL-0014] Region name: top-level.
[INFO GPL-0015] Region area:                 52785.040 um^2
[INFO GPL-0017] Fixed instances area:          109.326 um^2
[INFO GPL-0018] Movable instances area:      18325.449 um^2
[INFO GPL-0019] Utilization:                    34.789 %
[INFO GPL-0020] Standard cells area:         18325.449 um^2
[INFO GPL-0021] Large instances area:            0.000 um^2
[INFO GPL-0005] ---- Execute Conjugate Gradient Initial Placement.
[INFO GPL-0051] Source of initial instance position counters:
	Odb location = 0	Core center = 11793	Region center = 0
[InitialPlace]  Iter: 1 conjugate gradient residual: 0.00020690 HPWL: 276704470
[InitialPlace]  Iter: 2 conjugate gradient residual: 0.00006511 HPWL: 182403003
[InitialPlace]  Iter: 3 conjugate gradient residual: 0.00002467 HPWL: 180605433
[InitialPlace]  Iter: 4 conjugate gradient residual: 0.00002783 HPWL: 180377891
[InitialPlace]  Iter: 5 conjugate gradient residual: 0.00002307 HPWL: 179963728
[InitialPlace]  Iter: 6 conjugate gradient residual: 0.00001325 HPWL: 179891804
[InitialPlace]  Iter: 7 conjugate gradient residual: 0.00001399 HPWL: 179521794
[InitialPlace]  Iter: 8 conjugate gradient residual: 0.00001424 HPWL: 179445823
[InitialPlace]  Iter: 9 conjugate gradient residual: 0.00001919 HPWL: 179092951
[InitialPlace]  Iter: 10 conjugate gradient residual: 0.00001314 HPWL: 179070300
[InitialPlace]  Iter: 11 conjugate gradient residual: 0.00001356 HPWL: 178802471
[InitialPlace]  Iter: 12 conjugate gradient residual: 0.00001796 HPWL: 178802577
[InitialPlace]  Iter: 13 conjugate gradient residual: 0.00001336 HPWL: 178562794
[InitialPlace]  Iter: 14 conjugate gradient residual: 0.00001406 HPWL: 178584591
[InitialPlace]  Iter: 15 conjugate gradient residual: 0.00001276 HPWL: 178422654
[InitialPlace]  Iter: 16 conjugate gradient residual: 0.00001135 HPWL: 178473141
[InitialPlace]  Iter: 17 conjugate gradient residual: 0.00000769 HPWL: 178346541
[INFO GPL-0033] ---- Initialize Nesterov Region: Top-level
[INFO GPL-0023] Placement target density:       0.4900
[INFO GPL-0024] Movable insts average area:      1.554 um^2
[INFO GPL-0025] Ideal bin area:                  3.171 um^2
[INFO GPL-0026] Ideal bin count:                 16644
[INFO GPL-0027] Total bin area:              52785.040 um^2
[INFO GPL-0028] Bin count (X, Y):         128 ,    128
[INFO GPL-0029] Bin size (W * H):       1.796 *  1.794 um
[INFO GPL-0030] Number of bins:                  16384
[INFO GPL-0084] ---- Execute Nesterov Global Placement.
[INFO GPL-0031] HPWL: Half-Perimeter Wirelength
Iteration | Overflow |     HPWL (um) |  HPWL(%) |   Penalty | Group
---------------------------------------------------------------
        0 |   0.9536 |  6.112506e+04 |   +0.00% |  5.45e-15 |      
       10 |   0.8140 |  7.667008e+04 |  +25.43% |  8.85e-15 |      
       20 |   0.7923 |  8.127475e+04 |   +6.01% |  1.44e-14 |      
       30 |   0.7974 |  7.955000e+04 |   -2.12% |  2.35e-14 |      
       40 |   0.7987 |  7.850235e+04 |   -1.32% |  3.82e-14 |      
       50 |   0.7964 |  7.847403e+04 |   -0.04% |  6.22e-14 |      
       60 |   0.7980 |  7.813707e+04 |   -0.43% |  1.01e-13 |      
       70 |   0.7982 |  7.773214e+04 |   -0.52% |  1.65e-13 |      
       80 |   0.7969 |  7.755891e+04 |   -0.22% |  2.69e-13 |      
       90 |   0.7950 |  7.753267e+04 |   -0.03% |  4.38e-13 |      
      100 |   0.7931 |  7.750394e+04 |   -0.04% |  7.14e-13 |      
      110 |   0.7918 |  7.750582e+04 |   +0.00% |  1.16e-12 |      
      120 |   0.7904 |  7.754831e+04 |   +0.05% |  1.89e-12 |      
      130 |   0.7900 |  7.763350e+04 |   +0.11% |  3.08e-12 |      
      140 |   0.7901 |  7.775180e+04 |   +0.15% |  5.02e-12 |      
      150 |   0.7898 |  7.792279e+04 |   +0.22% |  8.18e-12 |      
      160 |   0.7893 |  7.824274e+04 |   +0.41% |  1.33e-11 |      
      170 |   0.7873 |  7.884012e+04 |   +0.76% |  2.17e-11 |      
      180 |   0.7840 |  7.994869e+04 |   +1.41% |  3.53e-11 |      
      190 |   0.7788 |  8.141104e+04 |   +1.83% |  5.76e-11 |      
      200 |   0.7722 |  8.350439e+04 |   +2.57% |  9.37e-11 |      
      210 |   0.7603 |  8.677371e+04 |   +3.92% |  1.53e-10 |      
      220 |   0.7464 |  9.163004e+04 |   +5.60% |  2.48e-10 |      
      230 |   0.7305 |  9.592120e+04 |   +4.68% |  4.04e-10 |      
      240 |   0.7158 |  9.977433e+04 |   +4.02% |  6.57e-10 |      
      250 |   0.6965 |  1.031855e+05 |   +3.42% |  1.07e-09 |      
      260 |   0.6707 |  1.064395e+05 |   +3.15% |  1.74e-09 |      
      270 |   0.6414 |  1.101927e+05 |   +3.53% |  2.83e-09 |      
[INFO GPL-0100] Timing-driven iteration 1/2, virtual: false.
[INFO GPL-0101]    Iter: 273, overflow: 0.634, keep resizer changes at: 1, HPWL: 221906902
Iteration |   Area    | Resized | Buffers | Nets repaired | Remaining
---------------------------------------------------------------------
        0 |     +0.0% |       0 |       0 |             0 |     12618
    final |     +2.9% |     101 |     290 |           266 |         0
---------------------------------------------------------------------
[INFO RSZ-0034] Found 113 slew violations.
[INFO RSZ-0035] Found 82 fanout violations.
[INFO RSZ-0036] Found 174 capacitance violations.
[INFO RSZ-0039] Resized 101 instances.
[INFO RSZ-0038] Inserted 290 buffers in 266 nets.
   Iter   |    Area   | Removed | Inserted |   Pins
          |           | Buffers | Buffers  | Remaining
-------------------------------------------------------
        0 |     +0.0% |       0 |        0 |     12359
     1200 |     +0.0% |       0 |        3 |     11159
     2400 |     +0.0% |       0 |        4 |      9959
     3600 |     +0.1% |       0 |       14 |      8759
     4800 |     +0.4% |       0 |       81 |      7559
     6000 |     +0.9% |       0 |      176 |      6359
     7200 |     +1.8% |       0 |      348 |      5159
     8400 |     +7.3% |      12 |     1405 |      3959
     9600 |    +20.9% |     196 |     4109 |      2759
    10800 |    +24.9% |     273 |     4894 |      1559
    12000 |    +25.7% |     273 |     5053 |       359
    final |    +26.1% |     290 |     5127 |         0
-------------------------------------------------------
[INFO GPL-0106] Timing-driven: worst slack -1.6702861e-11
[INFO GPL-0107] Timing-driven: repair_design delta area: 4800.388 um^2 (+26.20%)
[INFO GPL-0108] Timing-driven: repair_design, gpl delta gcells: 5127 (+43.47%)
[INFO GPL-0109] Timing-driven: repair_design, gcells created: 5417, deleted: 290
[INFO GPL-0110] Timing-driven: new target density: 0.581131
[INFO GPL-0038] Routability snapshot saved at iter = 279
      278 |   0.5896 |  1.525231e+05 |          |           |      
Iteration | Overflow |     HPWL (um) |  HPWL(%) |   Penalty | Group
---------------------------------------------------------------
      280 |   0.5766 |  1.547507e+05 |  +40.44% |  4.57e-09 |      
      290 |   0.5786 |  1.521109e+05 |   -1.71% |  7.44e-09 |      
      300 |   0.5207 |  1.604393e+05 |   +5.48% |  1.21e-08 |      
      310 |   0.4771 |  1.659788e+05 |   +3.45% |  1.97e-08 |      
      320 |   0.4188 |  1.729212e+05 |   +4.18% |  3.20e-08 |      
      330 |   0.3543 |  1.803576e+05 |   +4.30% |  5.21e-08 |      
      340 |   0.3017 |  1.862858e+05 |   +3.29% |  7.82e-08 |      
[INFO GPL-0040] Routability iteration: 1
[INFO GPL-0088] Tiles the placer can act on: 4023 of 7569 (53.15%)
[INFO GPL-0041] Total routing overflow: 0.2542
[INFO GPL-0042] Number of overflowed tiles: 5 (0.12%)
[INFO GPL-0043] Average top 0.5% routing congestion: 0.9725
[INFO GPL-0044] Average top 1.0% routing congestion: 0.9333
[INFO GPL-0045] Average top 2.0% routing congestion: 0.8943
[INFO GPL-0046] Average top 5.0% routing congestion: 0.8356
[INFO GPL-0047] Routability iteration weighted routing congestion: 0.9529
[INFO GPL-0050] Weighted routing congestion is lower than target routing congestion(1.0100), end routability optimization.
[INFO GPL-0090] Routability finished. Target routing congestion achieved succesfully.
Iteration | Overflow |     HPWL (um) |  HPWL(%) |   Penalty | Group
---------------------------------------------------------------
      350 |   0.2598 |  1.904456e+05 |   +2.23% |  1.15e-07 |      
      360 |   0.2219 |  1.942085e+05 |   +1.98% |  1.69e-07 |      
[INFO GPL-0100] Timing-driven iteration 2/2, virtual: false.
[INFO GPL-0101]    Iter: 370, overflow: 0.193, keep resizer changes at: 1, HPWL: 393519198
Iteration |   Area    | Resized | Buffers | Nets repaired | Remaining
---------------------------------------------------------------------
        0 |     +0.0% |       0 |       0 |             0 |     17745
    final |     +0.0% |       0 |       1 |             1 |         0
---------------------------------------------------------------------
[INFO RSZ-0036] Found 1 capacitance violations.
[INFO RSZ-0038] Inserted 1 buffers in 1 nets.
   Iter   |    Area   | Removed | Inserted |   Pins
          |           | Buffers | Buffers  | Remaining
-------------------------------------------------------
        0 |     +0.0% |       0 |        0 |     12359
     1200 |     +0.0% |       3 |        6 |     11159
     2400 |     +0.0% |       4 |        6 |      9959
     3600 |     -0.0% |      14 |        9 |      8759
     4800 |     -0.2% |      81 |       25 |      7559
     6000 |     -0.5% |     176 |       53 |      6359
     7200 |     -1.0% |     348 |       93 |      5159
     8400 |     -3.6% |    1405 |      512 |      3959
     9600 |     -8.9% |    4110 |     1850 |      2759
    10800 |    -10.4% |    4895 |     2277 |      1559
    12000 |    -10.4% |    5054 |     2422 |       359
    final |    -10.6% |    5128 |     2475 |         0
-------------------------------------------------------
[INFO GPL-0106] Timing-driven: worst slack -3.4335562e-11
[INFO GPL-0107] Timing-driven: repair_design delta area: -2204.076 um^2 (-9.53%)
[INFO GPL-0108] Timing-driven: repair_design, gpl delta gcells: -2652 (-15.67%)
[INFO GPL-0109] Timing-driven: repair_design, gcells created: 2476, deleted: 5128
[INFO GPL-0110] Timing-driven: new target density: 0.5392886
Iteration | Overflow |     HPWL (um) |  HPWL(%) |   Penalty | Group
---------------------------------------------------------------
      370 |   0.2119 |  1.958694e+05 |   +0.86% |  2.49e-07 |      
      380 |   0.1807 |  1.888501e+05 |   -3.58% |  3.67e-07 |      
      390 |   0.1527 |  1.871868e+05 |   -0.88% |  5.41e-07 |      
      400 |   0.1301 |  1.870979e+05 |   -0.05% |  7.97e-07 |      
      410 |   0.1112 |  1.874237e+05 |   +0.17% |  1.17e-06 |      
      418 |   0.0993 |  1.877764e+05 |          |  1.66e-06 |      
---------------------------------------------------------------
[INFO GPL-1001] Global placement finished at iteration 418
[INFO GPL-1017] Routability mode iteration count: 62
[INFO GPL-1005] Routability final weighted congestion: 0.7794
[INFO GPL-1002] Placed Cell Area            20921.7603
[INFO GPL-1003] Available Free Area         52675.7140
[INFO GPL-1004] Minimum Feasible Density        0.3500 (cell_area / free_area)
[INFO GPL-1006]   Suggested Target Densities:
[INFO GPL-1007]     - For 90% usage of free space: 0.4413
[INFO GPL-1008]     - For 80% usage of free space: 0.4965
[INFO GPL-1009]     - For 50% usage of free space: 0.7944
[INFO GPL-1011] Original area (um^2): 18325.45
[INFO GPL-1012] Total routability artificial inflation: 0.00 (+0.00%)
[INFO GPL-1013] Total timing-driven delta area: 2596.31 (+14.17%)
[INFO GPL-1014] Final placement area: 20921.76 (+14.17%)
[INFO GPL-1018] Final HPWL (um): 187890.83
Took 14 seconds: global_placement -density 0.4899999952316284 -pad_left 0 -pad_right 0 -routability_driven -timing_driven -force_center_initial_place -min_phi_coef 0.95 -max_phi_coef 1.05
estimate_parasitics -placement
Report metrics stage 3, global place...

==========================================================================
global place report_design_area
--------------------------------------------------------------------------
Design area 18668 um^2 35% utilization.
write_db /work/flow/results/nangate45/aes/base/3_3_place_gp.odb
Elapsed time: 0:16.74[h:]min:sec. CPU time: user 24.09 sys 1.34 (151%). Peak memory: 424552KB.
Log                       Ext     Elapsed/s Peak Memory/MB sha1sum result [0:20)
3_3_place_gp              .odb           16            414 98b4bf512728944afe9c
