OpenROAD unknown 
Features included (+) or not (-): -GPU +GUI -Python
This program is licensed under the BSD-3 license. See the LICENSE file for details.
Components of this program may be licensed under more restrictive licenses which must be honored.
[INFO ORD-0030] Using 4 thread(s).
read_liberty /OpenROAD-flow-scripts/flow/platforms/nangate45/lib/NangateOpenCellLibrary_typical.lib
read_db -hier /work/flow/results/nangate45/aes/base/3_4_place_resized.odb
[WARNING ORD-0012] Hierarchical flow (-hier) is currently in development and may cause multiple issues. Do not use in production environments.
read_sdc /work/flow/results/nangate45/aes/base/2_floorplan.sdc
source /OpenROAD-flow-scripts/flow/platforms/nangate45/setRC.tcl
detailed_placement
[INFO DPL-0006] Core area: 52785.04 um^2
[INFO DPL-0007] Movable instances area: 18560.42 um^2
[INFO DPL-0008] Fixed instances area within core: 109.33 um^2
[INFO DPL-0009] Utilization: 35.4%
[INFO DPL-0005] Diamond search max displacement: +/- 500 sites horizontally, +/- 100 rows vertically.
[INFO DPL-1102] Legalizing using negotiation legalizer.
[INFO DPL-1103] Negotiation base search window: +/-20 sites horizontally, +/-5 rows vertically 
	Automatic search window extension enabled.
	Search window extendable up to the max displacement cap of +/-500 sites, +/-100 rows near walls.
[INFO DPL-1104] NegotiationLegalizer DRC penalty: 5.
[INFO DPL-0392] Negotiation cell height distribution (1 unique row-count(s)):
[INFO DPL-0393]   height 1 row(s): 14680 cells
          |      Total |  Illegal |  Illegal
Iteration | Violations |    Cells |    Sites
---------------------------------------------
        0 |        949 |       387 |       562
        1 |          0 |         0 |         0
Negotiation phase 1 converged at iteration 1.
[INFO DPL-0500] Runtime: 0.11s
Detailed Placement Analysis
---------------------------------
legalizer            negotiation
total moves               14462
total displacement      16158.0 u
average displacement        1.1 u
max displacement            4.5 u
original HPWL          187938.6 u
legalized HPWL         192673.6 u
delta HPWL                    3 %

improve_placement -max_displacement "5 1"
Detailed placement improvement.
[INFO DPL-0401] Setting random seed to 1.
[INFO DPL-0402] Setting maximum displacement 5 1 to 14000 2800 units.
[INFO DPL-0320] Collected 799 fixed cells.
[INFO DPL-0318] Collected 14269 single height cells.
[INFO DPL-0321] Collected 0 wide cells.
[INFO DPL-0322] Image (20140, 22400) - (479940, 481600)
[INFO DPL-0310] Assigned 14269 cells into segments.  Movement in X-direction is 0.000000, movement in Y-direction is 0.000000.
[INFO DPL-0313] Found 0 cells in wrong regions.
[INFO DPL-0315] Found 0 row alignment problems.
[INFO DPL-0314] Found 0 site alignment problems.
[INFO DPL-0311] Found 0 overlaps between adjacent cells.
[INFO DPL-0312] Found 0 edge spacing violations and 0 padding violations.
[INFO DPL-0303] Running algorithm for independent set matching.
[INFO DPL-0300] Set matching objective is wirelength.
[INFO DPL-0301] Pass   1 of matching; objective is 3.847176e+08.
[INFO DPL-0302] End of matching; objective is 3.846430e+08, improvement is 0.02 percent.
[INFO DPL-0303] Running algorithm for global swaps.
[INFO DPL-0306] Pass   1 of global swaps; hpwl is 3.780531e+08.
[INFO DPL-0306] Pass   2 of global swaps; hpwl is 3.751853e+08.
[INFO DPL-0307] End of global swaps; objective is 3.751853e+08, improvement is 2.46 percent.
[INFO DPL-0303] Running algorithm for vertical swaps.
[INFO DPL-0308] Pass   1 of vertical swaps; hpwl is 3.737395e+08.
[INFO DPL-0309] End of vertical swaps; objective is 3.737395e+08, improvement is 0.39 percent.
[INFO DPL-0303] Running algorithm for reordering.
[INFO DPL-0304] Pass   1 of reordering; objective is 3.725984e+08.
[INFO DPL-0305] End of reordering; objective is 3.725984e+08, improvement is 0.31 percent.
[INFO DPL-0303] Running algorithm for random improvement.
[INFO DPL-0324] Random improver is using random generator.
[INFO DPL-0325] Random improver is using hpwl objective.
[INFO DPL-0326] Random improver cost string is (a).
[INFO DPL-0332] End of pass, Generator random called 285380 times.
[INFO DPL-0335] Generator random, Cumulative attempts 285380, swaps 35929, moves 100638 since last reset.
[INFO DPL-0333] End of pass, Objective hpwl, Initial cost 3.716658e+08, Scratch cost 3.649204e+08, Incremental cost 3.649204e+08, Mismatch? N
[INFO DPL-0338] End of pass, Total cost is 3.649204e+08.
[INFO DPL-0327] Pass   1 of random improver; improvement in cost is 1.81 percent.
[INFO DPL-0332] End of pass, Generator random called 285380 times.
[INFO DPL-0335] Generator random, Cumulative attempts 570760, swaps 70634, moves 197916 since last reset.
[INFO DPL-0333] End of pass, Objective hpwl, Initial cost 3.649204e+08, Scratch cost 3.606732e+08, Incremental cost 3.606732e+08, Mismatch? N
[INFO DPL-0338] End of pass, Total cost is 3.606732e+08.
[INFO DPL-0327] Pass   2 of random improver; improvement in cost is 1.16 percent.
[INFO DPL-0332] End of pass, Generator random called 285380 times.
[INFO DPL-0335] Generator random, Cumulative attempts 856140, swaps 104853, moves 292367 since last reset.
[INFO DPL-0333] End of pass, Objective hpwl, Initial cost 3.606732e+08, Scratch cost 3.576667e+08, Incremental cost 3.576667e+08, Mismatch? N
[INFO DPL-0338] End of pass, Total cost is 3.576667e+08.
[INFO DPL-0327] Pass   3 of random improver; improvement in cost is 0.83 percent.
[INFO DPL-0328] End of random improver; improvement is 3.766576 percent.
[INFO DPL-0380] Cell flipping.
[INFO DPL-0382] Changed 0 cell orientations for row compatibility.
[INFO DPL-0383] Performed 4383 cell flips.
[INFO DPL-0384] End of flipping; objective is 3.538606e+08, improvement is 1.32 percent.
[INFO DPL-0313] Found 0 cells in wrong regions.
[INFO DPL-0315] Found 0 row alignment problems.
[INFO DPL-0314] Found 0 site alignment problems.
[INFO DPL-0311] Found 0 overlaps between adjacent cells.
[INFO DPL-0312] Found 0 edge spacing violations and 0 padding violations.
Place Optimization Analysis
---------------------------------
total attempts          1712280
relocated cells           11581
total displacement      30452.6 u
average displacement        2.6 u
max displacement            8.2 u
original HPWL          192673.6 u
improved HPWL          177297.3 u
delta HPWL                   -8 %

optimize_mirroring
[INFO DPL-0020] Mirrored 1691 instances
[INFO DPL-0021] HPWL before          177297.3 u
[INFO DPL-0022] HPWL after           177226.4 u
[INFO DPL-0023] HPWL delta               -0.0 %
[INFO FLW-0012] Placement violations .
estimate_parasitics -placement
Report metrics stage 3, detailed place...

==========================================================================
detailed place report_design_area
--------------------------------------------------------------------------
Design area 18670 um^2 35% utilization.
write_db /work/flow/results/nangate45/aes/base/3_5_place_dp.odb
write_sdc -no_timestamp /work/flow/results/nangate45/aes/base/3_place.sdc
Elapsed time: 0:08.22[h:]min:sec. CPU time: user 9.60 sys 0.23 (119%). Peak memory: 200960KB.
Log                       Ext     Elapsed/s Peak Memory/MB sha1sum result [0:20)
3_5_place_dp              .odb            8            196 765f4e8ac3480b187193
