OpenROAD unknown 
Features included (+) or not (-): -GPU +GUI -Python
This program is licensed under the BSD-3 license. See the LICENSE file for details.
Components of this program may be licensed under more restrictive licenses which must be honored.
[INFO ORD-0030] Using 4 thread(s).
read_liberty /OpenROAD-flow-scripts/flow/platforms/nangate45/lib/NangateOpenCellLibrary_typical.lib
read_db -hier /work/flow/results/nangate45/aes/base/5_1_grt.odb
[WARNING ORD-0012] Hierarchical flow (-hier) is currently in development and may cause multiple issues. Do not use in production environments.
read_sdc /work/flow/results/nangate45/aes/base/5_1_grt.sdc
source /OpenROAD-flow-scripts/flow/platforms/nangate45/setRC.tcl
[WARNING STA-0450] virtual clock vclk_clk can not be propagated.
detailed_route -output_drc /work/flow/reports/nangate45/aes/base/5_route_drc.rpt -output_maze /work/flow/results/nangate45/aes/base/maze.log -droute_end_iter 64 -verbose 1 -drc_report_iter_step 5
[INFO DRT-0149] Reading tech and libs.

Units:                2000
Number of layers:     21
Number of macros:     135
Number of vias:       33
Number of viarulegen: 19

[INFO DRT-0150] Reading design.

Design:                   aes_cipher_top
Die area:                 ( 0 0 ) ( 499700 501200 )
Number of track patterns: 40
Number of DEF vias:       0
Number of components:     14872
Number of terminals:      390
Number of snets:          2
Number of nets:           15201

[INFO DRT-0167] List of default vias:
  Layer via2
    default via: via2_5
  Layer via3
    default via: via3_2
  Layer via4
    default via: via4_0
  Layer via5
    default via: via5_0
  Layer via6
    default via: via6_0
  Layer via7
    default via: via7_0
  Layer via8
    default via: via8_0
  Layer via9
    default via: via9_0
[INFO DRT-0162] Library cell analysis.
[INFO DRT-0163] Instance analysis.
[INFO DRT-0164] Number of unique instances = 118.
[INFO DRT-0168] Init region query.
[INFO DRT-0024]   Complete active.
[INFO DRT-0024]   Complete Fr_VIA.
[INFO DRT-0024]   Complete metal1.
[INFO DRT-0024]   Complete via1.
[INFO DRT-0024]   Complete metal2.
[INFO DRT-0024]   Complete via2.
[INFO DRT-0024]   Complete metal3.
[INFO DRT-0024]   Complete via3.
[INFO DRT-0024]   Complete metal4.
[INFO DRT-0024]   Complete via4.
[INFO DRT-0024]   Complete metal5.
[INFO DRT-0024]   Complete via5.
[INFO DRT-0024]   Complete metal6.
[INFO DRT-0024]   Complete via6.
[INFO DRT-0024]   Complete metal7.
[INFO DRT-0024]   Complete via7.
[INFO DRT-0024]   Complete metal8.
[INFO DRT-0024]   Complete via8.
[INFO DRT-0024]   Complete metal9.
[INFO DRT-0024]   Complete via9.
[INFO DRT-0024]   Complete metal10.
[INFO DRT-0033] active shape region query size = 0.
[INFO DRT-0033] FR_VIA shape region query size = 0.
[INFO DRT-0033] metal1 shape region query size = 227464.
[INFO DRT-0033] via1 shape region query size = 2229.
[INFO DRT-0033] metal2 shape region query size = 1655.
[INFO DRT-0033] via2 shape region query size = 2229.
[INFO DRT-0033] metal3 shape region query size = 1705.
[INFO DRT-0033] via3 shape region query size = 2229.
[INFO DRT-0033] metal4 shape region query size = 824.
[INFO DRT-0033] via4 shape region query size = 720.
[INFO DRT-0033] metal5 shape region query size = 144.
[INFO DRT-0033] via5 shape region query size = 720.
[INFO DRT-0033] metal6 shape region query size = 144.
[INFO DRT-0033] via6 shape region query size = 288.
[INFO DRT-0033] metal7 shape region query size = 104.
[INFO DRT-0033] via7 shape region query size = 0.
[INFO DRT-0033] metal8 shape region query size = 0.
[INFO DRT-0033] via8 shape region query size = 0.
[INFO DRT-0033] metal9 shape region query size = 0.
[INFO DRT-0033] via9 shape region query size = 0.
[INFO DRT-0033] metal10 shape region query size = 0.
[INFO DRT-0165] Start pin access.
[INFO DRT-0078]   Complete 672 pins.
[INFO DRT-0079]   Complete 100 unique inst patterns.
[INFO DRT-0081]   Complete 118 unique inst patterns.
[INFO DRT-0084]   Complete 8207 groups.
#scanned instances     = 14872
#unique  instances     = 118
#stdCellGenAp          = 3870
#stdCellValidPlanarAp  = 0
#stdCellValidViaAp     = 2798
#stdCellPinNoAp        = 0
#stdCellPinCnt         = 51350
#instTermValidViaApCnt = 0
#macroGenAp            = 0
#macroValidPlanarAp    = 0
#macroValidViaAp       = 0
#macroNoAp             = 0
[INFO DRT-0166] Complete pin access.
[INFO DRT-0267] cpu time = 00:00:44, elapsed time = 00:00:11, memory = 333.23 (MB), peak = 333.00 (MB)
[INFO DRT-0156] guideIn read 100000 guides.

[INFO DRT-0157] Number of guides:     128361

[INFO DRT-0169] Post process guides.
[INFO DRT-0176] GCELLGRID X 0 DO 87 STEP 5700 ;
[INFO DRT-0177] GCELLGRID Y 0 DO 87 STEP 5700 ;
[INFO DRT-0026]   Complete 100000 origin guides.
[INFO DRT-0028]   Complete active.
[INFO DRT-0028]   Complete Fr_VIA.
[INFO DRT-0028]   Complete metal1.
[INFO DRT-0028]   Complete via1.
[INFO DRT-0028]   Complete metal2.
[INFO DRT-0028]   Complete via2.
[INFO DRT-0028]   Complete metal3.
[INFO DRT-0028]   Complete via3.
[INFO DRT-0028]   Complete metal4.
[INFO DRT-0028]   Complete via4.
[INFO DRT-0028]   Complete metal5.
[INFO DRT-0028]   Complete via5.
[INFO DRT-0028]   Complete metal6.
[INFO DRT-0028]   Complete via6.
[INFO DRT-0028]   Complete metal7.
[INFO DRT-0028]   Complete via7.
[INFO DRT-0028]   Complete metal8.
[INFO DRT-0028]   Complete via8.
[INFO DRT-0028]   Complete metal9.
[INFO DRT-0028]   Complete via9.
[INFO DRT-0028]   Complete metal10.
[INFO DRT-0178] Init guide query.
[INFO DRT-0035]   Complete active (guide).
[INFO DRT-0035]   Complete Fr_VIA (guide).
[INFO DRT-0035]   Complete metal1 (guide).
[INFO DRT-0035]   Complete via1 (guide).
[INFO DRT-0035]   Complete metal2 (guide).
[INFO DRT-0035]   Complete via2 (guide).
[INFO DRT-0035]   Complete metal3 (guide).
[INFO DRT-0035]   Complete via3 (guide).
[INFO DRT-0035]   Complete metal4 (guide).
[INFO DRT-0035]   Complete via4 (guide).
[INFO DRT-0035]   Complete metal5 (guide).
[INFO DRT-0035]   Complete via5 (guide).
[INFO DRT-0035]   Complete metal6 (guide).
[INFO DRT-0035]   Complete via6 (guide).
[INFO DRT-0035]   Complete metal7 (guide).
[INFO DRT-0035]   Complete via7 (guide).
[INFO DRT-0035]   Complete metal8 (guide).
[INFO DRT-0035]   Complete via8 (guide).
[INFO DRT-0035]   Complete metal9 (guide).
[INFO DRT-0035]   Complete via9 (guide).
[INFO DRT-0035]   Complete metal10 (guide).
[INFO DRT-0036] active guide region query size = 0.
[INFO DRT-0036] FR_VIA guide region query size = 0.
[INFO DRT-0036] metal1 guide region query size = 42462.
[INFO DRT-0036] via1 guide region query size = 0.
[INFO DRT-0036] metal2 guide region query size = 37103.
[INFO DRT-0036] via2 guide region query size = 0.
[INFO DRT-0036] metal3 guide region query size = 21783.
[INFO DRT-0036] via3 guide region query size = 0.
[INFO DRT-0036] metal4 guide region query size = 4969.
[INFO DRT-0036] via4 guide region query size = 0.
[INFO DRT-0036] metal5 guide region query size = 1487.
[INFO DRT-0036] via5 guide region query size = 0.
[INFO DRT-0036] metal6 guide region query size = 229.
[INFO DRT-0036] via6 guide region query size = 0.
[INFO DRT-0036] metal7 guide region query size = 13.
[INFO DRT-0036] via7 guide region query size = 0.
[INFO DRT-0036] metal8 guide region query size = 0.
[INFO DRT-0036] via8 guide region query size = 0.
[INFO DRT-0036] metal9 guide region query size = 0.
[INFO DRT-0036] via9 guide region query size = 0.
[INFO DRT-0036] metal10 guide region query size = 0.
[INFO DRT-0179] Init gr pin query.
[INFO DRT-0267] cpu time = 00:00:00, elapsed time = 00:00:00, memory = 377.66 (MB), peak = 377.38 (MB)
[INFO DRT-0245] skipped writing guide updates to database.
[INFO DRT-0181] Start track assignment.
[INFO DRT-0184] Done with 42301 vertical wires in 2 frboxes and 65745 horizontal wires in 2 frboxes.
[INFO DRT-0186] Done with 16731 vertical wires in 2 frboxes and 18109 horizontal wires in 2 frboxes.
[INFO DRT-0182] Complete track assignment.
[INFO DRT-0267] cpu time = 00:00:06, elapsed time = 00:00:04, memory = 555.51 (MB), peak = 555.05 (MB)
[INFO DRT-0187] Start routing data preparation.
[INFO DRT-0267] cpu time = 00:00:00, elapsed time = 00:00:00, memory = 555.57 (MB), peak = 555.18 (MB)
[INFO DRT-0194] Start detail routing.
[INFO DRT-0195] Start 0th optimization iteration.
    Completing 10% with 0 violations.
    elapsed time = 00:00:02, memory = 635.47 (MB).
    Completing 20% with 0 violations.
    elapsed time = 00:00:06, memory = 675.96 (MB).
    Completing 30% with 1185 violations.
    elapsed time = 00:00:14, memory = 740.51 (MB).
    Completing 40% with 1185 violations.
    elapsed time = 00:00:20, memory = 807.25 (MB).
    Completing 50% with 1185 violations.
    elapsed time = 00:00:25, memory = 775.17 (MB).
    Completing 60% with 2392 violations.
    elapsed time = 00:00:34, memory = 793.98 (MB).
    Completing 70% with 2392 violations.
    elapsed time = 00:00:38, memory = 785.34 (MB).
    Completing 80% with 3465 violations.
    elapsed time = 00:00:45, memory = 789.50 (MB).
    Completing 90% with 3465 violations.
    elapsed time = 00:00:51, memory = 811.75 (MB).
    Completing 100% with 4485 violations.
    elapsed time = 00:00:58, memory = 747.96 (MB).
[INFO DRT-0199]   Number of violations = 5793.
Viol/Layer      metal1 metal2   via2 metal3   via3 metal4   via4 metal5
Cut Spacing          0      0     15      0      0      0      3      0
Metal Spacing        0    374      0     51      0      0      0      2
Recheck              6    792      0    464      0     26      0     20
Short                0   3455     14    564      1      6      0      0
[INFO DRT-0267] cpu time = 00:03:31, elapsed time = 00:00:58, memory = 756.87 (MB), peak = 1079.34 (MB)
Total wire length = 224390 um.
Total wire length on LAYER metal1 = 0 um.
Total wire length on LAYER metal2 = 73381 um.
Total wire length on LAYER metal3 = 91733 um.
Total wire length on LAYER metal4 = 33646 um.
Total wire length on LAYER metal5 = 18703 um.
Total wire length on LAYER metal6 = 6247 um.
Total wire length on LAYER metal7 = 678 um.
Total wire length on LAYER metal8 = 0 um.
Total wire length on LAYER metal9 = 0 um.
Total wire length on LAYER metal10 = 0 um.
Total number of vias = 115428.
Up-via summary (total 115428):

-----------------
 active         0
 metal1     51304
 metal2     53943
 metal3      7482
 metal4      2261
 metal5       414
 metal6        24
 metal7         0
 metal8         0
 metal9         0
-----------------
       115428


[INFO DRT-0195] Start 1st optimization iteration.
    Completing 10% with 5793 violations.
    elapsed time = 00:00:03, memory = 864.50 (MB).
    Completing 20% with 5793 violations.
    elapsed time = 00:00:08, memory = 871.14 (MB).
    Completing 30% with 4843 violations.
    elapsed time = 00:00:19, memory = 765.55 (MB).
    Completing 40% with 4843 violations.
    elapsed time = 00:00:22, memory = 835.62 (MB).
    Completing 50% with 4843 violations.
    elapsed time = 00:00:26, memory = 832.16 (MB).
    Completing 60% with 4187 violations.
    elapsed time = 00:00:36, memory = 820.21 (MB).
    Completing 70% with 4187 violations.
    elapsed time = 00:00:40, memory = 825.46 (MB).
    Completing 80% with 3337 violations.
    elapsed time = 00:00:48, memory = 814.98 (MB).
    Completing 90% with 3337 violations.
    elapsed time = 00:00:53, memory = 839.60 (MB).
    Completing 100% with 2686 violations.
    elapsed time = 00:00:59, memory = 760.23 (MB).
[INFO DRT-0199]   Number of violations = 2686.
Viol/Layer        via1 metal2   via2 metal3 metal4
Cut Spacing          4      0     12      0      0
Metal Spacing        0    414      0     36      2
Short                0   2009      0    209      0
[INFO DRT-0267] cpu time = 00:03:28, elapsed time = 00:01:00, memory = 768.61 (MB), peak = 1081.21 (MB)
Total wire length = 222361 um.
Total wire length on LAYER metal1 = 0 um.
Total wire length on LAYER metal2 = 72428 um.
Total wire length on LAYER metal3 = 91158 um.
Total wire length on LAYER metal4 = 33472 um.
Total wire length on LAYER metal5 = 18406 um.
Total wire length on LAYER metal6 = 6217 um.
Total wire length on LAYER metal7 = 678 um.
Total wire length on LAYER metal8 = 0 um.
Total wire length on LAYER metal9 = 0 um.
Total wire length on LAYER metal10 = 0 um.
Total number of vias = 114247.
Up-via summary (total 114247):

-----------------
 active         0
 metal1     51327
 metal2     52984
 metal3      7325
 metal4      2183
 metal5       406
 metal6        22
 metal7         0
 metal8         0
 metal9         0
-----------------
       114247


[INFO DRT-0195] Start 2nd optimization iteration.
    Completing 10% with 2686 violations.
    elapsed time = 00:00:04, memory = 878.45 (MB).
    Completing 20% with 2686 violations.
    elapsed time = 00:00:08, memory = 874.74 (MB).
    Completing 30% with 2680 violations.
    elapsed time = 00:00:13, memory = 765.25 (MB).
    Completing 40% with 2680 violations.
    elapsed time = 00:00:19, memory = 853.01 (MB).
    Completing 50% with 2680 violations.
    elapsed time = 00:00:24, memory = 769.79 (MB).
    Completing 60% with 2614 violations.
    elapsed time = 00:00:30, memory = 867.90 (MB).
    Completing 70% with 2614 violations.
    elapsed time = 00:00:35, memory = 864.18 (MB).
    Completing 80% with 2720 violations.
    elapsed time = 00:00:42, memory = 839.21 (MB).
    Completing 90% with 2720 violations.
    elapsed time = 00:00:48, memory = 813.10 (MB).
    Completing 100% with 2652 violations.
    elapsed time = 00:00:56, memory = 767.88 (MB).
[INFO DRT-0199]   Number of violations = 2652.
Viol/Layer        via1 metal2   via2 metal3 metal4
Cut Spacing          3      0      8      0      0
Metal Spacing        0    443      0     26      0
Short                0   1979      0    191      2
[INFO DRT-0267] cpu time = 00:03:17, elapsed time = 00:00:56, memory = 769.45 (MB), peak = 1082.11 (MB)
Total wire length = 222054 um.
Total wire length on LAYER metal1 = 0 um.
Total wire length on LAYER metal2 = 72272 um.
Total wire length on LAYER metal3 = 91131 um.
Total wire length on LAYER metal4 = 33437 um.
Total wire length on LAYER metal5 = 18351 um.
Total wire length on LAYER metal6 = 6181 um.
Total wire length on LAYER metal7 = 679 um.
Total wire length on LAYER metal8 = 0 um.
Total wire length on LAYER metal9 = 0 um.
Total wire length on LAYER metal10 = 0 um.
Total number of vias = 113993.
Up-via summary (total 113993):

-----------------
 active         0
 metal1     51345
 metal2     52828
 metal3      7259
 metal4      2147
 metal5       392
 metal6        22
 metal7         0
 metal8         0
 metal9         0
-----------------
       113993


[INFO DRT-0195] Start 3rd optimization iteration.
    Completing 10% with 2652 violations.
    elapsed time = 00:00:01, memory = 867.89 (MB).
    Completing 20% with 2652 violations.
    elapsed time = 00:00:03, memory = 915.61 (MB).
    Completing 30% with 1920 violations.
    elapsed time = 00:00:06, memory = 813.63 (MB).
    Completing 40% with 1920 violations.
    elapsed time = 00:00:08, memory = 890.07 (MB).
    Completing 50% with 1920 violations.
    elapsed time = 00:00:11, memory = 891.01 (MB).
    Completing 60% with 1246 violations.
    elapsed time = 00:00:15, memory = 827.27 (MB).
    Completing 70% with 1246 violations.
    elapsed time = 00:00:17, memory = 878.68 (MB).
    Completing 80% with 641 violations.
    elapsed time = 00:00:23, memory = 846.65 (MB).
    Completing 90% with 641 violations.
    elapsed time = 00:00:25, memory = 856.41 (MB).
    Completing 100% with 129 violations.
    elapsed time = 00:00:29, memory = 789.00 (MB).
[INFO DRT-0199]   Number of violations = 129.
Viol/Layer      metal2   via2 metal3
Cut Spacing          0      4      0
Metal Spacing       18      0      5
Short               89      0     13
[INFO DRT-0267] cpu time = 00:01:41, elapsed time = 00:00:30, memory = 794.26 (MB), peak = 1083.66 (MB)
Total wire length = 221883 um.
Total wire length on LAYER metal1 = 0 um.
Total wire length on LAYER metal2 = 68965 um.
Total wire length on LAYER metal3 = 91688 um.
Total wire length on LAYER metal4 = 36291 um.
Total wire length on LAYER metal5 = 18086 um.
Total wire length on LAYER metal6 = 6171 um.
Total wire length on LAYER metal7 = 679 um.
Total wire length on LAYER metal8 = 0 um.
Total wire length on LAYER metal9 = 0 um.
Total wire length on LAYER metal10 = 0 um.
Total number of vias = 116199.
Up-via summary (total 116199):

-----------------
 active         0
 metal1     51350
 metal2     53662
 metal3      8648
 metal4      2121
 metal5       396
 metal6        22
 metal7         0
 metal8         0
 metal9         0
-----------------
       116199


[INFO DRT-0195] Start 4th optimization iteration.
    Completing 10% with 129 violations.
    elapsed time = 00:00:00, memory = 836.45 (MB).
    Completing 20% with 129 violations.
    elapsed time = 00:00:00, memory = 865.27 (MB).
    Completing 30% with 106 violations.
    elapsed time = 00:00:01, memory = 846.21 (MB).
    Completing 40% with 106 violations.
    elapsed time = 00:00:01, memory = 846.21 (MB).
    Completing 50% with 106 violations.
    elapsed time = 00:00:01, memory = 846.21 (MB).
    Completing 60% with 97 violations.
    elapsed time = 00:00:02, memory = 844.21 (MB).
    Completing 70% with 97 violations.
    elapsed time = 00:00:02, memory = 867.41 (MB).
    Completing 80% with 29 violations.
    elapsed time = 00:00:03, memory = 829.94 (MB).
    Completing 90% with 29 violations.
    elapsed time = 00:00:03, memory = 829.94 (MB).
    Completing 100% with 21 violations.
    elapsed time = 00:00:05, memory = 816.43 (MB).
[INFO DRT-0199]   Number of violations = 21.
Viol/Layer      metal2
Metal Spacing        1
Short               20
[INFO DRT-0267] cpu time = 00:00:13, elapsed time = 00:00:06, memory = 814.35 (MB), peak = 1083.66 (MB)
Total wire length = 221869 um.
Total wire length on LAYER metal1 = 0 um.
Total wire length on LAYER metal2 = 68862 um.
Total wire length on LAYER metal3 = 91690 um.
Total wire length on LAYER metal4 = 36384 um.
Total wire length on LAYER metal5 = 18071 um.
Total wire length on LAYER metal6 = 6180 um.
Total wire length on LAYER metal7 = 679 um.
Total wire length on LAYER metal8 = 0 um.
Total wire length on LAYER metal9 = 0 um.
Total wire length on LAYER metal10 = 0 um.
Total number of vias = 116194.
Up-via summary (total 116194):

-----------------
 active         0
 metal1     51351
 metal2     53632
 metal3      8678
 metal4      2115
 metal5       396
 metal6        22
 metal7         0
 metal8         0
 metal9         0
-----------------
       116194


[INFO DRT-0195] Start 5th guides tiles iteration.
    Completing 10% with 21 violations.
    elapsed time = 00:00:00, memory = 814.35 (MB).
    Completing 20% with 21 violations.
    elapsed time = 00:00:00, memory = 814.35 (MB).
    Completing 30% with 21 violations.
    elapsed time = 00:00:00, memory = 814.35 (MB).
    Completing 50% with 0 violations.
    elapsed time = 00:00:00, memory = 814.35 (MB).
    Completing 60% with 0 violations.
    elapsed time = 00:00:00, memory = 814.35 (MB).
    Completing 70% with 0 violations.
    elapsed time = 00:00:00, memory = 814.35 (MB).
    Completing 80% with 0 violations.
    elapsed time = 00:00:00, memory = 814.35 (MB).
    Completing 100% with 0 violations.
    elapsed time = 00:00:00, memory = 814.35 (MB).
[INFO DRT-0199]   Number of violations = 0.
[INFO DRT-0267] cpu time = 00:00:00, elapsed time = 00:00:00, memory = 1083.36 (MB), peak = 1083.66 (MB)
Total wire length = 221874 um.
Total wire length on LAYER metal1 = 0 um.
Total wire length on LAYER metal2 = 68838 um.
Total wire length on LAYER metal3 = 91706 um.
Total wire length on LAYER metal4 = 36399 um.
Total wire length on LAYER metal5 = 18069 um.
Total wire length on LAYER metal6 = 6180 um.
Total wire length on LAYER metal7 = 679 um.
Total wire length on LAYER metal8 = 0 um.
Total wire length on LAYER metal9 = 0 um.
Total wire length on LAYER metal10 = 0 um.
Total number of vias = 116232.
Up-via summary (total 116232):

-----------------
 active         0
 metal1     51350
 metal2     53656
 metal3      8693
 metal4      2115
 metal5       396
 metal6        22
 metal7         0
 metal8         0
 metal9         0
-----------------
       116232


[INFO DRT-0198] Complete detail routing.
Total wire length = 221874 um.
Total wire length on LAYER metal1 = 0 um.
Total wire length on LAYER metal2 = 68838 um.
Total wire length on LAYER metal3 = 91706 um.
Total wire length on LAYER metal4 = 36399 um.
Total wire length on LAYER metal5 = 18069 um.
Total wire length on LAYER metal6 = 6180 um.
Total wire length on LAYER metal7 = 679 um.
Total wire length on LAYER metal8 = 0 um.
Total wire length on LAYER metal9 = 0 um.
Total wire length on LAYER metal10 = 0 um.
Total number of vias = 116232.
Up-via summary (total 116232):

-----------------
 active         0
 metal1     51350
 metal2     53656
 metal3      8693
 metal4      2115
 metal5       396
 metal6        22
 metal7         0
 metal8         0
 metal9         0
-----------------
       116232


[INFO DRT-0267] cpu time = 00:12:13, elapsed time = 00:03:32, memory = 1083.36 (MB), peak = 1083.66 (MB)

[INFO DRT-0180] Post processing.
[INFO DRT-0501] Runtime: 228.58s
Took 229 seconds: detailed_route -output_drc /work/flow/reports/nangate45/aes/base/5_route_drc.rpt -output_maze /work/flow/results/nangate45/aes/base/maze.log -droute_end_iter 64 -verbose 1 -drc_report_iter_step 5
[WARNING GRT-0246] No diode with LEF class CORE ANTENNACELL found.
[INFO ANT-0002] Found 0 net violations.
[INFO ANT-0001] Found 0 pin violations.
[INFO ANT-0002] Found 0 net violations.
[INFO ANT-0001] Found 0 pin violations.
Design area 18880 um^2 36% utilization.
write_db /work/flow/results/nangate45/aes/base/5_2_route.odb
Elapsed time: 3:52.24[h:]min:sec. CPU time: user 794.31 sys 2.51 (343%). Peak memory: 1150784KB.
Log                       Ext     Elapsed/s Peak Memory/MB sha1sum result [0:20)
5_2_route                 .odb          232           1123 25bd73a1b66875cda681
