OpenROAD unknown 
Features included (+) or not (-): -GPU +GUI -Python
This program is licensed under the BSD-3 license. See the LICENSE file for details.
Components of this program may be licensed under more restrictive licenses which must be honored.
[INFO ORD-0030] Using 4 thread(s).
read_liberty /OpenROAD-flow-scripts/flow/platforms/nangate45/lib/NangateOpenCellLibrary_typical.lib
read_db -hier /work/flow/results/nangate45/aes/base/6_1_fill.odb
[WARNING ORD-0012] Hierarchical flow (-hier) is currently in development and may cause multiple issues. Do not use in production environments.
read_sdc /work/flow/results/nangate45/aes/base/6_1_fill.sdc
source /OpenROAD-flow-scripts/flow/platforms/nangate45/setRC.tcl
[WARNING STA-0450] virtual clock vclk_clk can not be propagated.
write_db /work/flow/results/nangate45/aes/base/6_final.odb
write_sdc -no_timestamp /work/flow/results/nangate45/aes/base/6_final.sdc
Deleted 0 routing obstructions
Global output passed lec test
[INFO RCX-0431] Defined process_corner X with ext_model_index 0
[INFO RCX-0029] Defined extraction corner X
[INFO RCX-0435] Reading extraction model file /OpenROAD-flow-scripts/flow/platforms/nangate45/rcx_patterns.rules ...
[INFO RCX-0436] RC segment generation aes_cipher_top (max_merge_res 50.0) ...
[INFO RCX-0040] Final 63509 rc segments
[INFO RCX-0439] Coupling Cap extraction aes_cipher_top ...
[INFO RCX-0440] Coupling threshhold is 0.1000 fF, coupling capacitance less than 0.1000 fF will be grounded.
[INFO RCX-0442] 46% of 115858 wires extracted
[INFO RCX-0442] 100% of 115858 wires extracted
[INFO RCX-0045] Extract 15201 nets, 78153 rsegs, 78153 caps, 191168 ccs
[INFO RCX-0443] 15201 nets finished
[INFO PSM-0040] All shapes on net VDD are connected.
########## IR report #################
Net              : VDD
Corner           : default
Total power      : 4.35e-01 W
Supply voltage   : 1.10e+00 V
Worstcase voltage: 9.84e-01 V
Average voltage  : 1.05e+00 V
Average IR drop  : 5.44e-02 V
Worstcase IR drop: 1.16e-01 V
Percentage drop  : 10.59 %
######################################
[INFO PSM-0040] All shapes on net VSS are connected.
########## IR report #################
Net              : VSS
Corner           : default
Total power      : 4.35e-01 W
Supply voltage   : 0.00e+00 V
Worstcase voltage: 9.58e-02 V
Average voltage  : 4.89e-02 V
Average IR drop  : 4.89e-02 V
Worstcase IR drop: 9.58e-02 V
Percentage drop  : 8.71 %
######################################
Cell type report:                       Count       Area
  Fill cell                             17132   33904.63
  Tap cell                                411     109.33
  Clock buffer                            125     155.08
  Timing Repair Buffer                   2867    2895.14
  Inverter                                106      88.58
  Clock inverter                           63      50.01
  Sequential cell                         562    2541.90
  Multi-Input combinational cell        10738   13040.38
  Total                                 32004   52785.04
Report metrics stage 6, finish...

==========================================================================
finish report_design_area
--------------------------------------------------------------------------
Design area 18880 um^2 36% utilization.
[WARNING GUI-0010] File path does not end with a valid extension, new path is: /work/flow/reports/nangate45/aes/base/final_all.webp.png
[WARNING GUI-0010] File path does not end with a valid extension, new path is: /work/flow/reports/nangate45/aes/base/final_routing.webp.png
[WARNING GUI-0010] File path does not end with a valid extension, new path is: /work/flow/reports/nangate45/aes/base/final_placement.webp.png
[WARNING GUI-0010] File path does not end with a valid extension, new path is: /work/flow/reports/nangate45/aes/base/final_ir_drop.webp.png
[WARNING GUI-0010] File path does not end with a valid extension, new path is: /work/flow/reports/nangate45/aes/base/final_clocks.webp.png
[WARNING GUI-0010] File path does not end with a valid extension, new path is: /work/flow/reports/nangate45/aes/base/cts_default_clk.webp.png
[WARNING GUI-0010] File path does not end with a valid extension, new path is: /work/flow/reports/nangate45/aes/base/cts_default_clk_layout.webp.png
[WARNING GUI-0010] File path does not end with a valid extension, new path is: /work/flow/reports/nangate45/aes/base/final_resizer.webp.png
[WARNING GUI-0010] File path does not end with a valid extension, new path is: /work/flow/reports/nangate45/aes/base/final_congestion.webp.png
[WARNING GUI-0010] File path does not end with a valid extension, new path is: /work/flow/reports/nangate45/aes/base/final_worst_path.webp.png
Elapsed time: 0:22.19[h:]min:sec. CPU time: user 24.15 sys 0.94 (113%). Peak memory: 430304KB.
Log                       Ext     Elapsed/s Peak Memory/MB sha1sum result [0:20)
6_report                                 22            420                  N/A
