
 /----------------------------------------------------------------------------\
 |  yosys -- Yosys Open SYnthesis Suite                                       |
 |  Copyright (C) 2012 - 2026  Claire Xenia Wolf <claire@yosyshq.com>         |
 |  Distributed under an ISC-like license, type "license" to see terms        |
 \----------------------------------------------------------------------------/
 Yosys 0.68+post (git sha1 UNKNOWN, Release, GNU /usr/local/bin/wrapped-cc/g++ 11.4.0)

-- Running command `read_liberty -ignore_miss_func /OpenROAD-flow-scripts/flow/platforms/nangate45/lib/NangateOpenCellLibrary_typical.lib; write_verilog -noattr /work/inputs/workload/nangate45_sim.v' --

1. Executing Liberty frontend: /OpenROAD-flow-scripts/flow/platforms/nangate45/lib/NangateOpenCellLibrary_typical.lib
Ignoring cell CLKGATETST_X1 with missing function on output IQ.
Ignoring cell CLKGATETST_X2 with missing function on output IQ.
Ignoring cell CLKGATETST_X4 with missing function on output IQ.
Ignoring cell CLKGATETST_X8 with missing function on output IQ.
Ignoring cell CLKGATE_X1 with missing function on output IQ.
Ignoring cell CLKGATE_X2 with missing function on output IQ.
Ignoring cell CLKGATE_X4 with missing function on output IQ.
Ignoring cell CLKGATE_X8 with missing function on output IQ.
Imported 127 cell types from liberty file.
<suppressed ~8 debug messages>

2. Executing Verilog backend.

2.1. Executing BMUXMAP pass.

2.2. Executing DEMUXMAP pass.
Dumping module `\AND2_X1'.
Dumping module `\AND2_X2'.
Dumping module `\AND2_X4'.
Dumping module `\AND3_X1'.
Dumping module `\AND3_X2'.
Dumping module `\AND3_X4'.
Dumping module `\AND4_X1'.
Dumping module `\AND4_X2'.
Dumping module `\AND4_X4'.
Dumping module `\ANTENNA_X1'.
Dumping module `\AOI211_X1'.
Dumping module `\AOI211_X2'.
Dumping module `\AOI211_X4'.
Dumping module `\AOI21_X1'.
Dumping module `\AOI21_X2'.
Dumping module `\AOI21_X4'.
Dumping module `\AOI221_X1'.
Dumping module `\AOI221_X2'.
Dumping module `\AOI221_X4'.
Dumping module `\AOI222_X1'.
Dumping module `\AOI222_X2'.
Dumping module `\AOI222_X4'.
Dumping module `\AOI22_X1'.
Dumping module `\AOI22_X2'.
Dumping module `\AOI22_X4'.
Dumping module `\BUF_X1'.
Dumping module `\BUF_X16'.
Dumping module `\BUF_X2'.
Dumping module `\BUF_X32'.
Dumping module `\BUF_X4'.
Dumping module `\BUF_X8'.
Dumping module `\CLKBUF_X1'.
Dumping module `\CLKBUF_X2'.
Dumping module `\CLKBUF_X3'.
Dumping module `\DFFRS_X1'.
Dumping module `\DFFRS_X2'.
Dumping module `\DFFR_X1'.
Dumping module `\DFFR_X2'.
Dumping module `\DFFS_X1'.
Dumping module `\DFFS_X2'.
Dumping module `\DFF_X1'.
Dumping module `\DFF_X2'.
Dumping module `\DLH_X1'.
Dumping module `\DLH_X2'.
Dumping module `\DLL_X1'.
Dumping module `\DLL_X2'.
Dumping module `\FA_X1'.
Dumping module `\FILLCELL_X1'.
Dumping module `\FILLCELL_X16'.
Dumping module `\FILLCELL_X2'.
Dumping module `\FILLCELL_X32'.
Dumping module `\FILLCELL_X4'.
Dumping module `\FILLCELL_X8'.
Dumping module `\HA_X1'.
Dumping module `\INV_X1'.
Dumping module `\INV_X16'.
Dumping module `\INV_X2'.
Dumping module `\INV_X32'.
Dumping module `\INV_X4'.
Dumping module `\INV_X8'.
Dumping module `\LOGIC0_X1'.
Dumping module `\LOGIC1_X1'.
Dumping module `\MUX2_X1'.
Dumping module `\MUX2_X2'.
Dumping module `\NAND2_X1'.
Dumping module `\NAND2_X2'.
Dumping module `\NAND2_X4'.
Dumping module `\NAND3_X1'.
Dumping module `\NAND3_X2'.
Dumping module `\NAND3_X4'.
Dumping module `\NAND4_X1'.
Dumping module `\NAND4_X2'.
Dumping module `\NAND4_X4'.
Dumping module `\NOR2_X1'.
Dumping module `\NOR2_X2'.
Dumping module `\NOR2_X4'.
Dumping module `\NOR3_X1'.
Dumping module `\NOR3_X2'.
Dumping module `\NOR3_X4'.
Dumping module `\NOR4_X1'.
Dumping module `\NOR4_X2'.
Dumping module `\NOR4_X4'.
Dumping module `\OAI211_X1'.
Dumping module `\OAI211_X2'.
Dumping module `\OAI211_X4'.
Dumping module `\OAI21_X1'.
Dumping module `\OAI21_X2'.
Dumping module `\OAI21_X4'.
Dumping module `\OAI221_X1'.
Dumping module `\OAI221_X2'.
Dumping module `\OAI221_X4'.
Dumping module `\OAI222_X1'.
Dumping module `\OAI222_X2'.
Dumping module `\OAI222_X4'.
Dumping module `\OAI22_X1'.
Dumping module `\OAI22_X2'.
Dumping module `\OAI22_X4'.
Dumping module `\OAI33_X1'.
Dumping module `\OR2_X1'.
Dumping module `\OR2_X2'.
Dumping module `\OR2_X4'.
Dumping module `\OR3_X1'.
Dumping module `\OR3_X2'.
Dumping module `\OR3_X4'.
Dumping module `\OR4_X1'.
Dumping module `\OR4_X2'.
Dumping module `\OR4_X4'.
Dumping module `\SDFFRS_X1'.
Dumping module `\SDFFRS_X2'.
Dumping module `\SDFFR_X1'.
Dumping module `\SDFFR_X2'.
Dumping module `\SDFFS_X1'.
Dumping module `\SDFFS_X2'.
Dumping module `\SDFF_X1'.
Dumping module `\SDFF_X2'.
Dumping module `\TAPCELL_X1'.
Dumping module `\TBUF_X1'.
Dumping module `\TBUF_X16'.
Dumping module `\TBUF_X2'.
Dumping module `\TBUF_X4'.
Dumping module `\TBUF_X8'.
Dumping module `\TINV_X1'.
Dumping module `\TLAT_X1'.
Dumping module `\XNOR2_X1'.
Dumping module `\XNOR2_X2'.
Dumping module `\XOR2_X1'.
Dumping module `\XOR2_X2'.

End of script. Logfile hash: e2f00ea978, time: 0.04s, user: 0.03s, system: 0.01s, MEM: 39.62 MB peak
Yosys 0.68+post (git sha1 UNKNOWN, Release, GNU /usr/local/bin/wrapped-cc/g++ 11.4.0)
Time spent: 88% 2x read_liberty (0 sec), 10% 2x write_verilog (0 sec), ...
