Startpoint: ld (input port clocked by vclk_clk)
Endpoint: u0.u0.d[1]$_DFF_P_ (rising edge-triggered flip-flop clocked by clk)
Path Group: clk
Path Type: max

  Delay    Time   Description
---------------------------------------------------------
   0.00    0.00   clock vclk_clk (rise edge)
   0.21    0.21   clock network delay (ideal)
   0.40    0.61 v input external delay
   0.00    0.61 v ld (in)
   0.04    0.65 v input129/Z (BUF_X1)
   0.11    0.76 ^ _14257_/ZN (INV_X2)
   0.09    0.85 ^ place1559/Z (BUF_X4)
   0.17    1.02 ^ _21097_/Z (MUX2_X1)
   0.08    1.11 v _21094_/ZN (INV_X2)
   0.09    1.20 v place1165/Z (BUF_X1)
   0.12    1.32 ^ _16977_/ZN (NOR2_X1)
   0.02    1.34 v _17007_/ZN (AOI21_X1)
   0.06    1.40 v _17008_/Z (MUX2_X1)
   0.03    1.43 ^ _17009_/ZN (AOI21_X1)
   0.01    1.44 v _17010_/ZN (AOI21_X1)
   0.06    1.51 v _17012_/Z (MUX2_X1)
   0.06    1.57 v _17013_/Z (MUX2_X1)
   0.00    1.57 v u0.u0.d[1]$_DFF_P_/D (DFF_X1)
           1.57   data arrival time

   2.00    2.00   clock clk (rise edge)
   0.20    2.20   clock network delay (propagated)
   0.00    2.20   clock reconvergence pessimism
           2.20 ^ u0.u0.d[1]$_DFF_P_/CK (DFF_X1)
  -0.04    2.16   library setup time
           2.16   data required time
---------------------------------------------------------
           2.16   data required time
          -1.57   data arrival time
---------------------------------------------------------
           0.59   slack (MET)


Startpoint: ld (input port clocked by vclk_clk)
Endpoint: u0.u0.d[6]$_DFF_P_ (rising edge-triggered flip-flop clocked by clk)
Path Group: clk
Path Type: max

  Delay    Time   Description
---------------------------------------------------------
   0.00    0.00   clock vclk_clk (rise edge)
   0.21    0.21   clock network delay (ideal)
   0.40    0.61 v input external delay
   0.00    0.61 v ld (in)
   0.04    0.65 v input129/Z (BUF_X1)
   0.11    0.76 ^ _14257_/ZN (INV_X2)
   0.09    0.85 ^ place1559/Z (BUF_X4)
   0.13    0.98 v _21097_/Z (MUX2_X1)
   0.11    1.10 ^ _21094_/ZN (INV_X2)
   0.11    1.21 ^ place1165/Z (BUF_X1)
   0.05    1.26 v _16977_/ZN (NOR2_X1)
   0.09    1.35 ^ _17245_/ZN (AOI221_X1)
   0.02    1.37 v _17246_/ZN (AOI21_X1)
   0.12    1.49 v _17247_/ZN (OR4_X1)
   0.02    1.52 ^ _17261_/ZN (OAI21_X1)
   0.02    1.53 v _17290_/ZN (AOI22_X1)
   0.00    1.53 v u0.u0.d[6]$_DFF_P_/D (DFF_X1)
           1.53   data arrival time

   2.00    2.00   clock clk (rise edge)
   0.19    2.19   clock network delay (propagated)
   0.00    2.19   clock reconvergence pessimism
           2.19 ^ u0.u0.d[6]$_DFF_P_/CK (DFF_X1)
  -0.05    2.14   library setup time
           2.14   data required time
---------------------------------------------------------
           2.14   data required time
          -1.53   data arrival time
---------------------------------------------------------
           0.61   slack (MET)


Startpoint: ld (input port clocked by vclk_clk)
Endpoint: u0.u2.d[4]$_DFF_P_ (rising edge-triggered flip-flop clocked by clk)
Path Group: clk
Path Type: max

  Delay    Time   Description
---------------------------------------------------------
   0.00    0.00   clock vclk_clk (rise edge)
   0.21    0.21   clock network delay (ideal)
   0.40    0.61 v input external delay
   0.00    0.61 v ld (in)
   0.04    0.65 v input129/Z (BUF_X1)
   0.11    0.76 ^ _14257_/ZN (INV_X2)
   0.09    0.85 ^ place1559/Z (BUF_X4)
   0.18    1.03 ^ _20778_/Z (MUX2_X1)
   0.08    1.11 v _20774_/ZN (INV_X1)
   0.07    1.18 v place1275/Z (BUF_X2)
   0.14    1.33 ^ _22530_/ZN (NOR2_X1)
   0.02    1.35 v _17553_/ZN (AOI21_X1)
   0.04    1.39 ^ _17555_/ZN (OAI22_X1)
   0.02    1.40 v _17556_/ZN (AOI21_X1)
   0.04    1.44 ^ _17563_/ZN (OAI22_X1)
   0.02    1.46 v _17564_/ZN (NOR3_X1)
   0.04    1.50 ^ _17579_/ZN (AOI21_X1)
   0.02    1.52 v _17581_/ZN (OAI22_X1)
   0.00    1.52 v u0.u2.d[4]$_DFF_P_/D (DFF_X1)
           1.52   data arrival time

   2.00    2.00   clock clk (rise edge)
   0.18    2.18   clock network delay (propagated)
   0.00    2.18   clock reconvergence pessimism
           2.18 ^ u0.u2.d[4]$_DFF_P_/CK (DFF_X1)
  -0.04    2.14   library setup time
           2.14   data required time
---------------------------------------------------------
           2.14   data required time
          -1.52   data arrival time
---------------------------------------------------------
           0.62   slack (MET)


Startpoint: text_out[103]$_DFF_P_
            (rising edge-triggered flip-flop clocked by clk)
Endpoint: text_out[103] (output port clocked by vclk_clk)
Path Group: vclk_clk
Path Type: max

  Delay    Time   Description
---------------------------------------------------------
   0.00    0.00   clock clk (rise edge)
   0.20    0.20   clock network delay (propagated)
   0.00    0.20 ^ text_out[103]$_DFF_P_/CK (DFF_X1)
   0.10    0.30 ^ text_out[103]$_DFF_P_/Q (DFF_X1)
   0.02    0.32 ^ output264/Z (BUF_X1)
   0.00    0.32 ^ text_out[103] (out)
           0.32   data arrival time

   2.00    2.00   clock vclk_clk (rise edge)
   0.21    2.21   clock network delay (ideal)
   0.00    2.21   clock reconvergence pessimism
  -0.40    1.81   output external delay
           1.81   data required time
---------------------------------------------------------
           1.81   data required time
          -0.32   data arrival time
---------------------------------------------------------
           1.49   slack (MET)


Startpoint: text_out[74]$_DFF_P_
            (rising edge-triggered flip-flop clocked by clk)
Endpoint: text_out[74] (output port clocked by vclk_clk)
Path Group: vclk_clk
Path Type: max

  Delay    Time   Description
---------------------------------------------------------
   0.00    0.00   clock clk (rise edge)
   0.20    0.20   clock network delay (propagated)
   0.00    0.20 ^ text_out[74]$_DFF_P_/CK (DFF_X1)
   0.09    0.29 ^ text_out[74]$_DFF_P_/Q (DFF_X1)
   0.03    0.32 ^ output359/Z (BUF_X1)
   0.00    0.32 ^ text_out[74] (out)
           0.32   data arrival time

   2.00    2.00   clock vclk_clk (rise edge)
   0.21    2.21   clock network delay (ideal)
   0.00    2.21   clock reconvergence pessimism
  -0.40    1.81   output external delay
           1.81   data required time
---------------------------------------------------------
           1.81   data required time
          -0.32   data arrival time
---------------------------------------------------------
           1.49   slack (MET)


Startpoint: text_out[100]$_DFF_P_
            (rising edge-triggered flip-flop clocked by clk)
Endpoint: text_out[100] (output port clocked by vclk_clk)
Path Group: vclk_clk
Path Type: max

  Delay    Time   Description
---------------------------------------------------------
   0.00    0.00   clock clk (rise edge)
   0.20    0.20   clock network delay (propagated)
   0.00    0.20 ^ text_out[100]$_DFF_P_/CK (DFF_X1)
   0.09    0.30 ^ text_out[100]$_DFF_P_/Q (DFF_X1)
   0.02    0.32 ^ output261/Z (BUF_X1)
   0.00    0.32 ^ text_out[100] (out)
           0.32   data arrival time

   2.00    2.00   clock vclk_clk (rise edge)
   0.21    2.21   clock network delay (ideal)
   0.00    2.21   clock reconvergence pessimism
  -0.40    1.81   output external delay
           1.81   data required time
---------------------------------------------------------
           1.81   data required time
          -0.32   data arrival time
---------------------------------------------------------
           1.49   slack (MET)


