Startpoint: sa30_sr[7]$_DFF_P_ (rising edge-triggered flip-flop clocked by clk)
Endpoint: sa31_sr[7]$_DFF_P_ (rising edge-triggered flip-flop clocked by clk)
Path Group: clk
Path Type: max

  Delay    Time   Description
---------------------------------------------------------
   0.00    0.00   clock clk (rise edge)
   0.19    0.19   clock network delay (propagated)
   0.00    0.19 ^ sa30_sr[7]$_DFF_P_/CK (DFF_X1)
   0.12    0.31 ^ sa30_sr[7]$_DFF_P_/Q (DFF_X1)
   0.07    0.37 ^ _12242_/ZN (XNOR2_X1)
   0.02    0.40 v _12244_/ZN (XNOR2_X1)
   0.12    0.52 ^ _12245_/ZN (XNOR2_X1)
   0.08    0.60 ^ _12246_/Z (MUX2_X1)
   0.10    0.70 ^ _12248_/Z (XOR2_X2)
   0.07    0.77 ^ place7913/Z (BUF_X1)
   0.04    0.81 v _12362_/ZN (NAND3_X1)
   0.03    0.83 ^ _12371_/ZN (NAND3_X1)
   0.02    0.86 v _12372_/ZN (AOI22_X1)
   0.04    0.90 ^ _12373_/ZN (OAI22_X1)
   0.02    0.92 v _12374_/ZN (AOI21_X1)
   0.05    0.97 ^ _12393_/ZN (OAI22_X1)
   0.04    1.01 v _12394_/ZN (OAI22_X1)
   0.00    1.01 v sa31_sr[7]$_DFF_P_/D (DFF_X1)
           1.01   data arrival time

   0.82    0.82   clock clk (rise edge)
   0.19    1.01   clock network delay (propagated)
   0.00    1.01   clock reconvergence pessimism
           1.01 ^ sa31_sr[7]$_DFF_P_/CK (DFF_X1)
  -0.04    0.97   library setup time
           0.97   data required time
---------------------------------------------------------
           0.97   data required time
          -1.01   data arrival time
---------------------------------------------------------
          -0.04   slack (VIOLATED)


Startpoint: sa30_sr[7]$_DFF_P_ (rising edge-triggered flip-flop clocked by clk)
Endpoint: sa31_sr[0]$_DFF_P_ (rising edge-triggered flip-flop clocked by clk)
Path Group: clk
Path Type: max

  Delay    Time   Description
---------------------------------------------------------
   0.00    0.00   clock clk (rise edge)
   0.19    0.19   clock network delay (propagated)
   0.00    0.19 ^ sa30_sr[7]$_DFF_P_/CK (DFF_X1)
   0.12    0.31 ^ sa30_sr[7]$_DFF_P_/Q (DFF_X1)
   0.07    0.37 ^ _12242_/ZN (XNOR2_X1)
   0.02    0.40 v _12244_/ZN (XNOR2_X1)
   0.12    0.52 ^ _12245_/ZN (XNOR2_X1)
   0.08    0.60 ^ _12246_/Z (MUX2_X1)
   0.10    0.70 ^ _12248_/Z (XOR2_X2)
   0.06    0.76 v _12281_/ZN (NAND2_X1)
   0.02    0.78 ^ _15676_/ZN (NAND2_X1)
   0.03    0.81 v _15677_/ZN (OAI221_X1)
   0.11    0.92 ^ _15678_/ZN (AOI222_X1)
   0.03    0.95 v _15684_/ZN (NAND3_X1)
   0.03    0.98 ^ _15707_/ZN (AOI21_X1)
   0.01    1.00 v _15708_/ZN (NOR3_X1)
   0.00    1.00 v sa31_sr[0]$_DFF_P_/D (DFF_X1)
           1.00   data arrival time

   0.82    0.82   clock clk (rise edge)
   0.19    1.01   clock network delay (propagated)
   0.00    1.01   clock reconvergence pessimism
           1.01 ^ sa31_sr[0]$_DFF_P_/CK (DFF_X1)
  -0.04    0.97   library setup time
           0.97   data required time
---------------------------------------------------------
           0.97   data required time
          -1.00   data arrival time
---------------------------------------------------------
          -0.03   slack (VIOLATED)


Startpoint: sa30_sr[7]$_DFF_P_ (rising edge-triggered flip-flop clocked by clk)
Endpoint: sa31_sr[6]$_DFF_P_ (rising edge-triggered flip-flop clocked by clk)
Path Group: clk
Path Type: max

  Delay    Time   Description
---------------------------------------------------------
   0.00    0.00   clock clk (rise edge)
   0.19    0.19   clock network delay (propagated)
   0.00    0.19 ^ sa30_sr[7]$_DFF_P_/CK (DFF_X1)
   0.12    0.31 ^ sa30_sr[7]$_DFF_P_/Q (DFF_X1)
   0.07    0.37 ^ _12242_/ZN (XNOR2_X1)
   0.02    0.40 v _12244_/ZN (XNOR2_X1)
   0.12    0.52 ^ _12245_/ZN (XNOR2_X1)
   0.08    0.60 ^ _12246_/Z (MUX2_X1)
   0.10    0.70 ^ _12248_/Z (XOR2_X2)
   0.05    0.75 ^ place7914/Z (BUF_X1)
   0.02    0.77 v _12352_/ZN (NOR2_X1)
   0.03    0.81 ^ _16004_/ZN (OAI21_X1)
   0.02    0.82 v _16005_/ZN (NAND2_X1)
   0.09    0.91 ^ _16008_/ZN (AOI221_X1)
   0.01    0.93 v _16015_/ZN (NOR3_X1)
   0.04    0.97 ^ _16029_/ZN (AOI21_X1)
   0.04    1.01 ^ _16050_/Z (MUX2_X1)
   0.00    1.01 ^ sa31_sr[6]$_DFF_P_/D (DFF_X1)
           1.01   data arrival time

   0.82    0.82   clock clk (rise edge)
   0.19    1.01   clock network delay (propagated)
   0.00    1.01   clock reconvergence pessimism
           1.01 ^ sa31_sr[6]$_DFF_P_/CK (DFF_X1)
  -0.03    0.98   library setup time
           0.98   data required time
---------------------------------------------------------
           0.98   data required time
          -1.01   data arrival time
---------------------------------------------------------
          -0.03   slack (VIOLATED)


Startpoint: text_out[106]$_DFF_P_
            (rising edge-triggered flip-flop clocked by clk)
Endpoint: text_out[106] (output port clocked by vclk_clk)
Path Group: vclk_clk
Path Type: max

  Delay    Time   Description
---------------------------------------------------------
   0.00    0.00   clock clk (rise edge)
   0.19    0.19   clock network delay (propagated)
   0.00    0.19 ^ text_out[106]$_DFF_P_/CK (DFF_X1)
   0.11    0.30 ^ text_out[106]$_DFF_P_/Q (DFF_X1)
   0.03    0.32 ^ output267/Z (BUF_X1)
   0.00    0.32 ^ text_out[106] (out)
           0.32   data arrival time

   0.82    0.82   clock vclk_clk (rise edge)
   0.21    1.03   clock network delay (ideal)
   0.00    1.03   clock reconvergence pessimism
  -0.16    0.87   output external delay
           0.87   data required time
---------------------------------------------------------
           0.87   data required time
          -0.32   data arrival time
---------------------------------------------------------
           0.54   slack (MET)


Startpoint: text_out[14]$_DFF_P_
            (rising edge-triggered flip-flop clocked by clk)
Endpoint: text_out[14] (output port clocked by vclk_clk)
Path Group: vclk_clk
Path Type: max

  Delay    Time   Description
---------------------------------------------------------
   0.00    0.00   clock clk (rise edge)
   0.20    0.20   clock network delay (propagated)
   0.00    0.20 ^ text_out[14]$_DFF_P_/CK (DFF_X1)
   0.10    0.30 ^ text_out[14]$_DFF_P_/Q (DFF_X1)
   0.02    0.32 ^ output293/Z (BUF_X1)
   0.00    0.32 ^ text_out[14] (out)
           0.32   data arrival time

   0.82    0.82   clock vclk_clk (rise edge)
   0.21    1.03   clock network delay (ideal)
   0.00    1.03   clock reconvergence pessimism
  -0.16    0.87   output external delay
           0.87   data required time
---------------------------------------------------------
           0.87   data required time
          -0.32   data arrival time
---------------------------------------------------------
           0.54   slack (MET)


Startpoint: text_out[80]$_DFF_P_
            (rising edge-triggered flip-flop clocked by clk)
Endpoint: text_out[80] (output port clocked by vclk_clk)
Path Group: vclk_clk
Path Type: max

  Delay    Time   Description
---------------------------------------------------------
   0.00    0.00   clock clk (rise edge)
   0.19    0.19   clock network delay (propagated)
   0.00    0.19 ^ text_out[80]$_DFF_P_/CK (DFF_X1)
   0.10    0.29 ^ text_out[80]$_DFF_P_/Q (DFF_X1)
   0.03    0.32 ^ output366/Z (BUF_X1)
   0.00    0.32 ^ text_out[80] (out)
           0.32   data arrival time

   0.82    0.82   clock vclk_clk (rise edge)
   0.21    1.03   clock network delay (ideal)
   0.00    1.03   clock reconvergence pessimism
  -0.16    0.87   output external delay
           0.87   data required time
---------------------------------------------------------
           0.87   data required time
          -0.32   data arrival time
---------------------------------------------------------
           0.55   slack (MET)


