OpenROAD unknown 
Features included (+) or not (-): -GPU +GUI -Python
This program is licensed under the BSD-3 license. See the LICENSE file for details.
Components of this program may be licensed under more restrictive licenses which must be honored.
[INFO ORD-0030] Using 4 thread(s).
read_liberty /OpenROAD-flow-scripts/flow/platforms/nangate45/lib/NangateOpenCellLibrary_typical.lib
read_db -hier /work/flow/results/nangate45/aes/base/3_2_place_iop.odb
[WARNING ORD-0012] Hierarchical flow (-hier) is currently in development and may cause multiple issues. Do not use in production environments.
read_sdc /work/flow/results/nangate45/aes/base/2_floorplan.sdc
source /OpenROAD-flow-scripts/flow/platforms/nangate45/setRC.tcl
[INFO RSZ-0026] Removed 0 buffers.
Perform port buffering...
[INFO RSZ-0027] Inserted 258 BUF_X1 input buffers.
[INFO RSZ-0028] Inserted 129 BUF_X1 output buffers.
[INFO GPL-0022] Initialize gpl and calculate uniform density.
Placement density is 0.48200000286102296, computed from PLACE_DENSITY_LB_ADDON  0.20 and lower bound 0.3400000035762787
global_placement -density 0.48200000286102296 -pad_left 0 -pad_right 0 -routability_driven -timing_driven -force_center_initial_place -min_phi_coef 0.95 -max_phi_coef 1.05
[INFO GPL-0001] ---- Initialize GPL Main Data Structures
[INFO GPL-0002] DBU: 2000
[INFO GPL-0003] SiteSize: (  0.190  1.400 ) um
[INFO GPL-0004] CoreBBox: ( 10.070 11.200 ) ( 239.970 240.800 ) um
[INFO GPL-0016] Core area:                   52785.040 um^2
[INFO GPL-0036] Movable instances area:      15660.484 um^2
[INFO GPL-0037] Total instances area:        15769.810 um^2
[INFO GPL-0035] Pin density area adjust:      2172.069 um^2
[INFO GPL-0032] ---- Initialize Region: Top-level
[INFO GPL-0006] Number of instances:             12204
[INFO GPL-0007] Movable instances:               11793
[INFO GPL-0008] Fixed instances:                   411
[INFO GPL-0009] Dummy instances:                     0
[INFO GPL-0010] Number of nets:                  12618
[INFO GPL-0011] Number of pins:                  46487
[INFO GPL-0012] Die BBox:       (  0.000  0.000 ) ( 249.850 250.600 ) um
[INFO GPL-0013] Placement BBox: ( 10.070 11.200 ) ( 239.970 240.800 ) um
[INFO GPL-0014] Region name: top-level.
[INFO GPL-0015] Region area:                 52785.040 um^2
[INFO GPL-0017] Fixed instances area:          109.326 um^2
[INFO GPL-0018] Movable instances area:      17832.553 um^2
[INFO GPL-0019] Utilization:                    33.853 %
[INFO GPL-0020] Standard cells area:         17832.553 um^2
[INFO GPL-0021] Large instances area:            0.000 um^2
[INFO GPL-0005] ---- Execute Conjugate Gradient Initial Placement.
[INFO GPL-0051] Source of initial instance position counters:
	Odb location = 0	Core center = 11793	Region center = 0
[InitialPlace]  Iter: 1 conjugate gradient residual: 0.00019072 HPWL: 276172090
[InitialPlace]  Iter: 2 conjugate gradient residual: 0.00001593 HPWL: 181418693
[InitialPlace]  Iter: 3 conjugate gradient residual: 0.00003102 HPWL: 179980877
[InitialPlace]  Iter: 4 conjugate gradient residual: 0.00004859 HPWL: 179909787
[InitialPlace]  Iter: 5 conjugate gradient residual: 0.00002664 HPWL: 179484692
[InitialPlace]  Iter: 6 conjugate gradient residual: 0.00003898 HPWL: 179415353
[InitialPlace]  Iter: 7 conjugate gradient residual: 0.00001725 HPWL: 179067767
[InitialPlace]  Iter: 8 conjugate gradient residual: 0.00001848 HPWL: 178965327
[InitialPlace]  Iter: 9 conjugate gradient residual: 0.00001936 HPWL: 178661066
[InitialPlace]  Iter: 10 conjugate gradient residual: 0.00003149 HPWL: 178630546
[InitialPlace]  Iter: 11 conjugate gradient residual: 0.00001480 HPWL: 178284538
[InitialPlace]  Iter: 12 conjugate gradient residual: 0.00001943 HPWL: 178318141
[InitialPlace]  Iter: 13 conjugate gradient residual: 0.00001396 HPWL: 178065105
[InitialPlace]  Iter: 14 conjugate gradient residual: 0.00001304 HPWL: 178109791
[InitialPlace]  Iter: 15 conjugate gradient residual: 0.00001021 HPWL: 177910130
[InitialPlace]  Iter: 16 conjugate gradient residual: 0.00001092 HPWL: 178015926
[InitialPlace]  Iter: 17 conjugate gradient residual: 0.00000859 HPWL: 177833997
[INFO GPL-0033] ---- Initialize Nesterov Region: Top-level
[INFO GPL-0023] Placement target density:       0.4820
[INFO GPL-0024] Movable insts average area:      1.512 um^2
[INFO GPL-0025] Ideal bin area:                  3.137 um^2
[INFO GPL-0026] Ideal bin count:                 16825
[INFO GPL-0027] Total bin area:              52785.040 um^2
[INFO GPL-0028] Bin count (X, Y):         128 ,    128
[INFO GPL-0029] Bin size (W * H):       1.796 *  1.794 um
[INFO GPL-0030] Number of bins:                  16384
[INFO GPL-0084] ---- Execute Nesterov Global Placement.
[INFO GPL-0031] HPWL: Half-Perimeter Wirelength
Iteration | Overflow |     HPWL (um) |  HPWL(%) |   Penalty | Group
---------------------------------------------------------------
        0 |   0.9529 |  6.112089e+04 |   +0.00% |  5.60e-15 |      
       10 |   0.8136 |  7.663220e+04 |  +25.38% |  9.09e-15 |      
       20 |   0.7921 |  8.126624e+04 |   +6.05% |  1.48e-14 |      
       30 |   0.7967 |  7.953803e+04 |   -2.13% |  2.41e-14 |      
       40 |   0.7984 |  7.848899e+04 |   -1.32% |  3.92e-14 |      
       50 |   0.7961 |  7.845806e+04 |   -0.04% |  6.39e-14 |      
       60 |   0.7976 |  7.812114e+04 |   -0.43% |  1.04e-13 |      
       70 |   0.7982 |  7.772080e+04 |   -0.51% |  1.70e-13 |      
       80 |   0.7967 |  7.755402e+04 |   -0.21% |  2.76e-13 |      
       90 |   0.7953 |  7.753027e+04 |   -0.03% |  4.50e-13 |      
      100 |   0.7937 |  7.751389e+04 |   -0.02% |  7.33e-13 |      
      110 |   0.7922 |  7.751473e+04 |   +0.00% |  1.19e-12 |      
      120 |   0.7907 |  7.755335e+04 |   +0.05% |  1.94e-12 |      
      130 |   0.7902 |  7.763572e+04 |   +0.11% |  3.17e-12 |      
      140 |   0.7903 |  7.775093e+04 |   +0.15% |  5.16e-12 |      
      150 |   0.7900 |  7.791718e+04 |   +0.21% |  8.40e-12 |      
      160 |   0.7897 |  7.822769e+04 |   +0.40% |  1.37e-11 |      
      170 |   0.7878 |  7.881056e+04 |   +0.75% |  2.23e-11 |      
      180 |   0.7848 |  7.992694e+04 |   +1.42% |  3.63e-11 |      
      190 |   0.7802 |  8.137130e+04 |   +1.81% |  5.91e-11 |      
      200 |   0.7739 |  8.349729e+04 |   +2.61% |  9.62e-11 |      
      210 |   0.7618 |  8.676501e+04 |   +3.91% |  1.57e-10 |      
      220 |   0.7484 |  9.160390e+04 |   +5.58% |  2.55e-10 |      
      230 |   0.7325 |  9.592820e+04 |   +4.72% |  4.15e-10 |      
      240 |   0.7181 |  9.965113e+04 |   +3.88% |  6.75e-10 |      
      250 |   0.6976 |  1.031608e+05 |   +3.52% |  1.10e-09 |      
      260 |   0.6725 |  1.064802e+05 |   +3.22% |  1.79e-09 |      
      270 |   0.6427 |  1.101260e+05 |   +3.42% |  2.91e-09 |      
[INFO GPL-0100] Timing-driven iteration 1/2, virtual: false.
[INFO GPL-0101]    Iter: 274, overflow: 0.632, keep resizer changes at: 1, HPWL: 222506374
Iteration |   Area    | Resized | Buffers | Nets repaired | Remaining
---------------------------------------------------------------------
        0 |     +0.0% |       0 |       0 |             0 |     12618
    final |     +4.2% |     245 |     326 |           288 |         0
---------------------------------------------------------------------
[INFO RSZ-0034] Found 240 slew violations.
[INFO RSZ-0035] Found 82 fanout violations.
[INFO RSZ-0036] Found 208 capacitance violations.
[INFO RSZ-0039] Resized 245 instances.
[INFO RSZ-0038] Inserted 326 buffers in 288 nets.
   Iter   |    Area   | Removed | Inserted |   Pins
          |           | Buffers | Buffers  | Remaining
-------------------------------------------------------
        0 |     +0.0% |       0 |        0 |     12359
     1200 |     +0.0% |       0 |        0 |     11159
     2400 |     +0.0% |       0 |        0 |      9959
     3600 |     +0.0% |       0 |        0 |      8759
     4800 |     +0.0% |       0 |        0 |      7559
     6000 |     +0.0% |       0 |        0 |      6359
     7200 |     +0.0% |       0 |        0 |      5159
     8400 |     +0.0% |      17 |       25 |      3959
     9600 |     -0.8% |     223 |      237 |      2759
    10800 |     -1.3% |     309 |      323 |      1559
    12000 |     -1.3% |     309 |      323 |       359
    final |     -1.3% |     326 |      338 |         0
-------------------------------------------------------
[INFO GPL-0106] Timing-driven: worst slack 5.79907e-10
[INFO GPL-0107] Timing-driven: repair_design delta area: 475.576 um^2 (+2.67%)
[INFO GPL-0108] Timing-driven: repair_design, gpl delta gcells: 338 (+2.87%)
[INFO GPL-0109] Timing-driven: repair_design, gcells created: 664, deleted: 326
[INFO GPL-0110] Timing-driven: new target density: 0.4910284
Iteration | Overflow |     HPWL (um) |  HPWL(%) |   Penalty | Group
---------------------------------------------------------------
      280 |   0.6225 |  1.185822e+05 |   +7.68% |  4.73e-09 |      
[INFO GPL-0038] Routability snapshot saved at iter = 287
      286 |   0.5963 |  1.231773e+05 |          |           |      
      290 |   0.5779 |  1.256136e+05 |   +5.93% |  7.70e-09 |      
      300 |   0.5419 |  1.286915e+05 |   +2.45% |  1.25e-08 |      
      310 |   0.4895 |  1.342656e+05 |   +4.33% |  2.04e-08 |      
      320 |   0.4357 |  1.392031e+05 |   +3.68% |  3.32e-08 |      
      330 |   0.3658 |  1.450416e+05 |   +4.19% |  5.40e-08 |      
      340 |   0.3053 |  1.501599e+05 |   +3.53% |  8.27e-08 |      
[INFO GPL-0040] Routability iteration: 1
[INFO GPL-0088] Tiles the placer can act on: 3603 of 7569 (47.60%)
[INFO GPL-0041] Total routing overflow: 0.1845
[INFO GPL-0042] Number of overflowed tiles: 3 (0.08%)
[INFO GPL-0043] Average top 0.5% routing congestion: 0.9200
[INFO GPL-0044] Average top 1.0% routing congestion: 0.8640
[INFO GPL-0045] Average top 2.0% routing congestion: 0.8094
[INFO GPL-0046] Average top 5.0% routing congestion: 0.7436
[INFO GPL-0047] Routability iteration weighted routing congestion: 0.8920
[INFO GPL-0050] Weighted routing congestion is lower than target routing congestion(1.0100), end routability optimization.
[INFO GPL-0090] Routability finished. Target routing congestion achieved succesfully.
Iteration | Overflow |     HPWL (um) |  HPWL(%) |   Penalty | Group
---------------------------------------------------------------
      350 |   0.2695 |  1.529757e+05 |   +1.88% |  1.22e-07 |      
      360 |   0.2329 |  1.557174e+05 |   +1.79% |  1.79e-07 |      
      370 |   0.2032 |  1.574323e+05 |   +1.10% |  2.64e-07 |      
[INFO GPL-0100] Timing-driven iteration 2/2, virtual: false.
[INFO GPL-0101]    Iter: 375, overflow: 0.193, keep resizer changes at: 1, HPWL: 316167909
Iteration |   Area    | Resized | Buffers | Nets repaired | Remaining
---------------------------------------------------------------------
        0 |     +0.0% |       0 |       0 |             0 |     12956
    final |     +0.9% |       0 |      94 |            94 |         0
---------------------------------------------------------------------
[INFO RSZ-0036] Found 94 capacitance violations.
[INFO RSZ-0038] Inserted 94 buffers in 94 nets.
   Iter   |    Area   | Removed | Inserted |   Pins
          |           | Buffers | Buffers  | Remaining
-------------------------------------------------------
        0 |     +0.0% |       0 |        0 |     12359
     1200 |     +0.0% |       0 |        0 |     11159
     2400 |     +0.0% |       0 |        0 |      9959
     3600 |     +0.0% |       0 |        0 |      8759
     4800 |     +0.0% |       0 |        0 |      7559
     6000 |     -0.0% |       1 |        0 |      6359
     7200 |     -0.0% |       3 |        2 |      5159
     8400 |     -0.1% |      41 |       37 |      3959
     9600 |     -0.2% |     308 |      300 |      2759
    10800 |     -0.3% |     417 |      406 |      1559
    12000 |     -0.3% |     417 |      406 |       359
    final |     -0.3% |     432 |      419 |         0
-------------------------------------------------------
[INFO GPL-0106] Timing-driven: worst slack 6.178437e-10
[INFO GPL-0107] Timing-driven: repair_design delta area: 93.898 um^2 (+0.51%)
[INFO GPL-0108] Timing-driven: repair_design, gpl delta gcells: 81 (+0.67%)
[INFO GPL-0109] Timing-driven: repair_design, gcells created: 513, deleted: 432
[INFO GPL-0110] Timing-driven: new target density: 0.49281093
Iteration | Overflow |     HPWL (um) |  HPWL(%) |   Penalty | Group
---------------------------------------------------------------
      380 |   0.1856 |  1.622935e+05 |   +3.09% |  3.88e-07 |      
      390 |   0.1610 |  1.627762e+05 |   +0.30% |  5.72e-07 |      
      400 |   0.1397 |  1.630726e+05 |   +0.18% |  8.43e-07 |      
      410 |   0.1212 |  1.633750e+05 |   +0.19% |  1.24e-06 |      
      420 |   0.1045 |  1.638030e+05 |   +0.26% |  1.83e-06 |      
      423 |   0.0999 |  1.639337e+05 |          |  2.13e-06 |      
---------------------------------------------------------------
[INFO GPL-1001] Global placement finished at iteration 423
[INFO GPL-1017] Routability mode iteration count: 55
[INFO GPL-1005] Routability final weighted congestion: 0.7206
[INFO GPL-1002] Placed Cell Area            18402.0269
[INFO GPL-1003] Available Free Area         52675.7140
[INFO GPL-1004] Minimum Feasible Density        0.3400 (cell_area / free_area)
[INFO GPL-1006]   Suggested Target Densities:
[INFO GPL-1007]     - For 90% usage of free space: 0.3882
[INFO GPL-1008]     - For 80% usage of free space: 0.4367
[INFO GPL-1009]     - For 50% usage of free space: 0.6987
[INFO GPL-1011] Original area (um^2): 17832.55
[INFO GPL-1012] Total routability artificial inflation: 0.00 (+0.00%)
[INFO GPL-1013] Total timing-driven delta area: 569.47 (+3.19%)
[INFO GPL-1014] Final placement area: 18402.03 (+3.19%)
[INFO GPL-1018] Final HPWL (um): 164069.27
Took 13 seconds: global_placement -density 0.48200000286102296 -pad_left 0 -pad_right 0 -routability_driven -timing_driven -force_center_initial_place -min_phi_coef 0.95 -max_phi_coef 1.05
estimate_parasitics -placement
Report metrics stage 3, global place...

==========================================================================
global place report_design_area
--------------------------------------------------------------------------
Design area 16316 um^2 31% utilization.
write_db /work/flow/results/nangate45/aes/base/3_3_place_gp.odb
Elapsed time: 0:15.37[h:]min:sec. CPU time: user 22.88 sys 1.22 (156%). Peak memory: 493084KB.
Log                       Ext     Elapsed/s Peak Memory/MB sha1sum result [0:20)
3_3_place_gp              .odb           15            481 45faa1bd85c9f52298fd
