OpenROAD unknown 
Features included (+) or not (-): -GPU +GUI -Python
This program is licensed under the BSD-3 license. See the LICENSE file for details.
Components of this program may be licensed under more restrictive licenses which must be honored.
[INFO ORD-0030] Using 4 thread(s).
read_liberty /OpenROAD-flow-scripts/flow/platforms/nangate45/lib/NangateOpenCellLibrary_typical.lib
read_db -hier /work/flow/results/nangate45/aes/base/3_3_place_gp.odb
[WARNING ORD-0012] Hierarchical flow (-hier) is currently in development and may cause multiple issues. Do not use in production environments.
read_sdc /work/flow/results/nangate45/aes/base/2_floorplan.sdc
source /OpenROAD-flow-scripts/flow/platforms/nangate45/setRC.tcl
estimate_parasitics -placement
replace_arith_modules
replace_arith_modules -path_count 1000 -target setup -slack_threshold 0.0
[INFO RSZ-0151] Starting arithmetic module replacement to optimize 'setup' target
[INFO RSZ-0152] Analyzing 1000 critical paths with slack < 0.00
[INFO RSZ-0153] Identified 0 violating endpoints
[INFO RSZ-0154] Identified 0 critical arithmetic instances
global_placement -incremental
[INFO GPL-0083] Execute incremental mode global placement.
[INFO GPL-0001] ---- Initialize GPL Main Data Structures
[INFO GPL-0002] DBU: 2000
[INFO GPL-0003] SiteSize: (  0.190  1.400 ) um
[INFO GPL-0004] CoreBBox: ( 10.070 11.200 ) ( 239.970 240.800 ) um
[INFO GPL-0016] Core area:                   52785.040 um^2
[INFO GPL-0036] Movable instances area:      16207.114 um^2
[INFO GPL-0037] Total instances area:        16316.440 um^2
[INFO GPL-0035] Pin density area adjust:      2363.517 um^2
[INFO GPL-0032] ---- Initialize Region: Top-level
[INFO GPL-0006] Number of instances:             12623
[INFO GPL-0007] Movable instances:               12212
[INFO GPL-0008] Fixed instances:                   411
[INFO GPL-0009] Dummy instances:                     0
[INFO GPL-0010] Number of nets:                  13037
[INFO GPL-0011] Number of pins:                  47325
[INFO GPL-0012] Die BBox:       (  0.000  0.000 ) ( 249.850 250.600 ) um
[INFO GPL-0013] Placement BBox: ( 10.070 11.200 ) ( 239.970 240.800 ) um
[INFO GPL-0014] Region name: top-level.
[INFO GPL-0015] Region area:                 52785.040 um^2
[INFO GPL-0017] Fixed instances area:          109.326 um^2
[INFO GPL-0018] Movable instances area:      18570.631 um^2
[INFO GPL-0019] Utilization:                    35.255 %
[INFO GPL-0020] Standard cells area:         18570.631 um^2
[INFO GPL-0021] Large instances area:            0.000 um^2
[INFO GPL-0154] Identified 12212 placed instances
[INFO GPL-0155] Identified 0 not placed instances
[INFO GPL-0156] Identified all instances as placed. Skipping incremental mode
Perform buffer insertion and gate resizing...
repair_design -verbose
Iteration |   Area    | Resized | Buffers | Nets repaired | Remaining
---------------------------------------------------------------------
        0 |     +0.0% |       0 |       0 |             0 |     13037
     1000 |     +0.0% |       0 |       0 |             0 |     12037
     2000 |     +0.0% |       0 |       0 |             0 |     11037
     3000 |     +0.0% |       0 |       0 |             0 |     10037
     4000 |     +0.0% |       0 |       0 |             0 |      9037
     5000 |     +0.0% |       0 |       0 |             0 |      8037
     6000 |     +0.0% |       0 |       0 |             0 |      7037
     7000 |     +0.0% |       0 |       0 |             0 |      6037
     8000 |     +0.0% |       0 |       2 |             2 |      5037
     9000 |     +0.1% |       0 |       7 |             7 |      4037
    10000 |     +0.2% |       0 |      19 |            19 |      3037
    11000 |     +0.3% |       0 |      26 |            26 |      2037
    12000 |     +0.3% |       0 |      26 |            26 |      1037
    13000 |     +0.3% |       0 |      26 |            26 |        37
    final |     +0.3% |       0 |      26 |            26 |         0
---------------------------------------------------------------------
[INFO RSZ-0036] Found 26 capacitance violations.
[INFO RSZ-0038] Inserted 26 buffers in 26 nets.
[INFO RSZ-0504] Runtime: 0.89s
Floating nets: 
Report metrics stage 3, resizer...

==========================================================================
resizer report_design_area
--------------------------------------------------------------------------
Design area 16359 um^2 31% utilization.
Instance count before 12623, after 12649
Pin count before 46937, after 46989
write_db /work/flow/results/nangate45/aes/base/3_4_place_resized.odb
Elapsed time: 0:04.63[h:]min:sec. CPU time: user 6.06 sys 0.25 (136%). Peak memory: 202152KB.
Log                       Ext     Elapsed/s Peak Memory/MB sha1sum result [0:20)
3_4_place_resized         .odb            4            197 6b6fe78ece867d37932b
