[2026-09-30 04:58:10.862] [miter_logger] [info] MiterStrategy::run starting
[2026-09-30 04:58:10.863] [miter_logger] [info] Collecting POs for design 0: aes_cipher_top

[2026-09-30 04:58:10.894] [miter_logger] [info] Collected 1383 PIs for design 0

[2026-09-30 04:58:10.894] [miter_logger] [info] Collected 1253 POs for design 0

[2026-09-30 04:58:10.894] [miter_logger] [info] design 0 PI summary by model/term (1383 total terminals, 7 unique rows):
| Model          | Term    | Count |
|----------------|---------|-------|
| DFF_X1         | Q       |   562 |
| DFF_X1         | QN      |   562 |
| aes_cipher_top | key     |   128 |
| aes_cipher_top | text_in |   128 |
| aes_cipher_top | clk     |     1 |
| aes_cipher_top | ld      |     1 |
| aes_cipher_top | rst     |     1 |

[2026-09-30 04:58:10.894] [miter_logger] [info] design 0 PO summary by model/term (1253 total terminals, 4 unique rows):
| Model          | Term     | Count |
|----------------|----------|-------|
| DFF_X1         | CK       |   562 |
| DFF_X1         | D        |   562 |
| aes_cipher_top | text_out |   128 |
| aes_cipher_top | done     |     1 |

[2026-09-30 04:58:10.895] [miter_logger] [info] Collecting POs for design 1: aes_cipher_top

[2026-09-30 04:58:10.926] [miter_logger] [info] size of common inputs: 1383
[2026-09-30 04:58:10.926] [miter_logger] [info] size of diff0 inputs: 0
[2026-09-30 04:58:10.926] [miter_logger] [info] size of diff1 inputs: 0
[2026-09-30 04:58:10.926] [miter_logger] [info] Collected 1383 PIs for design 1

[2026-09-30 04:58:10.926] [miter_logger] [info] Collected 1253 POs for design 1

[2026-09-30 04:58:10.926] [miter_logger] [info] design 1 PI summary by model/term (1383 total terminals, 7 unique rows):
| Model          | Term    | Count |
|----------------|---------|-------|
| DFF_X1         | Q       |   562 |
| DFF_X1         | QN      |   562 |
| aes_cipher_top | key     |   128 |
| aes_cipher_top | text_in |   128 |
| aes_cipher_top | clk     |     1 |
| aes_cipher_top | ld      |     1 |
| aes_cipher_top | rst     |     1 |

[2026-09-30 04:58:10.927] [miter_logger] [info] design 1 PO summary by model/term (1253 total terminals, 4 unique rows):
| Model          | Term     | Count |
|----------------|----------|-------|
| DFF_X1         | CK       |   562 |
| DFF_X1         | D        |   562 |
| aes_cipher_top | text_out |   128 |
| aes_cipher_top | done     |     1 |

[2026-09-30 04:58:10.927] [miter_logger] [info] normalizeInputs: starting
[2026-09-30 04:58:10.928] [miter_logger] [info] size of common inputs: 1383
[2026-09-30 04:58:10.928] [miter_logger] [info] size of diff0 inputs: 0
[2026-09-30 04:58:10.928] [miter_logger] [info] size of diff1 inputs: 0
[2026-09-30 04:58:10.928] [miter_logger] [info] normalizeOutputs: starting
[2026-09-30 04:58:10.929] [miter_logger] [info] size of common outputs: 1253
[2026-09-30 04:58:10.929] [miter_logger] [info] size of diff0 outputs: 0
[2026-09-30 04:58:10.929] [miter_logger] [info] size of diff1 outputs: 0
[2026-09-30 04:58:10.929] [miter_logger] [info] size of PIs in circuit 0: 1383
[2026-09-30 04:58:10.929] [miter_logger] [info] size of PIs in circuit 1: 1383
[2026-09-30 04:58:10.929] [miter_logger] [info] size of POs in circuit 0: 1253
[2026-09-30 04:58:10.929] [miter_logger] [info] size of POs in circuit 1: 1253
[2026-09-30 04:58:11.153] [miter_logger] [info] Building miter expression
[2026-09-30 04:58:11.153] [miter_logger] [info] Finished building miter expression
[2026-09-30 04:58:11.153] [miter_logger] [info] Starting solver
[2026-09-30 04:58:11.153] [miter_logger] [info] SAT solver finished: UNSAT
[2026-09-30 04:58:11.153] [miter_logger] [info] Circuits are IDENTICAL
