OpenROAD unknown 
Features included (+) or not (-): -GPU +GUI -Python
This program is licensed under the BSD-3 license. See the LICENSE file for details.
Components of this program may be licensed under more restrictive licenses which must be honored.
[INFO ORD-0030] Using 4 thread(s).
read_liberty /OpenROAD-flow-scripts/flow/platforms/nangate45/lib/NangateOpenCellLibrary_typical.lib
read_db -hier /work/flow/results/nangate45/aes/base/5_1_grt.odb
[WARNING ORD-0012] Hierarchical flow (-hier) is currently in development and may cause multiple issues. Do not use in production environments.
read_sdc /work/flow/results/nangate45/aes/base/5_1_grt.sdc
source /OpenROAD-flow-scripts/flow/platforms/nangate45/setRC.tcl
[WARNING STA-0450] virtual clock vclk_clk can not be propagated.
detailed_route -output_drc /work/flow/reports/nangate45/aes/base/5_route_drc.rpt -output_maze /work/flow/results/nangate45/aes/base/maze.log -droute_end_iter 64 -verbose 1 -drc_report_iter_step 5
[INFO DRT-0149] Reading tech and libs.

Units:                2000
Number of layers:     21
Number of macros:     135
Number of vias:       33
Number of viarulegen: 19

[INFO DRT-0150] Reading design.

Design:                   aes_cipher_top
Die area:                 ( 0 0 ) ( 499700 501200 )
Number of track patterns: 40
Number of DEF vias:       0
Number of components:     12842
Number of terminals:      390
Number of snets:          2
Number of nets:           13169

[INFO DRT-0167] List of default vias:
  Layer via2
    default via: via2_5
  Layer via3
    default via: via3_2
  Layer via4
    default via: via4_0
  Layer via5
    default via: via5_0
  Layer via6
    default via: via6_0
  Layer via7
    default via: via7_0
  Layer via8
    default via: via8_0
  Layer via9
    default via: via9_0
[INFO DRT-0162] Library cell analysis.
[INFO DRT-0163] Instance analysis.
[INFO DRT-0164] Number of unique instances = 81.
[INFO DRT-0168] Init region query.
[INFO DRT-0024]   Complete active.
[INFO DRT-0024]   Complete Fr_VIA.
[INFO DRT-0024]   Complete metal1.
[INFO DRT-0024]   Complete via1.
[INFO DRT-0024]   Complete metal2.
[INFO DRT-0024]   Complete via2.
[INFO DRT-0024]   Complete metal3.
[INFO DRT-0024]   Complete via3.
[INFO DRT-0024]   Complete metal4.
[INFO DRT-0024]   Complete via4.
[INFO DRT-0024]   Complete metal5.
[INFO DRT-0024]   Complete via5.
[INFO DRT-0024]   Complete metal6.
[INFO DRT-0024]   Complete via6.
[INFO DRT-0024]   Complete metal7.
[INFO DRT-0024]   Complete via7.
[INFO DRT-0024]   Complete metal8.
[INFO DRT-0024]   Complete via8.
[INFO DRT-0024]   Complete metal9.
[INFO DRT-0024]   Complete via9.
[INFO DRT-0024]   Complete metal10.
[INFO DRT-0033] active shape region query size = 0.
[INFO DRT-0033] FR_VIA shape region query size = 0.
[INFO DRT-0033] metal1 shape region query size = 200795.
[INFO DRT-0033] via1 shape region query size = 2229.
[INFO DRT-0033] metal2 shape region query size = 1655.
[INFO DRT-0033] via2 shape region query size = 2229.
[INFO DRT-0033] metal3 shape region query size = 1705.
[INFO DRT-0033] via3 shape region query size = 2229.
[INFO DRT-0033] metal4 shape region query size = 824.
[INFO DRT-0033] via4 shape region query size = 720.
[INFO DRT-0033] metal5 shape region query size = 144.
[INFO DRT-0033] via5 shape region query size = 720.
[INFO DRT-0033] metal6 shape region query size = 144.
[INFO DRT-0033] via6 shape region query size = 288.
[INFO DRT-0033] metal7 shape region query size = 104.
[INFO DRT-0033] via7 shape region query size = 0.
[INFO DRT-0033] metal8 shape region query size = 0.
[INFO DRT-0033] via8 shape region query size = 0.
[INFO DRT-0033] metal9 shape region query size = 0.
[INFO DRT-0033] via9 shape region query size = 0.
[INFO DRT-0033] metal10 shape region query size = 0.
[INFO DRT-0165] Start pin access.
[INFO DRT-0078]   Complete 460 pins.
[INFO DRT-0081]   Complete 81 unique inst patterns.
[INFO DRT-0084]   Complete 7357 groups.
#scanned instances     = 12842
#unique  instances     = 81
#stdCellGenAp          = 2241
#stdCellValidPlanarAp  = 0
#stdCellValidViaAp     = 1720
#stdCellPinNoAp        = 0
#stdCellPinCnt         = 47288
#instTermValidViaApCnt = 0
#macroGenAp            = 0
#macroValidPlanarAp    = 0
#macroValidViaAp       = 0
#macroNoAp             = 0
[INFO DRT-0166] Complete pin access.
[INFO DRT-0267] cpu time = 00:00:38, elapsed time = 00:00:09, memory = 320.99 (MB), peak = 320.62 (MB)
[INFO DRT-0156] guideIn read 100000 guides.

[INFO DRT-0157] Number of guides:     118808

[INFO DRT-0169] Post process guides.
[INFO DRT-0176] GCELLGRID X 0 DO 87 STEP 5700 ;
[INFO DRT-0177] GCELLGRID Y 0 DO 87 STEP 5700 ;
[INFO DRT-0026]   Complete 100000 origin guides.
[INFO DRT-0028]   Complete active.
[INFO DRT-0028]   Complete Fr_VIA.
[INFO DRT-0028]   Complete metal1.
[INFO DRT-0028]   Complete via1.
[INFO DRT-0028]   Complete metal2.
[INFO DRT-0028]   Complete via2.
[INFO DRT-0028]   Complete metal3.
[INFO DRT-0028]   Complete via3.
[INFO DRT-0028]   Complete metal4.
[INFO DRT-0028]   Complete via4.
[INFO DRT-0028]   Complete metal5.
[INFO DRT-0028]   Complete via5.
[INFO DRT-0028]   Complete metal6.
[INFO DRT-0028]   Complete via6.
[INFO DRT-0028]   Complete metal7.
[INFO DRT-0028]   Complete via7.
[INFO DRT-0028]   Complete metal8.
[INFO DRT-0028]   Complete via8.
[INFO DRT-0028]   Complete metal9.
[INFO DRT-0028]   Complete via9.
[INFO DRT-0028]   Complete metal10.
[INFO DRT-0178] Init guide query.
[INFO DRT-0035]   Complete active (guide).
[INFO DRT-0035]   Complete Fr_VIA (guide).
[INFO DRT-0035]   Complete metal1 (guide).
[INFO DRT-0035]   Complete via1 (guide).
[INFO DRT-0035]   Complete metal2 (guide).
[INFO DRT-0035]   Complete via2 (guide).
[INFO DRT-0035]   Complete metal3 (guide).
[INFO DRT-0035]   Complete via3 (guide).
[INFO DRT-0035]   Complete metal4 (guide).
[INFO DRT-0035]   Complete via4 (guide).
[INFO DRT-0035]   Complete metal5 (guide).
[INFO DRT-0035]   Complete via5 (guide).
[INFO DRT-0035]   Complete metal6 (guide).
[INFO DRT-0035]   Complete via6 (guide).
[INFO DRT-0035]   Complete metal7 (guide).
[INFO DRT-0035]   Complete via7 (guide).
[INFO DRT-0035]   Complete metal8 (guide).
[INFO DRT-0035]   Complete via8 (guide).
[INFO DRT-0035]   Complete metal9 (guide).
[INFO DRT-0035]   Complete via9 (guide).
[INFO DRT-0035]   Complete metal10 (guide).
[INFO DRT-0036] active guide region query size = 0.
[INFO DRT-0036] FR_VIA guide region query size = 0.
[INFO DRT-0036] metal1 guide region query size = 39172.
[INFO DRT-0036] via1 guide region query size = 0.
[INFO DRT-0036] metal2 guide region query size = 34472.
[INFO DRT-0036] via2 guide region query size = 0.
[INFO DRT-0036] metal3 guide region query size = 20260.
[INFO DRT-0036] via3 guide region query size = 0.
[INFO DRT-0036] metal4 guide region query size = 4399.
[INFO DRT-0036] via4 guide region query size = 0.
[INFO DRT-0036] metal5 guide region query size = 1218.
[INFO DRT-0036] via5 guide region query size = 0.
[INFO DRT-0036] metal6 guide region query size = 191.
[INFO DRT-0036] via6 guide region query size = 0.
[INFO DRT-0036] metal7 guide region query size = 10.
[INFO DRT-0036] via7 guide region query size = 0.
[INFO DRT-0036] metal8 guide region query size = 2.
[INFO DRT-0036] via8 guide region query size = 0.
[INFO DRT-0036] metal9 guide region query size = 1.
[INFO DRT-0036] via9 guide region query size = 0.
[INFO DRT-0036] metal10 guide region query size = 0.
[INFO DRT-0179] Init gr pin query.
[INFO DRT-0267] cpu time = 00:00:00, elapsed time = 00:00:00, memory = 363.09 (MB), peak = 362.62 (MB)
[INFO DRT-0245] skipped writing guide updates to database.
[INFO DRT-0181] Start track assignment.
[INFO DRT-0184] Done with 39064 vertical wires in 2 frboxes and 60661 horizontal wires in 2 frboxes.
[INFO DRT-0186] Done with 15834 vertical wires in 2 frboxes and 17391 horizontal wires in 2 frboxes.
[INFO DRT-0182] Complete track assignment.
[INFO DRT-0267] cpu time = 00:00:06, elapsed time = 00:00:03, memory = 527.15 (MB), peak = 526.67 (MB)
[INFO DRT-0187] Start routing data preparation.
[INFO DRT-0267] cpu time = 00:00:00, elapsed time = 00:00:00, memory = 527.21 (MB), peak = 526.67 (MB)
[INFO DRT-0194] Start detail routing.
[INFO DRT-0195] Start 0th optimization iteration.
    Completing 10% with 0 violations.
    elapsed time = 00:00:03, memory = 614.06 (MB).
    Completing 20% with 0 violations.
    elapsed time = 00:00:07, memory = 638.41 (MB).
    Completing 30% with 1031 violations.
    elapsed time = 00:00:16, memory = 688.16 (MB).
    Completing 40% with 1031 violations.
    elapsed time = 00:00:21, memory = 739.98 (MB).
    Completing 50% with 1031 violations.
    elapsed time = 00:00:28, memory = 732.34 (MB).
    Completing 60% with 2144 violations.
    elapsed time = 00:00:40, memory = 739.59 (MB).
    Completing 70% with 2144 violations.
    elapsed time = 00:00:46, memory = 757.23 (MB).
    Completing 80% with 3138 violations.
    elapsed time = 00:00:53, memory = 751.59 (MB).
    Completing 90% with 3138 violations.
    elapsed time = 00:01:01, memory = 762.50 (MB).
    Completing 100% with 4176 violations.
    elapsed time = 00:01:06, memory = 699.23 (MB).
[INFO DRT-0199]   Number of violations = 6031.
Viol/Layer      metal1   via1 metal2   via2 metal3   via3 metal4   via4 metal5
Cut Spacing          0      0      0     17      0      0      0      4      0
Metal Spacing        0      0    394      0     62      0      1      0      0
Recheck              5      0   1143      0    648      0     47      0     12
Short                0      1   3140      7    536      1     13      0      0
[INFO DRT-0267] cpu time = 00:03:54, elapsed time = 00:01:07, memory = 740.38 (MB), peak = 1038.66 (MB)
Total wire length = 210320 um.
Total wire length on LAYER metal1 = 0 um.
Total wire length on LAYER metal2 = 71150 um.
Total wire length on LAYER metal3 = 87136 um.
Total wire length on LAYER metal4 = 29485 um.
Total wire length on LAYER metal5 = 16222 um.
Total wire length on LAYER metal6 = 5917 um.
Total wire length on LAYER metal7 = 328 um.
Total wire length on LAYER metal8 = 0 um.
Total wire length on LAYER metal9 = 80 um.
Total wire length on LAYER metal10 = 0 um.
Total number of vias = 106797.
Up-via summary (total 106797):

-----------------
 active         0
 metal1     47060
 metal2     50926
 metal3      6576
 metal4      1869
 metal5       348
 metal6        14
 metal7         2
 metal8         2
 metal9         0
-----------------
       106797


[INFO DRT-0195] Start 1st optimization iteration.
    Completing 10% with 6031 violations.
    elapsed time = 00:00:04, memory = 826.85 (MB).
    Completing 20% with 6031 violations.
    elapsed time = 00:00:08, memory = 827.32 (MB).
    Completing 30% with 4911 violations.
    elapsed time = 00:00:17, memory = 715.10 (MB).
    Completing 40% with 4911 violations.
    elapsed time = 00:00:22, memory = 783.46 (MB).
    Completing 50% with 4911 violations.
    elapsed time = 00:00:27, memory = 773.54 (MB).
    Completing 60% with 3878 violations.
    elapsed time = 00:00:37, memory = 769.84 (MB).
    Completing 70% with 3878 violations.
    elapsed time = 00:00:43, memory = 806.02 (MB).
    Completing 80% with 3242 violations.
    elapsed time = 00:00:48, memory = 768.84 (MB).
    Completing 90% with 3242 violations.
    elapsed time = 00:00:54, memory = 802.23 (MB).
    Completing 100% with 2503 violations.
    elapsed time = 00:01:05, memory = 704.70 (MB).
[INFO DRT-0199]   Number of violations = 2503.
Viol/Layer      metal2   via2 metal3 metal4
Cut Spacing          0      5      0      0
Metal Spacing      405      0     22     13
Short             1857      0    193      8
[INFO DRT-0267] cpu time = 00:03:44, elapsed time = 00:01:06, memory = 706.05 (MB), peak = 1041.44 (MB)
Total wire length = 208507 um.
Total wire length on LAYER metal1 = 0 um.
Total wire length on LAYER metal2 = 70182 um.
Total wire length on LAYER metal3 = 86449 um.
Total wire length on LAYER metal4 = 29451 um.
Total wire length on LAYER metal5 = 16117 um.
Total wire length on LAYER metal6 = 5897 um.
Total wire length on LAYER metal7 = 329 um.
Total wire length on LAYER metal8 = 0 um.
Total wire length on LAYER metal9 = 80 um.
Total wire length on LAYER metal10 = 0 um.
Total number of vias = 105960.
Up-via summary (total 105960):

-----------------
 active         0
 metal1     47068
 metal2     50182
 metal3      6536
 metal4      1812
 metal5       344
 metal6        14
 metal7         2
 metal8         2
 metal9         0
-----------------
       105960


[INFO DRT-0195] Start 2nd optimization iteration.
    Completing 10% with 2503 violations.
    elapsed time = 00:00:02, memory = 818.51 (MB).
    Completing 20% with 2503 violations.
    elapsed time = 00:00:07, memory = 826.59 (MB).
    Completing 30% with 2427 violations.
    elapsed time = 00:00:13, memory = 714.08 (MB).
    Completing 40% with 2427 violations.
    elapsed time = 00:00:21, memory = 790.03 (MB).
    Completing 50% with 2427 violations.
    elapsed time = 00:00:30, memory = 712.40 (MB).
    Completing 60% with 2447 violations.
    elapsed time = 00:00:34, memory = 800.32 (MB).
    Completing 70% with 2447 violations.
    elapsed time = 00:00:38, memory = 798.87 (MB).
    Completing 80% with 2261 violations.
    elapsed time = 00:00:44, memory = 779.13 (MB).
    Completing 90% with 2261 violations.
    elapsed time = 00:00:49, memory = 801.80 (MB).
    Completing 100% with 2180 violations.
    elapsed time = 00:00:59, memory = 724.47 (MB).
[INFO DRT-0199]   Number of violations = 2180.
Viol/Layer        via1 metal2   via2 metal3   via4
Cut Spacing          3      0      9      0      1
Metal Spacing        0    369      0     21      0
Short                0   1618      0    159      0
[INFO DRT-0267] cpu time = 00:03:27, elapsed time = 00:01:00, memory = 731.87 (MB), peak = 1041.44 (MB)
Total wire length = 208149 um.
Total wire length on LAYER metal1 = 0 um.
Total wire length on LAYER metal2 = 69952 um.
Total wire length on LAYER metal3 = 86400 um.
Total wire length on LAYER metal4 = 29410 um.
Total wire length on LAYER metal5 = 16107 um.
Total wire length on LAYER metal6 = 5866 um.
Total wire length on LAYER metal7 = 330 um.
Total wire length on LAYER metal8 = 0 um.
Total wire length on LAYER metal9 = 82 um.
Total wire length on LAYER metal10 = 0 um.
Total number of vias = 105811.
Up-via summary (total 105811):

-----------------
 active         0
 metal1     47072
 metal2     50061
 metal3      6523
 metal4      1793
 metal5       344
 metal6        14
 metal7         2
 metal8         2
 metal9         0
-----------------
       105811


[INFO DRT-0195] Start 3rd optimization iteration.
    Completing 10% with 2180 violations.
    elapsed time = 00:00:01, memory = 829.13 (MB).
    Completing 20% with 2180 violations.
    elapsed time = 00:00:02, memory = 859.13 (MB).
    Completing 30% with 1609 violations.
    elapsed time = 00:00:06, memory = 759.96 (MB).
    Completing 40% with 1609 violations.
    elapsed time = 00:00:08, memory = 856.61 (MB).
    Completing 50% with 1609 violations.
    elapsed time = 00:00:10, memory = 846.24 (MB).
    Completing 60% with 1101 violations.
    elapsed time = 00:00:16, memory = 766.20 (MB).
    Completing 70% with 1101 violations.
    elapsed time = 00:00:18, memory = 807.66 (MB).
    Completing 80% with 583 violations.
    elapsed time = 00:00:21, memory = 784.39 (MB).
    Completing 90% with 583 violations.
    elapsed time = 00:00:24, memory = 845.12 (MB).
    Completing 100% with 107 violations.
    elapsed time = 00:00:27, memory = 750.52 (MB).
[INFO DRT-0199]   Number of violations = 109.
Viol/Layer      metal2   via2 metal3
Cut Spacing          0      1      0
Metal Spacing       10      0      2
Recheck              2      0      0
Short               84      0     10
[INFO DRT-0267] cpu time = 00:01:35, elapsed time = 00:00:28, memory = 749.48 (MB), peak = 1044.79 (MB)
Total wire length = 207928 um.
Total wire length on LAYER metal1 = 0 um.
Total wire length on LAYER metal2 = 66790 um.
Total wire length on LAYER metal3 = 86813 um.
Total wire length on LAYER metal4 = 31974 um.
Total wire length on LAYER metal5 = 16087 um.
Total wire length on LAYER metal6 = 5850 um.
Total wire length on LAYER metal7 = 330 um.
Total wire length on LAYER metal8 = 0 um.
Total wire length on LAYER metal9 = 82 um.
Total wire length on LAYER metal10 = 0 um.
Total number of vias = 107648.
Up-via summary (total 107648):

-----------------
 active         0
 metal1     47067
 metal2     50607
 metal3      7799
 metal4      1809
 metal5       348
 metal6        14
 metal7         2
 metal8         2
 metal9         0
-----------------
       107648


[INFO DRT-0195] Start 4th optimization iteration.
    Completing 10% with 109 violations.
    elapsed time = 00:00:00, memory = 749.48 (MB).
    Completing 20% with 109 violations.
    elapsed time = 00:00:00, memory = 801.06 (MB).
    Completing 30% with 76 violations.
    elapsed time = 00:00:00, memory = 795.06 (MB).
    Completing 40% with 76 violations.
    elapsed time = 00:00:00, memory = 795.06 (MB).
    Completing 50% with 76 violations.
    elapsed time = 00:00:00, memory = 795.06 (MB).
    Completing 60% with 60 violations.
    elapsed time = 00:00:01, memory = 794.06 (MB).
    Completing 70% with 60 violations.
    elapsed time = 00:00:01, memory = 794.06 (MB).
    Completing 80% with 28 violations.
    elapsed time = 00:00:01, memory = 795.06 (MB).
    Completing 90% with 28 violations.
    elapsed time = 00:00:01, memory = 795.06 (MB).
    Completing 100% with 11 violations.
    elapsed time = 00:00:02, memory = 795.77 (MB).
[INFO DRT-0199]   Number of violations = 11.
Viol/Layer      metal2
Short               11
[INFO DRT-0267] cpu time = 00:00:06, elapsed time = 00:00:02, memory = 794.22 (MB), peak = 1044.79 (MB)
Total wire length = 207942 um.
Total wire length on LAYER metal1 = 0 um.
Total wire length on LAYER metal2 = 66745 um.
Total wire length on LAYER metal3 = 86836 um.
Total wire length on LAYER metal4 = 32008 um.
Total wire length on LAYER metal5 = 16083 um.
Total wire length on LAYER metal6 = 5856 um.
Total wire length on LAYER metal7 = 330 um.
Total wire length on LAYER metal8 = 0 um.
Total wire length on LAYER metal9 = 82 um.
Total wire length on LAYER metal10 = 0 um.
Total number of vias = 107674.
Up-via summary (total 107674):

-----------------
 active         0
 metal1     47067
 metal2     50609
 metal3      7822
 metal4      1808
 metal5       350
 metal6        14
 metal7         2
 metal8         2
 metal9         0
-----------------
       107674


[INFO DRT-0195] Start 5th guides tiles iteration.
    Completing 50% with 11 violations.
    elapsed time = 00:00:00, memory = 794.22 (MB).
    Completing 100% with 0 violations.
    elapsed time = 00:00:00, memory = 794.22 (MB).
[INFO DRT-0199]   Number of violations = 0.
[INFO DRT-0267] cpu time = 00:00:00, elapsed time = 00:00:00, memory = 1044.30 (MB), peak = 1044.79 (MB)
Total wire length = 207943 um.
Total wire length on LAYER metal1 = 0 um.
Total wire length on LAYER metal2 = 66740 um.
Total wire length on LAYER metal3 = 86837 um.
Total wire length on LAYER metal4 = 32012 um.
Total wire length on LAYER metal5 = 16083 um.
Total wire length on LAYER metal6 = 5856 um.
Total wire length on LAYER metal7 = 330 um.
Total wire length on LAYER metal8 = 0 um.
Total wire length on LAYER metal9 = 82 um.
Total wire length on LAYER metal10 = 0 um.
Total number of vias = 107679.
Up-via summary (total 107679):

-----------------
 active         0
 metal1     47067
 metal2     50608
 metal3      7828
 metal4      1808
 metal5       350
 metal6        14
 metal7         2
 metal8         2
 metal9         0
-----------------
       107679


[INFO DRT-0198] Complete detail routing.
Total wire length = 207943 um.
Total wire length on LAYER metal1 = 0 um.
Total wire length on LAYER metal2 = 66740 um.
Total wire length on LAYER metal3 = 86837 um.
Total wire length on LAYER metal4 = 32012 um.
Total wire length on LAYER metal5 = 16083 um.
Total wire length on LAYER metal6 = 5856 um.
Total wire length on LAYER metal7 = 330 um.
Total wire length on LAYER metal8 = 0 um.
Total wire length on LAYER metal9 = 82 um.
Total wire length on LAYER metal10 = 0 um.
Total number of vias = 107679.
Up-via summary (total 107679):

-----------------
 active         0
 metal1     47067
 metal2     50608
 metal3      7828
 metal4      1808
 metal5       350
 metal6        14
 metal7         2
 metal8         2
 metal9         0
-----------------
       107679


[INFO DRT-0267] cpu time = 00:12:49, elapsed time = 00:03:45, memory = 1044.30 (MB), peak = 1044.79 (MB)

[INFO DRT-0180] Post processing.
[INFO DRT-0501] Runtime: 239.28s
Took 240 seconds: detailed_route -output_drc /work/flow/reports/nangate45/aes/base/5_route_drc.rpt -output_maze /work/flow/results/nangate45/aes/base/maze.log -droute_end_iter 64 -verbose 1 -drc_report_iter_step 5
[WARNING GRT-0246] No diode with LEF class CORE ANTENNACELL found.
[INFO ANT-0002] Found 0 net violations.
[INFO ANT-0001] Found 0 pin violations.
[INFO ANT-0002] Found 0 net violations.
[INFO ANT-0001] Found 0 pin violations.
Design area 16565 um^2 31% utilization.
write_db /work/flow/results/nangate45/aes/base/5_2_route.odb
Elapsed time: 4:03.39[h:]min:sec. CPU time: user 825.36 sys 2.62 (340%). Peak memory: 1146844KB.
Log                       Ext     Elapsed/s Peak Memory/MB sha1sum result [0:20)
5_2_route                 .odb          243           1119 35314f04b394cf9b0f31
