
==========================================================================
cts final report_tns
--------------------------------------------------------------------------
tns max 0.00

==========================================================================
cts final report_wns
--------------------------------------------------------------------------
wns max 0.00

==========================================================================
cts final report_worst_slack
--------------------------------------------------------------------------
worst slack max 0.61

==========================================================================
cts final report_clock_min_period
--------------------------------------------------------------------------
clk period_min = 1.24 fmax = 807.57
vclk_clk period_min = 0.00 fmax = inf

==========================================================================
cts final report_clock_skew
--------------------------------------------------------------------------
Clock clk
   0.19 source latency sa21_sr[5]$_DFF_P_/CK ^
  -0.22 target latency sa32_sr[6]$_DFF_P_/CK ^
   0.00 CRPR
--------------
  -0.03 setup skew

Clock vclk_clk
No launch/capture paths found.


==========================================================================
cts final report_checks -path_delay min
--------------------------------------------------------------------------
Startpoint: u0.r0.rcnt[0]$_SDFF_PP0_
            (rising edge-triggered flip-flop clocked by clk)
Endpoint: u0.r0.rcnt[0]$_SDFF_PP0_
          (rising edge-triggered flip-flop clocked by clk)
Path Group: clk
Path Type: min

Fanout     Cap    Slew   Delay    Time   Description
-----------------------------------------------------------------------------
                          0.00    0.00   clock clk (rise edge)
                          0.00    0.00   clock source latency
     1   22.30    0.00    0.00    0.00 ^ clk (in)
                                         clk (net)
                  0.00    0.00    0.00 ^ clkbuf_0_clk/A (CLKBUF_X3)
     8   62.81    0.05    0.07    0.08 ^ clkbuf_0_clk/Z (CLKBUF_X3)
                                         clknet_0_clk (net)
                  0.05    0.00    0.08 ^ clkbuf_3_4__f_clk/A (CLKBUF_X3)
    16   47.32    0.04    0.08    0.16 ^ clkbuf_3_4__f_clk/Z (CLKBUF_X3)
                                         clknet_3_4__leaf_clk (net)
                  0.04    0.00    0.16 ^ clkbuf_leaf_75_clk/A (CLKBUF_X3)
     8   10.59    0.01    0.05    0.21 ^ clkbuf_leaf_75_clk/Z (CLKBUF_X3)
                                         clknet_leaf_75_clk (net)
                  0.01    0.00    0.21 ^ u0.r0.rcnt[0]$_SDFF_PP0_/CK (DFF_X1)
     2    3.44    0.01    0.07    0.28 v u0.r0.rcnt[0]$_SDFF_PP0_/QN (DFF_X1)
                                         _00568_ (net)
                  0.01    0.00    0.28 v _14521_/A (INV_X1)
     3    4.88    0.01    0.02    0.30 ^ _14521_/ZN (INV_X1)
                                         _03677_ (net)
                  0.01    0.00    0.30 ^ _21466_/A2 (NOR2_X1)
     3    3.54    0.01    0.01    0.32 v _21466_/ZN (NOR2_X1)
                                         _10622_ (net)
                  0.01    0.00    0.32 v u0.r0.rcnt[0]$_SDFF_PP0_/D (DFF_X1)
                                  0.32   data arrival time

                          0.00    0.00   clock clk (rise edge)
                          0.00    0.00   clock source latency
     1   22.30    0.00    0.00    0.00 ^ clk (in)
                                         clk (net)
                  0.00    0.00    0.00 ^ clkbuf_0_clk/A (CLKBUF_X3)
     8   62.81    0.05    0.07    0.08 ^ clkbuf_0_clk/Z (CLKBUF_X3)
                                         clknet_0_clk (net)
                  0.05    0.00    0.08 ^ clkbuf_3_4__f_clk/A (CLKBUF_X3)
    16   47.32    0.04    0.08    0.16 ^ clkbuf_3_4__f_clk/Z (CLKBUF_X3)
                                         clknet_3_4__leaf_clk (net)
                  0.04    0.00    0.16 ^ clkbuf_leaf_75_clk/A (CLKBUF_X3)
     8   10.59    0.01    0.05    0.21 ^ clkbuf_leaf_75_clk/Z (CLKBUF_X3)
                                         clknet_leaf_75_clk (net)
                  0.01    0.00    0.21 ^ u0.r0.rcnt[0]$_SDFF_PP0_/CK (DFF_X1)
                          0.00    0.21   clock reconvergence pessimism
                          0.00    0.21   library hold time
                                  0.21   data required time
-----------------------------------------------------------------------------
                                  0.21   data required time
                                 -0.32   data arrival time
-----------------------------------------------------------------------------
                                  0.11   slack (MET)


Startpoint: text_out[0]$_DFF_P_ (rising edge-triggered flip-flop clocked by clk)
Endpoint: text_out[0] (output port clocked by vclk_clk)
Path Group: vclk_clk
Path Type: min

Fanout     Cap    Slew   Delay    Time   Description
-----------------------------------------------------------------------------
                          0.00    0.00   clock clk (rise edge)
                          0.00    0.00   clock source latency
     1   22.30    0.00    0.00    0.00 ^ clk (in)
                                         clk (net)
                  0.00    0.00    0.00 ^ clkbuf_0_clk/A (CLKBUF_X3)
     8   62.81    0.05    0.07    0.08 ^ clkbuf_0_clk/Z (CLKBUF_X3)
                                         clknet_0_clk (net)
                  0.05    0.00    0.08 ^ clkbuf_3_2__f_clk/A (CLKBUF_X3)
    12   36.75    0.03    0.07    0.15 ^ clkbuf_3_2__f_clk/Z (CLKBUF_X3)
                                         clknet_3_2__leaf_clk (net)
                  0.03    0.00    0.15 ^ clkbuf_leaf_13_clk/A (CLKBUF_X3)
     7    9.49    0.01    0.04    0.20 ^ clkbuf_leaf_13_clk/Z (CLKBUF_X3)
                                         clknet_leaf_13_clk (net)
                  0.01    0.00    0.20 ^ text_out[0]$_DFF_P_/CK (DFF_X1)
     1    1.19    0.01    0.08    0.28 v text_out[0]$_DFF_P_/Q (DFF_X1)
                                         net260 (net)
                  0.01    0.00    0.28 v output260/A (BUF_X1)
     1    1.30    0.01    0.02    0.30 v output260/Z (BUF_X1)
                                         text_out[0] (net)
                  0.01    0.00    0.30 v text_out[0] (out)
                                  0.30   data arrival time

                  0.00    0.00    0.00   clock vclk_clk (rise edge)
                          0.21    0.21   clock network delay (ideal)
                          0.00    0.21   clock reconvergence pessimism
                         -0.40   -0.19   output external delay
                                 -0.19   data required time
-----------------------------------------------------------------------------
                                 -0.19   data required time
                                 -0.30   data arrival time
-----------------------------------------------------------------------------
                                  0.49   slack (MET)



==========================================================================
cts final report_checks -path_delay max
--------------------------------------------------------------------------
Startpoint: ld (input port clocked by vclk_clk)
Endpoint: u0.u0.d[1]$_DFF_P_ (rising edge-triggered flip-flop clocked by clk)
Path Group: clk
Path Type: max

Fanout     Cap    Slew   Delay    Time   Description
-----------------------------------------------------------------------------
                  0.00    0.00    0.00   clock vclk_clk (rise edge)
                          0.21    0.21   clock network delay (ideal)
                          0.40    0.61 v input external delay
     1    2.57    0.00    0.00    0.61 v ld (in)
                                         ld (net)
                  0.00    0.00    0.61 v input129/A (BUF_X1)
     4   15.73    0.02    0.04    0.65 v input129/Z (BUF_X1)
                                         net129 (net)
                  0.02    0.00    0.65 v _14257_/A (INV_X2)
    33   87.85    0.10    0.11    0.77 ^ _14257_/ZN (INV_X2)
                                         _03413_ (net)
                  0.10    0.00    0.77 ^ place1559/A (BUF_X4)
    49  130.50    0.06    0.08    0.85 ^ place1559/Z (BUF_X4)
                                         net1559 (net)
                  0.06    0.00    0.85 ^ _21097_/S (MUX2_X1)
    26   54.05    0.12    0.17    1.02 ^ _21097_/Z (MUX2_X1)
                                         _10253_ (net)
                  0.12    0.00    1.03 ^ _21094_/A (INV_X2)
    34   63.17    0.05    0.08    1.11 v _21094_/ZN (INV_X2)
                                         _10250_ (net)
                  0.05    0.00    1.11 v place1165/A (BUF_X1)
    17   30.99    0.03    0.08    1.19 v place1165/Z (BUF_X1)
                                         net1165 (net)
                  0.03    0.00    1.20 v _16977_/A1 (NOR2_X1)
     8   16.68    0.08    0.11    1.31 ^ _16977_/ZN (NOR2_X1)
                                         _06133_ (net)
                  0.08    0.00    1.31 ^ _17007_/B2 (AOI21_X1)
     1    1.21    0.02    0.02    1.33 v _17007_/ZN (AOI21_X1)
                                         _06163_ (net)
                  0.02    0.00    1.33 v _17008_/B (MUX2_X1)
     1    2.19    0.01    0.06    1.39 v _17008_/Z (MUX2_X1)
                                         _06164_ (net)
                  0.01    0.00    1.39 v _17009_/B1 (AOI21_X1)
     1    1.81    0.02    0.03    1.42 ^ _17009_/ZN (AOI21_X1)
                                         _06165_ (net)
                  0.02    0.00    1.42 ^ _17010_/A (AOI21_X1)
     1    1.02    0.01    0.02    1.43 v _17010_/ZN (AOI21_X1)
                                         _06166_ (net)
                  0.01    0.00    1.43 v _17012_/B (MUX2_X1)
     1    3.00    0.01    0.06    1.50 v _17012_/Z (MUX2_X1)
                                         _06168_ (net)
                  0.01    0.00    1.50 v _17013_/B (MUX2_X1)
     1    1.99    0.01    0.06    1.56 v _17013_/Z (MUX2_X1)
                                         _06169_ (net)
                  0.01    0.00    1.56 v u0.u0.d[1]$_DFF_P_/D (DFF_X1)
                                  1.56   data arrival time

                          2.00    2.00   clock clk (rise edge)
                          0.00    2.00   clock source latency
     1   22.30    0.00    0.00    2.00 ^ clk (in)
                                         clk (net)
                  0.00    0.00    2.00 ^ clkbuf_0_clk/A (CLKBUF_X3)
     8   62.81    0.05    0.07    2.08 ^ clkbuf_0_clk/Z (CLKBUF_X3)
                                         clknet_0_clk (net)
                  0.05    0.00    2.08 ^ clkbuf_3_4__f_clk/A (CLKBUF_X3)
    16   47.32    0.04    0.08    2.16 ^ clkbuf_3_4__f_clk/Z (CLKBUF_X3)
                                         clknet_3_4__leaf_clk (net)
                  0.04    0.00    2.16 ^ clkbuf_leaf_78_clk/A (CLKBUF_X3)
     8   10.28    0.01    0.05    2.21 ^ clkbuf_leaf_78_clk/Z (CLKBUF_X3)
                                         clknet_leaf_78_clk (net)
                  0.01    0.00    2.21 ^ u0.u0.d[1]$_DFF_P_/CK (DFF_X1)
                          0.00    2.21   clock reconvergence pessimism
                         -0.04    2.17   library setup time
                                  2.17   data required time
-----------------------------------------------------------------------------
                                  2.17   data required time
                                 -1.56   data arrival time
-----------------------------------------------------------------------------
                                  0.61   slack (MET)


Startpoint: text_out[103]$_DFF_P_
            (rising edge-triggered flip-flop clocked by clk)
Endpoint: text_out[103] (output port clocked by vclk_clk)
Path Group: vclk_clk
Path Type: max

Fanout     Cap    Slew   Delay    Time   Description
-----------------------------------------------------------------------------
                          0.00    0.00   clock clk (rise edge)
                          0.00    0.00   clock source latency
     1   22.30    0.00    0.00    0.00 ^ clk (in)
                                         clk (net)
                  0.00    0.00    0.00 ^ clkbuf_0_clk/A (CLKBUF_X3)
     8   62.81    0.05    0.07    0.08 ^ clkbuf_0_clk/Z (CLKBUF_X3)
                                         clknet_0_clk (net)
                  0.05    0.00    0.08 ^ clkbuf_3_6__f_clk/A (CLKBUF_X3)
    15   55.54    0.04    0.09    0.17 ^ clkbuf_3_6__f_clk/Z (CLKBUF_X3)
                                         clknet_3_6__leaf_clk (net)
                  0.04    0.00    0.17 ^ clkbuf_leaf_31_clk/A (CLKBUF_X3)
     7    9.31    0.01    0.05    0.22 ^ clkbuf_leaf_31_clk/Z (CLKBUF_X3)
                                         clknet_leaf_31_clk (net)
                  0.01    0.00    0.22 ^ text_out[103]$_DFF_P_/CK (DFF_X1)
     1    5.19    0.01    0.10    0.31 ^ text_out[103]$_DFF_P_/Q (DFF_X1)
                                         net264 (net)
                  0.01    0.00    0.31 ^ output264/A (BUF_X1)
     1    1.54    0.01    0.02    0.34 ^ output264/Z (BUF_X1)
                                         text_out[103] (net)
                  0.01    0.00    0.34 ^ text_out[103] (out)
                                  0.34   data arrival time

                  0.00    2.00    2.00   clock vclk_clk (rise edge)
                          0.21    2.21   clock network delay (ideal)
                          0.00    2.21   clock reconvergence pessimism
                         -0.40    1.81   output external delay
                                  1.81   data required time
-----------------------------------------------------------------------------
                                  1.81   data required time
                                 -0.34   data arrival time
-----------------------------------------------------------------------------
                                  1.47   slack (MET)



==========================================================================
cts final report_checks -unconstrained
--------------------------------------------------------------------------
Startpoint: ld (input port clocked by vclk_clk)
Endpoint: u0.u0.d[1]$_DFF_P_ (rising edge-triggered flip-flop clocked by clk)
Path Group: clk
Path Type: max

Fanout     Cap    Slew   Delay    Time   Description
-----------------------------------------------------------------------------
                  0.00    0.00    0.00   clock vclk_clk (rise edge)
                          0.21    0.21   clock network delay (ideal)
                          0.40    0.61 v input external delay
     1    2.57    0.00    0.00    0.61 v ld (in)
                                         ld (net)
                  0.00    0.00    0.61 v input129/A (BUF_X1)
     4   15.73    0.02    0.04    0.65 v input129/Z (BUF_X1)
                                         net129 (net)
                  0.02    0.00    0.65 v _14257_/A (INV_X2)
    33   87.85    0.10    0.11    0.77 ^ _14257_/ZN (INV_X2)
                                         _03413_ (net)
                  0.10    0.00    0.77 ^ place1559/A (BUF_X4)
    49  130.50    0.06    0.08    0.85 ^ place1559/Z (BUF_X4)
                                         net1559 (net)
                  0.06    0.00    0.85 ^ _21097_/S (MUX2_X1)
    26   54.05    0.12    0.17    1.02 ^ _21097_/Z (MUX2_X1)
                                         _10253_ (net)
                  0.12    0.00    1.03 ^ _21094_/A (INV_X2)
    34   63.17    0.05    0.08    1.11 v _21094_/ZN (INV_X2)
                                         _10250_ (net)
                  0.05    0.00    1.11 v place1165/A (BUF_X1)
    17   30.99    0.03    0.08    1.19 v place1165/Z (BUF_X1)
                                         net1165 (net)
                  0.03    0.00    1.20 v _16977_/A1 (NOR2_X1)
     8   16.68    0.08    0.11    1.31 ^ _16977_/ZN (NOR2_X1)
                                         _06133_ (net)
                  0.08    0.00    1.31 ^ _17007_/B2 (AOI21_X1)
     1    1.21    0.02    0.02    1.33 v _17007_/ZN (AOI21_X1)
                                         _06163_ (net)
                  0.02    0.00    1.33 v _17008_/B (MUX2_X1)
     1    2.19    0.01    0.06    1.39 v _17008_/Z (MUX2_X1)
                                         _06164_ (net)
                  0.01    0.00    1.39 v _17009_/B1 (AOI21_X1)
     1    1.81    0.02    0.03    1.42 ^ _17009_/ZN (AOI21_X1)
                                         _06165_ (net)
                  0.02    0.00    1.42 ^ _17010_/A (AOI21_X1)
     1    1.02    0.01    0.02    1.43 v _17010_/ZN (AOI21_X1)
                                         _06166_ (net)
                  0.01    0.00    1.43 v _17012_/B (MUX2_X1)
     1    3.00    0.01    0.06    1.50 v _17012_/Z (MUX2_X1)
                                         _06168_ (net)
                  0.01    0.00    1.50 v _17013_/B (MUX2_X1)
     1    1.99    0.01    0.06    1.56 v _17013_/Z (MUX2_X1)
                                         _06169_ (net)
                  0.01    0.00    1.56 v u0.u0.d[1]$_DFF_P_/D (DFF_X1)
                                  1.56   data arrival time

                          2.00    2.00   clock clk (rise edge)
                          0.00    2.00   clock source latency
     1   22.30    0.00    0.00    2.00 ^ clk (in)
                                         clk (net)
                  0.00    0.00    2.00 ^ clkbuf_0_clk/A (CLKBUF_X3)
     8   62.81    0.05    0.07    2.08 ^ clkbuf_0_clk/Z (CLKBUF_X3)
                                         clknet_0_clk (net)
                  0.05    0.00    2.08 ^ clkbuf_3_4__f_clk/A (CLKBUF_X3)
    16   47.32    0.04    0.08    2.16 ^ clkbuf_3_4__f_clk/Z (CLKBUF_X3)
                                         clknet_3_4__leaf_clk (net)
                  0.04    0.00    2.16 ^ clkbuf_leaf_78_clk/A (CLKBUF_X3)
     8   10.28    0.01    0.05    2.21 ^ clkbuf_leaf_78_clk/Z (CLKBUF_X3)
                                         clknet_leaf_78_clk (net)
                  0.01    0.00    2.21 ^ u0.u0.d[1]$_DFF_P_/CK (DFF_X1)
                          0.00    2.21   clock reconvergence pessimism
                         -0.04    2.17   library setup time
                                  2.17   data required time
-----------------------------------------------------------------------------
                                  2.17   data required time
                                 -1.56   data arrival time
-----------------------------------------------------------------------------
                                  0.61   slack (MET)


Startpoint: text_out[103]$_DFF_P_
            (rising edge-triggered flip-flop clocked by clk)
Endpoint: text_out[103] (output port clocked by vclk_clk)
Path Group: vclk_clk
Path Type: max

Fanout     Cap    Slew   Delay    Time   Description
-----------------------------------------------------------------------------
                          0.00    0.00   clock clk (rise edge)
                          0.00    0.00   clock source latency
     1   22.30    0.00    0.00    0.00 ^ clk (in)
                                         clk (net)
                  0.00    0.00    0.00 ^ clkbuf_0_clk/A (CLKBUF_X3)
     8   62.81    0.05    0.07    0.08 ^ clkbuf_0_clk/Z (CLKBUF_X3)
                                         clknet_0_clk (net)
                  0.05    0.00    0.08 ^ clkbuf_3_6__f_clk/A (CLKBUF_X3)
    15   55.54    0.04    0.09    0.17 ^ clkbuf_3_6__f_clk/Z (CLKBUF_X3)
                                         clknet_3_6__leaf_clk (net)
                  0.04    0.00    0.17 ^ clkbuf_leaf_31_clk/A (CLKBUF_X3)
     7    9.31    0.01    0.05    0.22 ^ clkbuf_leaf_31_clk/Z (CLKBUF_X3)
                                         clknet_leaf_31_clk (net)
                  0.01    0.00    0.22 ^ text_out[103]$_DFF_P_/CK (DFF_X1)
     1    5.19    0.01    0.10    0.31 ^ text_out[103]$_DFF_P_/Q (DFF_X1)
                                         net264 (net)
                  0.01    0.00    0.31 ^ output264/A (BUF_X1)
     1    1.54    0.01    0.02    0.34 ^ output264/Z (BUF_X1)
                                         text_out[103] (net)
                  0.01    0.00    0.34 ^ text_out[103] (out)
                                  0.34   data arrival time

                  0.00    2.00    2.00   clock vclk_clk (rise edge)
                          0.21    2.21   clock network delay (ideal)
                          0.00    2.21   clock reconvergence pessimism
                         -0.40    1.81   output external delay
                                  1.81   data required time
-----------------------------------------------------------------------------
                                  1.81   data required time
                                 -0.34   data arrival time
-----------------------------------------------------------------------------
                                  1.47   slack (MET)



==========================================================================
cts final report_check_types -max_slew -max_cap -max_fanout -violators
--------------------------------------------------------------------------

==========================================================================
cts final max_slew_check_slack
--------------------------------------------------------------------------
0.07073809951543808

==========================================================================
cts final max_slew_check_limit
--------------------------------------------------------------------------
0.1985349953174591

==========================================================================
cts final max_slew_check_slack_limit
--------------------------------------------------------------------------
0.3563

==========================================================================
cts final max_fanout_check_slack
--------------------------------------------------------------------------
1.0000000150474662e+30

==========================================================================
cts final max_fanout_check_limit
--------------------------------------------------------------------------
1.0000000150474662e+30

==========================================================================
cts final max_capacitance_check_slack
--------------------------------------------------------------------------
-0.2901240289211273

==========================================================================
cts final max_capacitance_check_limit
--------------------------------------------------------------------------
26.016199111938477

==========================================================================
cts final max_capacitance_check_slack_limit
--------------------------------------------------------------------------
-0.0112

==========================================================================
cts final max_slew_violation_count
--------------------------------------------------------------------------
max slew violation count 0

==========================================================================
cts final max_fanout_violation_count
--------------------------------------------------------------------------
max fanout violation count 0

==========================================================================
cts final max_cap_violation_count
--------------------------------------------------------------------------
max cap violation count 0

==========================================================================
cts final setup_violation_count
--------------------------------------------------------------------------
setup violation count 0

==========================================================================
cts final hold_violation_count
--------------------------------------------------------------------------
hold violation count 0

==========================================================================
cts final report_checks -path_delay max reg to reg
--------------------------------------------------------------------------
Startpoint: u0.w[0][12]$_DFF_P_ (rising edge-triggered flip-flop clocked by clk)
Endpoint: u0.u1.d[4]$_DFF_P_ (rising edge-triggered flip-flop clocked by clk)
Path Group: clk
Path Type: max

  Delay    Time   Description
---------------------------------------------------------
   0.00    0.00   clock clk (rise edge)
   0.00    0.00   clock source latency
   0.00    0.00 ^ clk (in)
   0.08    0.08 ^ clkbuf_0_clk/Z (CLKBUF_X3)
   0.09    0.17 ^ clkbuf_3_6__f_clk/Z (CLKBUF_X3)
   0.05    0.22 ^ clkbuf_leaf_32_clk/Z (CLKBUF_X3)
   0.00    0.22 ^ u0.w[0][12]$_DFF_P_/CK (DFF_X1)
   0.15    0.36 ^ u0.w[0][12]$_DFF_P_/Q (DFF_X1)
   0.09    0.45 ^ _18138_/Z (XOR2_X1)
   0.10    0.55 ^ _19325_/Z (XOR2_X1)
   0.10    0.65 ^ _20208_/Z (XOR2_X1)
   0.06    0.71 ^ _20945_/ZN (XNOR2_X1)
   0.14    0.84 ^ _20957_/Z (MUX2_X1)
   0.08    0.93 v _20955_/ZN (INV_X1)
   0.08    1.01 v place1170/Z (BUF_X1)
   0.14    1.14 ^ _21479_/ZN (NOR2_X1)
   0.03    1.17 v _16307_/ZN (OAI21_X1)
   0.04    1.20 v _16308_/ZN (AND2_X1)
   0.05    1.26 ^ _16313_/ZN (OAI221_X1)
   0.02    1.28 v _16318_/ZN (AOI22_X1)
   0.06    1.34 v _16332_/Z (MUX2_X1)
   0.06    1.40 v _16334_/Z (MUX2_X1)
   0.00    1.40 v u0.u1.d[4]$_DFF_P_/D (DFF_X1)
           1.40   data arrival time

   2.00    2.00   clock clk (rise edge)
   0.00    2.00   clock source latency
   0.00    2.00 ^ clk (in)
   0.08    2.08 ^ clkbuf_0_clk/Z (CLKBUF_X3)
   0.08    2.15 ^ clkbuf_3_1__f_clk/Z (CLKBUF_X3)
   0.05    2.20 ^ clkbuf_leaf_90_clk/Z (CLKBUF_X3)
   0.00    2.20 ^ u0.u1.d[4]$_DFF_P_/CK (DFF_X1)
   0.00    2.20   clock reconvergence pessimism
  -0.04    2.16   library setup time
           2.16   data required time
---------------------------------------------------------
           2.16   data required time
          -1.40   data arrival time
---------------------------------------------------------
           0.76   slack (MET)



==========================================================================
cts final report_checks -path_delay min reg to reg
--------------------------------------------------------------------------
Startpoint: u0.r0.rcnt[0]$_SDFF_PP0_
            (rising edge-triggered flip-flop clocked by clk)
Endpoint: u0.r0.rcnt[0]$_SDFF_PP0_
          (rising edge-triggered flip-flop clocked by clk)
Path Group: clk
Path Type: min

  Delay    Time   Description
---------------------------------------------------------
   0.00    0.00   clock clk (rise edge)
   0.00    0.00   clock source latency
   0.00    0.00 ^ clk (in)
   0.08    0.08 ^ clkbuf_0_clk/Z (CLKBUF_X3)
   0.08    0.16 ^ clkbuf_3_4__f_clk/Z (CLKBUF_X3)
   0.05    0.21 ^ clkbuf_leaf_75_clk/Z (CLKBUF_X3)
   0.00    0.21 ^ u0.r0.rcnt[0]$_SDFF_PP0_/CK (DFF_X1)
   0.07    0.28 v u0.r0.rcnt[0]$_SDFF_PP0_/QN (DFF_X1)
   0.02    0.30 ^ _14521_/ZN (INV_X1)
   0.01    0.32 v _21466_/ZN (NOR2_X1)
   0.00    0.32 v u0.r0.rcnt[0]$_SDFF_PP0_/D (DFF_X1)
           0.32   data arrival time

   0.00    0.00   clock clk (rise edge)
   0.00    0.00   clock source latency
   0.00    0.00 ^ clk (in)
   0.08    0.08 ^ clkbuf_0_clk/Z (CLKBUF_X3)
   0.08    0.16 ^ clkbuf_3_4__f_clk/Z (CLKBUF_X3)
   0.05    0.21 ^ clkbuf_leaf_75_clk/Z (CLKBUF_X3)
   0.00    0.21 ^ u0.r0.rcnt[0]$_SDFF_PP0_/CK (DFF_X1)
   0.00    0.21   clock reconvergence pessimism
   0.00    0.21   library hold time
           0.21   data required time
---------------------------------------------------------
           0.21   data required time
          -0.32   data arrival time
---------------------------------------------------------
           0.11   slack (MET)



==========================================================================
cts final critical path target clock latency max path
--------------------------------------------------------------------------
0.2073

==========================================================================
cts final critical path target clock latency min path
--------------------------------------------------------------------------
0.2167

==========================================================================
cts final critical path source clock latency min path
--------------------------------------------------------------------------
0.2100

==========================================================================
cts final critical path delay
--------------------------------------------------------------------------
1.5563

==========================================================================
cts final critical path slack
--------------------------------------------------------------------------
0.6142

==========================================================================
cts final slack div critical path delay
--------------------------------------------------------------------------
39.465399

==========================================================================
cts final report_power
--------------------------------------------------------------------------
Group                  Internal  Switching    Leakage      Total
                          Power      Power      Power      Power (Watts)
----------------------------------------------------------------
Sequential             3.88e-03   1.60e-03   4.44e-05   5.53e-03   3.5%
Combinational          6.56e-02   8.28e-02   3.38e-04   1.49e-01  95.5%
Clock                  7.06e-04   8.43e-04   5.12e-06   1.55e-03   1.0%
Macro                  0.00e+00   0.00e+00   0.00e+00   0.00e+00   0.0%
Pad                    0.00e+00   0.00e+00   0.00e+00   0.00e+00   0.0%
----------------------------------------------------------------
Total                  7.02e-02   8.52e-02   3.88e-04   1.56e-01 100.0%
                          45.0%      54.7%       0.2%
