
==========================================================================
finish report_tns
--------------------------------------------------------------------------
tns max 0.00

==========================================================================
finish report_wns
--------------------------------------------------------------------------
wns max 0.00

==========================================================================
finish report_worst_slack
--------------------------------------------------------------------------
worst slack max 0.59

==========================================================================
finish report_clock_min_period
--------------------------------------------------------------------------
clk period_min = 1.23 fmax = 815.71
vclk_clk period_min = 0.00 fmax = inf

==========================================================================
finish report_clock_skew
--------------------------------------------------------------------------
Clock clk
   0.18 source latency sa21_sr[5]$_DFF_P_/CK ^
  -0.21 target latency sa32_sr[6]$_DFF_P_/CK ^
   0.00 CRPR
--------------
  -0.03 setup skew

Clock vclk_clk
No launch/capture paths found.


==========================================================================
finish report_checks -path_delay min
--------------------------------------------------------------------------
Startpoint: u0.r0.rcnt[0]$_SDFF_PP0_
            (rising edge-triggered flip-flop clocked by clk)
Endpoint: u0.r0.rcnt[0]$_SDFF_PP0_
          (rising edge-triggered flip-flop clocked by clk)
Path Group: clk
Path Type: min

Fanout     Cap    Slew   Delay    Time   Description
-----------------------------------------------------------------------------
                          0.00    0.00   clock clk (rise edge)
                          0.00    0.00   clock source latency
     1   16.96    0.00    0.00    0.00 ^ clk (in)
                                         clk (net)
                  0.00    0.00    0.00 ^ clkbuf_0_clk/A (CLKBUF_X3)
     8   53.44    0.04    0.07    0.07 ^ clkbuf_0_clk/Z (CLKBUF_X3)
                                         clknet_0_clk (net)
                  0.04    0.00    0.07 ^ clkbuf_3_4__f_clk/A (CLKBUF_X3)
    16   45.88    0.04    0.08    0.15 ^ clkbuf_3_4__f_clk/Z (CLKBUF_X3)
                                         clknet_3_4__leaf_clk (net)
                  0.04    0.00    0.15 ^ clkbuf_leaf_75_clk/A (CLKBUF_X3)
     8   10.66    0.01    0.05    0.20 ^ clkbuf_leaf_75_clk/Z (CLKBUF_X3)
                                         clknet_leaf_75_clk (net)
                  0.01    0.00    0.20 ^ u0.r0.rcnt[0]$_SDFF_PP0_/CK (DFF_X1)
     2    3.53    0.01    0.07    0.27 v u0.r0.rcnt[0]$_SDFF_PP0_/QN (DFF_X1)
                                         _00568_ (net)
                  0.01    0.00    0.27 v _14521_/A (INV_X1)
     3    4.92    0.01    0.02    0.29 ^ _14521_/ZN (INV_X1)
                                         _03677_ (net)
                  0.01    0.00    0.29 ^ _21466_/A2 (NOR2_X1)
     3    3.56    0.01    0.01    0.31 v _21466_/ZN (NOR2_X1)
                                         _10622_ (net)
                  0.01    0.00    0.31 v u0.r0.rcnt[0]$_SDFF_PP0_/D (DFF_X1)
                                  0.31   data arrival time

                          0.00    0.00   clock clk (rise edge)
                          0.00    0.00   clock source latency
     1   16.96    0.00    0.00    0.00 ^ clk (in)
                                         clk (net)
                  0.00    0.00    0.00 ^ clkbuf_0_clk/A (CLKBUF_X3)
     8   53.44    0.04    0.07    0.07 ^ clkbuf_0_clk/Z (CLKBUF_X3)
                                         clknet_0_clk (net)
                  0.04    0.00    0.07 ^ clkbuf_3_4__f_clk/A (CLKBUF_X3)
    16   45.88    0.04    0.08    0.15 ^ clkbuf_3_4__f_clk/Z (CLKBUF_X3)
                                         clknet_3_4__leaf_clk (net)
                  0.04    0.00    0.15 ^ clkbuf_leaf_75_clk/A (CLKBUF_X3)
     8   10.66    0.01    0.05    0.20 ^ clkbuf_leaf_75_clk/Z (CLKBUF_X3)
                                         clknet_leaf_75_clk (net)
                  0.01    0.00    0.20 ^ u0.r0.rcnt[0]$_SDFF_PP0_/CK (DFF_X1)
                          0.00    0.20   clock reconvergence pessimism
                          0.00    0.20   library hold time
                                  0.20   data required time
-----------------------------------------------------------------------------
                                  0.20   data required time
                                 -0.31   data arrival time
-----------------------------------------------------------------------------
                                  0.11   slack (MET)


Startpoint: done$_DFF_P_ (rising edge-triggered flip-flop clocked by clk)
Endpoint: done (output port clocked by vclk_clk)
Path Group: vclk_clk
Path Type: min

Fanout     Cap    Slew   Delay    Time   Description
-----------------------------------------------------------------------------
                          0.00    0.00   clock clk (rise edge)
                          0.00    0.00   clock source latency
     1   16.96    0.00    0.00    0.00 ^ clk (in)
                                         clk (net)
                  0.00    0.00    0.00 ^ clkbuf_0_clk/A (CLKBUF_X3)
     8   53.44    0.04    0.07    0.07 ^ clkbuf_0_clk/Z (CLKBUF_X3)
                                         clknet_0_clk (net)
                  0.04    0.00    0.07 ^ clkbuf_3_3__f_clk/A (CLKBUF_X3)
    11   34.00    0.03    0.07    0.14 ^ clkbuf_3_3__f_clk/Z (CLKBUF_X3)
                                         clknet_3_3__leaf_clk (net)
                  0.03    0.00    0.14 ^ clkbuf_leaf_19_clk/A (CLKBUF_X3)
     7    8.49    0.01    0.04    0.18 ^ clkbuf_leaf_19_clk/Z (CLKBUF_X3)
                                         clknet_leaf_19_clk (net)
                  0.01    0.00    0.18 ^ done$_DFF_P_/CK (DFF_X1)
     1    0.89    0.01    0.08    0.27 v done$_DFF_P_/Q (DFF_X1)
                                         net259 (net)
                  0.01    0.00    0.27 v output259/A (BUF_X1)
     1    0.83    0.00    0.02    0.29 v output259/Z (BUF_X1)
                                         done (net)
                  0.00    0.00    0.29 v done (out)
                                  0.29   data arrival time

                  0.00    0.00    0.00   clock vclk_clk (rise edge)
                          0.21    0.21   clock network delay (ideal)
                          0.00    0.21   clock reconvergence pessimism
                         -0.40   -0.19   output external delay
                                 -0.19   data required time
-----------------------------------------------------------------------------
                                 -0.19   data required time
                                 -0.29   data arrival time
-----------------------------------------------------------------------------
                                  0.48   slack (MET)



==========================================================================
finish report_checks -path_delay max
--------------------------------------------------------------------------
Startpoint: ld (input port clocked by vclk_clk)
Endpoint: u0.u0.d[1]$_DFF_P_ (rising edge-triggered flip-flop clocked by clk)
Path Group: clk
Path Type: max

Fanout     Cap    Slew   Delay    Time   Description
-----------------------------------------------------------------------------
                  0.00    0.00    0.00   clock vclk_clk (rise edge)
                          0.21    0.21   clock network delay (ideal)
                          0.40    0.61 v input external delay
     1    1.99    0.00    0.00    0.61 v ld (in)
                                         ld (net)
                  0.00    0.00    0.61 v input129/A (BUF_X1)
     4   13.86    0.02    0.04    0.65 v input129/Z (BUF_X1)
                                         net129 (net)
                  0.02    0.00    0.65 v _14257_/A (INV_X2)
    33   88.03    0.10    0.11    0.76 ^ _14257_/ZN (INV_X2)
                                         _03413_ (net)
                  0.10    0.00    0.77 ^ place1559/A (BUF_X4)
    49  128.52    0.06    0.08    0.85 ^ place1559/Z (BUF_X4)
                                         net1559 (net)
                  0.06    0.00    0.85 ^ _21097_/S (MUX2_X1)
    26   55.66    0.12    0.17    1.02 ^ _21097_/Z (MUX2_X1)
                                         _10253_ (net)
                  0.12    0.00    1.03 ^ _21094_/A (INV_X2)
    34   66.19    0.06    0.08    1.11 v _21094_/ZN (INV_X2)
                                         _10250_ (net)
                  0.06    0.00    1.11 v place1165/A (BUF_X1)
    17   32.47    0.03    0.09    1.20 v place1165/Z (BUF_X1)
                                         net1165 (net)
                  0.04    0.00    1.20 v _16977_/A1 (NOR2_X1)
     8   17.80    0.09    0.12    1.32 ^ _16977_/ZN (NOR2_X1)
                                         _06133_ (net)
                  0.09    0.00    1.32 ^ _17007_/B2 (AOI21_X1)
     1    1.28    0.02    0.02    1.34 v _17007_/ZN (AOI21_X1)
                                         _06163_ (net)
                  0.02    0.00    1.34 v _17008_/B (MUX2_X1)
     1    2.42    0.01    0.06    1.40 v _17008_/Z (MUX2_X1)
                                         _06164_ (net)
                  0.01    0.00    1.40 v _17009_/B1 (AOI21_X1)
     1    1.76    0.02    0.03    1.43 ^ _17009_/ZN (AOI21_X1)
                                         _06165_ (net)
                  0.02    0.00    1.43 ^ _17010_/A (AOI21_X1)
     1    0.98    0.01    0.01    1.44 v _17010_/ZN (AOI21_X1)
                                         _06166_ (net)
                  0.01    0.00    1.44 v _17012_/B (MUX2_X1)
     1    3.37    0.01    0.06    1.51 v _17012_/Z (MUX2_X1)
                                         _06168_ (net)
                  0.01    0.00    1.51 v _17013_/B (MUX2_X1)
     1    1.95    0.01    0.06    1.57 v _17013_/Z (MUX2_X1)
                                         _06169_ (net)
                  0.01    0.00    1.57 v u0.u0.d[1]$_DFF_P_/D (DFF_X1)
                                  1.57   data arrival time

                          2.00    2.00   clock clk (rise edge)
                          0.00    2.00   clock source latency
     1   16.96    0.00    0.00    2.00 ^ clk (in)
                                         clk (net)
                  0.00    0.00    2.00 ^ clkbuf_0_clk/A (CLKBUF_X3)
     8   53.44    0.04    0.07    2.07 ^ clkbuf_0_clk/Z (CLKBUF_X3)
                                         clknet_0_clk (net)
                  0.04    0.00    2.07 ^ clkbuf_3_4__f_clk/A (CLKBUF_X3)
    16   45.88    0.04    0.08    2.15 ^ clkbuf_3_4__f_clk/Z (CLKBUF_X3)
                                         clknet_3_4__leaf_clk (net)
                  0.04    0.00    2.15 ^ clkbuf_leaf_78_clk/A (CLKBUF_X3)
     8   10.10    0.01    0.05    2.20 ^ clkbuf_leaf_78_clk/Z (CLKBUF_X3)
                                         clknet_leaf_78_clk (net)
                  0.01    0.00    2.20 ^ u0.u0.d[1]$_DFF_P_/CK (DFF_X1)
                          0.00    2.20   clock reconvergence pessimism
                         -0.04    2.16   library setup time
                                  2.16   data required time
-----------------------------------------------------------------------------
                                  2.16   data required time
                                 -1.57   data arrival time
-----------------------------------------------------------------------------
                                  0.59   slack (MET)


Startpoint: text_out[103]$_DFF_P_
            (rising edge-triggered flip-flop clocked by clk)
Endpoint: text_out[103] (output port clocked by vclk_clk)
Path Group: vclk_clk
Path Type: max

Fanout     Cap    Slew   Delay    Time   Description
-----------------------------------------------------------------------------
                          0.00    0.00   clock clk (rise edge)
                          0.00    0.00   clock source latency
     1   16.96    0.00    0.00    0.00 ^ clk (in)
                                         clk (net)
                  0.00    0.00    0.00 ^ clkbuf_0_clk/A (CLKBUF_X3)
     8   53.44    0.04    0.07    0.07 ^ clkbuf_0_clk/Z (CLKBUF_X3)
                                         clknet_0_clk (net)
                  0.04    0.00    0.07 ^ clkbuf_3_6__f_clk/A (CLKBUF_X3)
    15   53.13    0.04    0.08    0.15 ^ clkbuf_3_6__f_clk/Z (CLKBUF_X3)
                                         clknet_3_6__leaf_clk (net)
                  0.04    0.00    0.16 ^ clkbuf_leaf_31_clk/A (CLKBUF_X3)
     7    9.23    0.01    0.05    0.20 ^ clkbuf_leaf_31_clk/Z (CLKBUF_X3)
                                         clknet_leaf_31_clk (net)
                  0.01    0.00    0.20 ^ text_out[103]$_DFF_P_/CK (DFF_X1)
     1    4.83    0.01    0.10    0.30 ^ text_out[103]$_DFF_P_/Q (DFF_X1)
                                         net264 (net)
                  0.01    0.00    0.30 ^ output264/A (BUF_X1)
     1    1.03    0.01    0.02    0.32 ^ output264/Z (BUF_X1)
                                         text_out[103] (net)
                  0.01    0.00    0.32 ^ text_out[103] (out)
                                  0.32   data arrival time

                  0.00    2.00    2.00   clock vclk_clk (rise edge)
                          0.21    2.21   clock network delay (ideal)
                          0.00    2.21   clock reconvergence pessimism
                         -0.40    1.81   output external delay
                                  1.81   data required time
-----------------------------------------------------------------------------
                                  1.81   data required time
                                 -0.32   data arrival time
-----------------------------------------------------------------------------
                                  1.49   slack (MET)



==========================================================================
finish report_checks -unconstrained
--------------------------------------------------------------------------
Startpoint: ld (input port clocked by vclk_clk)
Endpoint: u0.u0.d[1]$_DFF_P_ (rising edge-triggered flip-flop clocked by clk)
Path Group: clk
Path Type: max

Fanout     Cap    Slew   Delay    Time   Description
-----------------------------------------------------------------------------
                  0.00    0.00    0.00   clock vclk_clk (rise edge)
                          0.21    0.21   clock network delay (ideal)
                          0.40    0.61 v input external delay
     1    1.99    0.00    0.00    0.61 v ld (in)
                                         ld (net)
                  0.00    0.00    0.61 v input129/A (BUF_X1)
     4   13.86    0.02    0.04    0.65 v input129/Z (BUF_X1)
                                         net129 (net)
                  0.02    0.00    0.65 v _14257_/A (INV_X2)
    33   88.03    0.10    0.11    0.76 ^ _14257_/ZN (INV_X2)
                                         _03413_ (net)
                  0.10    0.00    0.77 ^ place1559/A (BUF_X4)
    49  128.52    0.06    0.08    0.85 ^ place1559/Z (BUF_X4)
                                         net1559 (net)
                  0.06    0.00    0.85 ^ _21097_/S (MUX2_X1)
    26   55.66    0.12    0.17    1.02 ^ _21097_/Z (MUX2_X1)
                                         _10253_ (net)
                  0.12    0.00    1.03 ^ _21094_/A (INV_X2)
    34   66.19    0.06    0.08    1.11 v _21094_/ZN (INV_X2)
                                         _10250_ (net)
                  0.06    0.00    1.11 v place1165/A (BUF_X1)
    17   32.47    0.03    0.09    1.20 v place1165/Z (BUF_X1)
                                         net1165 (net)
                  0.04    0.00    1.20 v _16977_/A1 (NOR2_X1)
     8   17.80    0.09    0.12    1.32 ^ _16977_/ZN (NOR2_X1)
                                         _06133_ (net)
                  0.09    0.00    1.32 ^ _17007_/B2 (AOI21_X1)
     1    1.28    0.02    0.02    1.34 v _17007_/ZN (AOI21_X1)
                                         _06163_ (net)
                  0.02    0.00    1.34 v _17008_/B (MUX2_X1)
     1    2.42    0.01    0.06    1.40 v _17008_/Z (MUX2_X1)
                                         _06164_ (net)
                  0.01    0.00    1.40 v _17009_/B1 (AOI21_X1)
     1    1.76    0.02    0.03    1.43 ^ _17009_/ZN (AOI21_X1)
                                         _06165_ (net)
                  0.02    0.00    1.43 ^ _17010_/A (AOI21_X1)
     1    0.98    0.01    0.01    1.44 v _17010_/ZN (AOI21_X1)
                                         _06166_ (net)
                  0.01    0.00    1.44 v _17012_/B (MUX2_X1)
     1    3.37    0.01    0.06    1.51 v _17012_/Z (MUX2_X1)
                                         _06168_ (net)
                  0.01    0.00    1.51 v _17013_/B (MUX2_X1)
     1    1.95    0.01    0.06    1.57 v _17013_/Z (MUX2_X1)
                                         _06169_ (net)
                  0.01    0.00    1.57 v u0.u0.d[1]$_DFF_P_/D (DFF_X1)
                                  1.57   data arrival time

                          2.00    2.00   clock clk (rise edge)
                          0.00    2.00   clock source latency
     1   16.96    0.00    0.00    2.00 ^ clk (in)
                                         clk (net)
                  0.00    0.00    2.00 ^ clkbuf_0_clk/A (CLKBUF_X3)
     8   53.44    0.04    0.07    2.07 ^ clkbuf_0_clk/Z (CLKBUF_X3)
                                         clknet_0_clk (net)
                  0.04    0.00    2.07 ^ clkbuf_3_4__f_clk/A (CLKBUF_X3)
    16   45.88    0.04    0.08    2.15 ^ clkbuf_3_4__f_clk/Z (CLKBUF_X3)
                                         clknet_3_4__leaf_clk (net)
                  0.04    0.00    2.15 ^ clkbuf_leaf_78_clk/A (CLKBUF_X3)
     8   10.10    0.01    0.05    2.20 ^ clkbuf_leaf_78_clk/Z (CLKBUF_X3)
                                         clknet_leaf_78_clk (net)
                  0.01    0.00    2.20 ^ u0.u0.d[1]$_DFF_P_/CK (DFF_X1)
                          0.00    2.20   clock reconvergence pessimism
                         -0.04    2.16   library setup time
                                  2.16   data required time
-----------------------------------------------------------------------------
                                  2.16   data required time
                                 -1.57   data arrival time
-----------------------------------------------------------------------------
                                  0.59   slack (MET)


Startpoint: text_out[103]$_DFF_P_
            (rising edge-triggered flip-flop clocked by clk)
Endpoint: text_out[103] (output port clocked by vclk_clk)
Path Group: vclk_clk
Path Type: max

Fanout     Cap    Slew   Delay    Time   Description
-----------------------------------------------------------------------------
                          0.00    0.00   clock clk (rise edge)
                          0.00    0.00   clock source latency
     1   16.96    0.00    0.00    0.00 ^ clk (in)
                                         clk (net)
                  0.00    0.00    0.00 ^ clkbuf_0_clk/A (CLKBUF_X3)
     8   53.44    0.04    0.07    0.07 ^ clkbuf_0_clk/Z (CLKBUF_X3)
                                         clknet_0_clk (net)
                  0.04    0.00    0.07 ^ clkbuf_3_6__f_clk/A (CLKBUF_X3)
    15   53.13    0.04    0.08    0.15 ^ clkbuf_3_6__f_clk/Z (CLKBUF_X3)
                                         clknet_3_6__leaf_clk (net)
                  0.04    0.00    0.16 ^ clkbuf_leaf_31_clk/A (CLKBUF_X3)
     7    9.23    0.01    0.05    0.20 ^ clkbuf_leaf_31_clk/Z (CLKBUF_X3)
                                         clknet_leaf_31_clk (net)
                  0.01    0.00    0.20 ^ text_out[103]$_DFF_P_/CK (DFF_X1)
     1    4.83    0.01    0.10    0.30 ^ text_out[103]$_DFF_P_/Q (DFF_X1)
                                         net264 (net)
                  0.01    0.00    0.30 ^ output264/A (BUF_X1)
     1    1.03    0.01    0.02    0.32 ^ output264/Z (BUF_X1)
                                         text_out[103] (net)
                  0.01    0.00    0.32 ^ text_out[103] (out)
                                  0.32   data arrival time

                  0.00    2.00    2.00   clock vclk_clk (rise edge)
                          0.21    2.21   clock network delay (ideal)
                          0.00    2.21   clock reconvergence pessimism
                         -0.40    1.81   output external delay
                                  1.81   data required time
-----------------------------------------------------------------------------
                                  1.81   data required time
                                 -0.32   data arrival time
-----------------------------------------------------------------------------
                                  1.49   slack (MET)



==========================================================================
finish report_check_types -max_slew -max_cap -max_fanout -violators
--------------------------------------------------------------------------
max capacitance

Pin                                    Limit     Cap   Slack
------------------------------------------------------------
_12655_/ZN                             26.70   28.08   -1.38 (VIOLATED)

_12267_/ZN                             26.70   28.08   -1.38 (VIOLATED)

_12415_/ZN                             26.02   27.35   -1.33 (VIOLATED)

_21708_/ZN                             26.70   27.93   -1.23 (VIOLATED)


==========================================================================
finish max_slew_check_slack
--------------------------------------------------------------------------
0.06607242673635483

==========================================================================
finish max_slew_check_limit
--------------------------------------------------------------------------
0.1985349953174591

==========================================================================
finish max_slew_check_slack_limit
--------------------------------------------------------------------------
0.3328

==========================================================================
finish max_fanout_check_slack
--------------------------------------------------------------------------
1.0000000150474662e+30

==========================================================================
finish max_fanout_check_limit
--------------------------------------------------------------------------
1.0000000150474662e+30

==========================================================================
finish max_capacitance_check_slack
--------------------------------------------------------------------------
-1.379015326499939

==========================================================================
finish max_capacitance_check_limit
--------------------------------------------------------------------------
26.702899932861328

==========================================================================
finish max_capacitance_check_slack_limit
--------------------------------------------------------------------------
-0.0516

==========================================================================
finish max_slew_violation_count
--------------------------------------------------------------------------
max slew violation count 0

==========================================================================
finish max_fanout_violation_count
--------------------------------------------------------------------------
max fanout violation count 0

==========================================================================
finish max_cap_violation_count
--------------------------------------------------------------------------
max cap violation count 4

==========================================================================
finish setup_violation_count
--------------------------------------------------------------------------
setup violation count 0

==========================================================================
finish hold_violation_count
--------------------------------------------------------------------------
hold violation count 0

==========================================================================
finish report_checks -path_delay max reg to reg
--------------------------------------------------------------------------
Startpoint: u0.w[0][12]$_DFF_P_ (rising edge-triggered flip-flop clocked by clk)
Endpoint: u0.u1.d[4]$_DFF_P_ (rising edge-triggered flip-flop clocked by clk)
Path Group: clk
Path Type: max

  Delay    Time   Description
---------------------------------------------------------
   0.00    0.00   clock clk (rise edge)
   0.00    0.00   clock source latency
   0.00    0.00 ^ clk (in)
   0.07    0.07 ^ clkbuf_0_clk/Z (CLKBUF_X3)
   0.09    0.15 ^ clkbuf_3_6__f_clk/Z (CLKBUF_X3)
   0.05    0.20 ^ clkbuf_leaf_32_clk/Z (CLKBUF_X3)
   0.00    0.20 ^ u0.w[0][12]$_DFF_P_/CK (DFF_X1)
   0.14    0.35 ^ u0.w[0][12]$_DFF_P_/Q (DFF_X1)
   0.08    0.43 ^ _18138_/Z (XOR2_X1)
   0.09    0.52 ^ _19325_/Z (XOR2_X1)
   0.09    0.61 ^ _20208_/Z (XOR2_X1)
   0.06    0.66 ^ _20945_/ZN (XNOR2_X1)
   0.14    0.80 ^ _20957_/Z (MUX2_X1)
   0.08    0.88 v _20955_/ZN (INV_X1)
   0.08    0.96 v place1170/Z (BUF_X1)
   0.15    1.11 ^ _21479_/ZN (NOR2_X1)
   0.03    1.14 v _16307_/ZN (OAI21_X1)
   0.04    1.18 v _16308_/ZN (AND2_X1)
   0.05    1.23 ^ _16313_/ZN (OAI221_X1)
   0.02    1.25 v _16318_/ZN (AOI22_X1)
   0.06    1.31 v _16332_/Z (MUX2_X1)
   0.06    1.38 v _16334_/Z (MUX2_X1)
   0.00    1.38 v u0.u1.d[4]$_DFF_P_/D (DFF_X1)
           1.38   data arrival time

   2.00    2.00   clock clk (rise edge)
   0.00    2.00   clock source latency
   0.00    2.00 ^ clk (in)
   0.07    2.07 ^ clkbuf_0_clk/Z (CLKBUF_X3)
   0.07    2.14 ^ clkbuf_3_1__f_clk/Z (CLKBUF_X3)
   0.05    2.19 ^ clkbuf_leaf_90_clk/Z (CLKBUF_X3)
   0.00    2.19 ^ u0.u1.d[4]$_DFF_P_/CK (DFF_X1)
   0.00    2.19   clock reconvergence pessimism
  -0.04    2.15   library setup time
           2.15   data required time
---------------------------------------------------------
           2.15   data required time
          -1.38   data arrival time
---------------------------------------------------------
           0.77   slack (MET)



==========================================================================
finish report_checks -path_delay min reg to reg
--------------------------------------------------------------------------
Startpoint: u0.r0.rcnt[0]$_SDFF_PP0_
            (rising edge-triggered flip-flop clocked by clk)
Endpoint: u0.r0.rcnt[0]$_SDFF_PP0_
          (rising edge-triggered flip-flop clocked by clk)
Path Group: clk
Path Type: min

  Delay    Time   Description
---------------------------------------------------------
   0.00    0.00   clock clk (rise edge)
   0.00    0.00   clock source latency
   0.00    0.00 ^ clk (in)
   0.07    0.07 ^ clkbuf_0_clk/Z (CLKBUF_X3)
   0.08    0.15 ^ clkbuf_3_4__f_clk/Z (CLKBUF_X3)
   0.05    0.20 ^ clkbuf_leaf_75_clk/Z (CLKBUF_X3)
   0.00    0.20 ^ u0.r0.rcnt[0]$_SDFF_PP0_/CK (DFF_X1)
   0.07    0.27 v u0.r0.rcnt[0]$_SDFF_PP0_/QN (DFF_X1)
   0.02    0.29 ^ _14521_/ZN (INV_X1)
   0.01    0.31 v _21466_/ZN (NOR2_X1)
   0.00    0.31 v u0.r0.rcnt[0]$_SDFF_PP0_/D (DFF_X1)
           0.31   data arrival time

   0.00    0.00   clock clk (rise edge)
   0.00    0.00   clock source latency
   0.00    0.00 ^ clk (in)
   0.07    0.07 ^ clkbuf_0_clk/Z (CLKBUF_X3)
   0.08    0.15 ^ clkbuf_3_4__f_clk/Z (CLKBUF_X3)
   0.05    0.20 ^ clkbuf_leaf_75_clk/Z (CLKBUF_X3)
   0.00    0.20 ^ u0.r0.rcnt[0]$_SDFF_PP0_/CK (DFF_X1)
   0.00    0.20   clock reconvergence pessimism
   0.00    0.20   library hold time
           0.20   data required time
---------------------------------------------------------
           0.20   data required time
          -0.31   data arrival time
---------------------------------------------------------
           0.11   slack (MET)



==========================================================================
finish critical path target clock latency max path
--------------------------------------------------------------------------
0.1963

==========================================================================
finish critical path target clock latency min path
--------------------------------------------------------------------------
0.2050

==========================================================================
finish critical path source clock latency min path
--------------------------------------------------------------------------
0.2100

==========================================================================
finish critical path delay
--------------------------------------------------------------------------
1.5683

==========================================================================
finish critical path slack
--------------------------------------------------------------------------
0.5912

==========================================================================
finish slack div critical path delay
--------------------------------------------------------------------------
37.696869

==========================================================================
finish report_power
--------------------------------------------------------------------------
Group                  Internal  Switching    Leakage      Total
                          Power      Power      Power      Power (Watts)
----------------------------------------------------------------
Sequential             3.88e-03   1.58e-03   4.44e-05   5.51e-03   3.5%
Combinational          6.59e-02   8.61e-02   3.38e-04   1.52e-01  95.6%
Clock                  7.02e-04   8.16e-04   5.12e-06   1.52e-03   1.0%
Macro                  0.00e+00   0.00e+00   0.00e+00   0.00e+00   0.0%
Pad                    0.00e+00   0.00e+00   0.00e+00   0.00e+00   0.0%
----------------------------------------------------------------
Total                  7.05e-02   8.85e-02   3.88e-04   1.59e-01 100.0%
                          44.2%      55.5%       0.2%
