
==========================================================================
detailed place report_tns
--------------------------------------------------------------------------
tns max 0.00

==========================================================================
detailed place report_wns
--------------------------------------------------------------------------
wns max 0.00

==========================================================================
detailed place report_worst_slack
--------------------------------------------------------------------------
worst slack max 0.00

==========================================================================
detailed place report_clock_min_period
--------------------------------------------------------------------------
clk period_min = 0.82 fmax = 1220.06
vclk_clk period_min = 0.00 fmax = inf

==========================================================================
detailed place report_checks -path_delay min
--------------------------------------------------------------------------
Startpoint: u0.r0.rcnt[0]$_SDFF_PP0_
            (rising edge-triggered flip-flop clocked by clk)
Endpoint: u0.r0.rcnt[0]$_SDFF_PP0_
          (rising edge-triggered flip-flop clocked by clk)
Path Group: clk
Path Type: min

Fanout     Cap    Slew   Delay    Time   Description
-----------------------------------------------------------------------------
                  0.00    0.00    0.00   clock clk (rise edge)
                          0.21    0.21   clock network delay (ideal)
                  0.00    0.00    0.21 ^ u0.r0.rcnt[0]$_SDFF_PP0_/CK (DFF_X1)
     2    3.41    0.01    0.07    0.28 v u0.r0.rcnt[0]$_SDFF_PP0_/QN (DFF_X1)
                                         _00568_ (net)
                  0.01    0.00    0.28 v _14521_/A (INV_X1)
     3    4.71    0.01    0.02    0.30 ^ _14521_/ZN (INV_X1)
                                         _03677_ (net)
                  0.01    0.00    0.30 ^ _21466_/A2 (NOR2_X1)
     3    3.83    0.01    0.01    0.31 v _21466_/ZN (NOR2_X1)
                                         _10622_ (net)
                  0.01    0.00    0.31 v u0.r0.rcnt[0]$_SDFF_PP0_/D (DFF_X1)
                                  0.31   data arrival time

                  0.00    0.00    0.00   clock clk (rise edge)
                          0.21    0.21   clock network delay (ideal)
                          0.00    0.21   clock reconvergence pessimism
                                  0.21 ^ u0.r0.rcnt[0]$_SDFF_PP0_/CK (DFF_X1)
                          0.00    0.21   library hold time
                                  0.21   data required time
-----------------------------------------------------------------------------
                                  0.21   data required time
                                 -0.31   data arrival time
-----------------------------------------------------------------------------
                                  0.10   slack (MET)


Startpoint: text_out[66]$_DFF_P_
            (rising edge-triggered flip-flop clocked by clk)
Endpoint: text_out[66] (output port clocked by vclk_clk)
Path Group: vclk_clk
Path Type: min

Fanout     Cap    Slew   Delay    Time   Description
-----------------------------------------------------------------------------
                  0.00    0.00    0.00   clock clk (rise edge)
                          0.21    0.21   clock network delay (ideal)
                  0.00    0.00    0.21 ^ text_out[66]$_DFF_P_/CK (DFF_X1)
     1    0.91    0.01    0.08    0.29 v text_out[66]$_DFF_P_/Q (DFF_X1)
                                         net350 (net)
                  0.01    0.00    0.29 v output350/A (BUF_X1)
     1    1.11    0.01    0.02    0.31 v output350/Z (BUF_X1)
                                         text_out[66] (net)
                  0.01    0.00    0.31 v text_out[66] (out)
                                  0.31   data arrival time

                  0.00    0.00    0.00   clock vclk_clk (rise edge)
                          0.21    0.21   clock network delay (ideal)
                          0.00    0.21   clock reconvergence pessimism
                         -0.16    0.05   output external delay
                                  0.05   data required time
-----------------------------------------------------------------------------
                                  0.05   data required time
                                 -0.31   data arrival time
-----------------------------------------------------------------------------
                                  0.27   slack (MET)



==========================================================================
detailed place report_checks -path_delay max
--------------------------------------------------------------------------
Startpoint: u0.w[0][12]$_DFF_P_ (rising edge-triggered flip-flop clocked by clk)
Endpoint: u0.u1.d[3]$_DFF_P_ (rising edge-triggered flip-flop clocked by clk)
Path Group: clk
Path Type: max

Fanout     Cap    Slew   Delay    Time   Description
-----------------------------------------------------------------------------
                  0.00    0.00    0.00   clock clk (rise edge)
                          0.21    0.21   clock network delay (ideal)
                  0.00    0.00    0.21 ^ u0.w[0][12]$_DFF_P_/CK (DFF_X1)
     2    3.95    0.01    0.09    0.30 ^ u0.w[0][12]$_DFF_P_/Q (DFF_X1)
                                         _00982_ (net)
                  0.01    0.00    0.30 ^ _18138_/A (XOR2_X1)
     2    3.90    0.03    0.06    0.36 ^ _18138_/Z (XOR2_X1)
                                         _07294_ (net)
                  0.03    0.00    0.36 ^ _19325_/B (XOR2_X1)
     1    3.44    0.03    0.06    0.42 ^ _19325_/Z (XOR2_X1)
                                         _08481_ (net)
                  0.03    0.00    0.42 ^ place8069/A (BUF_X4)
     2   11.44    0.01    0.03    0.45 ^ place8069/Z (BUF_X4)
                                         net8069 (net)
                  0.01    0.00    0.45 ^ _20208_/B (XOR2_X1)
     2   10.23    0.06    0.09    0.53 ^ _20208_/Z (XOR2_X1)
                                         _09364_ (net)
                  0.06    0.00    0.54 ^ _20945_/B (XNOR2_X1)
     2    6.04    0.04    0.06    0.60 ^ _20945_/ZN (XNOR2_X1)
                                         _10101_ (net)
                  0.04    0.00    0.60 ^ _20957_/B (MUX2_X2)
     8   30.01    0.04    0.07    0.67 ^ _20957_/Z (MUX2_X2)
                                         _10113_ (net)
                  0.04    0.00    0.67 ^ _20955_/A (INV_X8)
    28   66.95    0.02    0.03    0.70 v _20955_/ZN (INV_X8)
                                         _10111_ (net)
                  0.02    0.00    0.70 v _21708_/A2 (NOR2_X4)
    11   21.27    0.03    0.05    0.75 ^ _21708_/ZN (NOR2_X4)
                                         _10864_ (net)
                  0.03    0.00    0.75 ^ _16262_/C2 (OAI221_X1)
     1    1.54    0.02    0.03    0.78 v _16262_/ZN (OAI221_X1)
                                         _05418_ (net)
                  0.02    0.00    0.78 v _16264_/C2 (AOI221_X1)
     1    1.64    0.04    0.06    0.84 ^ _16264_/ZN (AOI221_X1)
                                         _05420_ (net)
                  0.04    0.00    0.84 ^ _16265_/C1 (OAI221_X1)
     1    1.18    0.02    0.03    0.87 v _16265_/ZN (OAI221_X1)
                                         _05421_ (net)
                  0.02    0.00    0.87 v _16278_/A (MUX2_X1)
     1    1.40    0.01    0.06    0.93 v _16278_/Z (MUX2_X1)
                                         _05434_ (net)
                  0.01    0.00    0.93 v _16281_/A (MUX2_X1)
     1    2.19    0.01    0.06    0.99 v _16281_/Z (MUX2_X1)
                                         _05437_ (net)
                  0.01    0.00    0.99 v u0.u1.d[3]$_DFF_P_/D (DFF_X1)
                                  0.99   data arrival time

                  0.00    0.82    0.82   clock clk (rise edge)
                          0.21    1.03   clock network delay (ideal)
                          0.00    1.03   clock reconvergence pessimism
                                  1.03 ^ u0.u1.d[3]$_DFF_P_/CK (DFF_X1)
                         -0.04    0.99   library setup time
                                  0.99   data required time
-----------------------------------------------------------------------------
                                  0.99   data required time
                                 -0.99   data arrival time
-----------------------------------------------------------------------------
                                  0.00   slack (MET)


Startpoint: text_out[106]$_DFF_P_
            (rising edge-triggered flip-flop clocked by clk)
Endpoint: text_out[106] (output port clocked by vclk_clk)
Path Group: vclk_clk
Path Type: max

Fanout     Cap    Slew   Delay    Time   Description
-----------------------------------------------------------------------------
                  0.00    0.00    0.00   clock clk (rise edge)
                          0.21    0.21   clock network delay (ideal)
                  0.00    0.00    0.21 ^ text_out[106]$_DFF_P_/CK (DFF_X1)
     1   11.18    0.03    0.11    0.32 ^ text_out[106]$_DFF_P_/Q (DFF_X1)
                                         net267 (net)
                  0.03    0.00    0.32 ^ output267/A (BUF_X1)
     1    1.72    0.01    0.03    0.34 ^ output267/Z (BUF_X1)
                                         text_out[106] (net)
                  0.01    0.00    0.34 ^ text_out[106] (out)
                                  0.34   data arrival time

                  0.00    0.82    0.82   clock vclk_clk (rise edge)
                          0.21    1.03   clock network delay (ideal)
                          0.00    1.03   clock reconvergence pessimism
                         -0.16    0.87   output external delay
                                  0.87   data required time
-----------------------------------------------------------------------------
                                  0.87   data required time
                                 -0.34   data arrival time
-----------------------------------------------------------------------------
                                  0.52   slack (MET)



==========================================================================
detailed place report_checks -unconstrained
--------------------------------------------------------------------------
Startpoint: u0.w[0][12]$_DFF_P_ (rising edge-triggered flip-flop clocked by clk)
Endpoint: u0.u1.d[3]$_DFF_P_ (rising edge-triggered flip-flop clocked by clk)
Path Group: clk
Path Type: max

Fanout     Cap    Slew   Delay    Time   Description
-----------------------------------------------------------------------------
                  0.00    0.00    0.00   clock clk (rise edge)
                          0.21    0.21   clock network delay (ideal)
                  0.00    0.00    0.21 ^ u0.w[0][12]$_DFF_P_/CK (DFF_X1)
     2    3.95    0.01    0.09    0.30 ^ u0.w[0][12]$_DFF_P_/Q (DFF_X1)
                                         _00982_ (net)
                  0.01    0.00    0.30 ^ _18138_/A (XOR2_X1)
     2    3.90    0.03    0.06    0.36 ^ _18138_/Z (XOR2_X1)
                                         _07294_ (net)
                  0.03    0.00    0.36 ^ _19325_/B (XOR2_X1)
     1    3.44    0.03    0.06    0.42 ^ _19325_/Z (XOR2_X1)
                                         _08481_ (net)
                  0.03    0.00    0.42 ^ place8069/A (BUF_X4)
     2   11.44    0.01    0.03    0.45 ^ place8069/Z (BUF_X4)
                                         net8069 (net)
                  0.01    0.00    0.45 ^ _20208_/B (XOR2_X1)
     2   10.23    0.06    0.09    0.53 ^ _20208_/Z (XOR2_X1)
                                         _09364_ (net)
                  0.06    0.00    0.54 ^ _20945_/B (XNOR2_X1)
     2    6.04    0.04    0.06    0.60 ^ _20945_/ZN (XNOR2_X1)
                                         _10101_ (net)
                  0.04    0.00    0.60 ^ _20957_/B (MUX2_X2)
     8   30.01    0.04    0.07    0.67 ^ _20957_/Z (MUX2_X2)
                                         _10113_ (net)
                  0.04    0.00    0.67 ^ _20955_/A (INV_X8)
    28   66.95    0.02    0.03    0.70 v _20955_/ZN (INV_X8)
                                         _10111_ (net)
                  0.02    0.00    0.70 v _21708_/A2 (NOR2_X4)
    11   21.27    0.03    0.05    0.75 ^ _21708_/ZN (NOR2_X4)
                                         _10864_ (net)
                  0.03    0.00    0.75 ^ _16262_/C2 (OAI221_X1)
     1    1.54    0.02    0.03    0.78 v _16262_/ZN (OAI221_X1)
                                         _05418_ (net)
                  0.02    0.00    0.78 v _16264_/C2 (AOI221_X1)
     1    1.64    0.04    0.06    0.84 ^ _16264_/ZN (AOI221_X1)
                                         _05420_ (net)
                  0.04    0.00    0.84 ^ _16265_/C1 (OAI221_X1)
     1    1.18    0.02    0.03    0.87 v _16265_/ZN (OAI221_X1)
                                         _05421_ (net)
                  0.02    0.00    0.87 v _16278_/A (MUX2_X1)
     1    1.40    0.01    0.06    0.93 v _16278_/Z (MUX2_X1)
                                         _05434_ (net)
                  0.01    0.00    0.93 v _16281_/A (MUX2_X1)
     1    2.19    0.01    0.06    0.99 v _16281_/Z (MUX2_X1)
                                         _05437_ (net)
                  0.01    0.00    0.99 v u0.u1.d[3]$_DFF_P_/D (DFF_X1)
                                  0.99   data arrival time

                  0.00    0.82    0.82   clock clk (rise edge)
                          0.21    1.03   clock network delay (ideal)
                          0.00    1.03   clock reconvergence pessimism
                                  1.03 ^ u0.u1.d[3]$_DFF_P_/CK (DFF_X1)
                         -0.04    0.99   library setup time
                                  0.99   data required time
-----------------------------------------------------------------------------
                                  0.99   data required time
                                 -0.99   data arrival time
-----------------------------------------------------------------------------
                                  0.00   slack (MET)


Startpoint: text_out[106]$_DFF_P_
            (rising edge-triggered flip-flop clocked by clk)
Endpoint: text_out[106] (output port clocked by vclk_clk)
Path Group: vclk_clk
Path Type: max

Fanout     Cap    Slew   Delay    Time   Description
-----------------------------------------------------------------------------
                  0.00    0.00    0.00   clock clk (rise edge)
                          0.21    0.21   clock network delay (ideal)
                  0.00    0.00    0.21 ^ text_out[106]$_DFF_P_/CK (DFF_X1)
     1   11.18    0.03    0.11    0.32 ^ text_out[106]$_DFF_P_/Q (DFF_X1)
                                         net267 (net)
                  0.03    0.00    0.32 ^ output267/A (BUF_X1)
     1    1.72    0.01    0.03    0.34 ^ output267/Z (BUF_X1)
                                         text_out[106] (net)
                  0.01    0.00    0.34 ^ text_out[106] (out)
                                  0.34   data arrival time

                  0.00    0.82    0.82   clock vclk_clk (rise edge)
                          0.21    1.03   clock network delay (ideal)
                          0.00    1.03   clock reconvergence pessimism
                         -0.16    0.87   output external delay
                                  0.87   data required time
-----------------------------------------------------------------------------
                                  0.87   data required time
                                 -0.34   data arrival time
-----------------------------------------------------------------------------
                                  0.52   slack (MET)



==========================================================================
detailed place report_check_types -max_slew -max_cap -max_fanout -violators
--------------------------------------------------------------------------

==========================================================================
detailed place max_slew_check_slack
--------------------------------------------------------------------------
0.08650394529104233

==========================================================================
detailed place max_slew_check_limit
--------------------------------------------------------------------------
0.1985349953174591

==========================================================================
detailed place max_slew_check_slack_limit
--------------------------------------------------------------------------
0.4357

==========================================================================
detailed place max_fanout_check_slack
--------------------------------------------------------------------------
1.0000000150474662e+30

==========================================================================
detailed place max_fanout_check_limit
--------------------------------------------------------------------------
1.0000000150474662e+30

==========================================================================
detailed place max_capacitance_check_slack
--------------------------------------------------------------------------
4.371498107910156

==========================================================================
detailed place max_capacitance_check_limit
--------------------------------------------------------------------------
26.016199111938477

==========================================================================
detailed place max_capacitance_check_slack_limit
--------------------------------------------------------------------------
0.1680

==========================================================================
detailed place max_slew_violation_count
--------------------------------------------------------------------------
max slew violation count 0

==========================================================================
detailed place max_fanout_violation_count
--------------------------------------------------------------------------
max fanout violation count 0

==========================================================================
detailed place max_cap_violation_count
--------------------------------------------------------------------------
max cap violation count 0

==========================================================================
detailed place setup_violation_count
--------------------------------------------------------------------------
setup violation count 0

==========================================================================
detailed place hold_violation_count
--------------------------------------------------------------------------
hold violation count 0

==========================================================================
detailed place report_checks -path_delay max reg to reg
--------------------------------------------------------------------------
Startpoint: u0.w[0][12]$_DFF_P_ (rising edge-triggered flip-flop clocked by clk)
Endpoint: u0.u1.d[3]$_DFF_P_ (rising edge-triggered flip-flop clocked by clk)
Path Group: clk
Path Type: max

  Delay    Time   Description
---------------------------------------------------------
   0.00    0.00   clock clk (rise edge)
   0.21    0.21   clock network delay (ideal)
   0.00    0.21 ^ u0.w[0][12]$_DFF_P_/CK (DFF_X1)
   0.09    0.30 ^ u0.w[0][12]$_DFF_P_/Q (DFF_X1)
   0.06    0.36 ^ _18138_/Z (XOR2_X1)
   0.06    0.42 ^ _19325_/Z (XOR2_X1)
   0.03    0.45 ^ place8069/Z (BUF_X4)
   0.09    0.53 ^ _20208_/Z (XOR2_X1)
   0.06    0.60 ^ _20945_/ZN (XNOR2_X1)
   0.08    0.67 ^ _20957_/Z (MUX2_X2)
   0.03    0.70 v _20955_/ZN (INV_X8)
   0.05    0.75 ^ _21708_/ZN (NOR2_X4)
   0.03    0.78 v _16262_/ZN (OAI221_X1)
   0.06    0.84 ^ _16264_/ZN (AOI221_X1)
   0.03    0.87 v _16265_/ZN (OAI221_X1)
   0.06    0.93 v _16278_/Z (MUX2_X1)
   0.06    0.99 v _16281_/Z (MUX2_X1)
   0.00    0.99 v u0.u1.d[3]$_DFF_P_/D (DFF_X1)
           0.99   data arrival time

   0.82    0.82   clock clk (rise edge)
   0.21    1.03   clock network delay (ideal)
   0.00    1.03   clock reconvergence pessimism
           1.03 ^ u0.u1.d[3]$_DFF_P_/CK (DFF_X1)
  -0.04    0.99   library setup time
           0.99   data required time
---------------------------------------------------------
           0.99   data required time
          -0.99   data arrival time
---------------------------------------------------------
           0.00   slack (MET)



==========================================================================
detailed place report_checks -path_delay min reg to reg
--------------------------------------------------------------------------
Startpoint: u0.r0.rcnt[0]$_SDFF_PP0_
            (rising edge-triggered flip-flop clocked by clk)
Endpoint: u0.r0.rcnt[0]$_SDFF_PP0_
          (rising edge-triggered flip-flop clocked by clk)
Path Group: clk
Path Type: min

  Delay    Time   Description
---------------------------------------------------------
   0.00    0.00   clock clk (rise edge)
   0.21    0.21   clock network delay (ideal)
   0.00    0.21 ^ u0.r0.rcnt[0]$_SDFF_PP0_/CK (DFF_X1)
   0.07    0.28 v u0.r0.rcnt[0]$_SDFF_PP0_/QN (DFF_X1)
   0.02    0.30 ^ _14521_/ZN (INV_X1)
   0.01    0.31 v _21466_/ZN (NOR2_X1)
   0.00    0.31 v u0.r0.rcnt[0]$_SDFF_PP0_/D (DFF_X1)
           0.31   data arrival time

   0.00    0.00   clock clk (rise edge)
   0.21    0.21   clock network delay (ideal)
   0.00    0.21   clock reconvergence pessimism
           0.21 ^ u0.r0.rcnt[0]$_SDFF_PP0_/CK (DFF_X1)
   0.00    0.21   library hold time
           0.21   data required time
---------------------------------------------------------
           0.21   data required time
          -0.31   data arrival time
---------------------------------------------------------
           0.10   slack (MET)



==========================================================================
detailed place critical path target clock latency max path
--------------------------------------------------------------------------
0.2100

==========================================================================
detailed place critical path target clock latency min path
--------------------------------------------------------------------------
0.2100

==========================================================================
detailed place critical path source clock latency min path
--------------------------------------------------------------------------
0.2100

==========================================================================
detailed place critical path delay
--------------------------------------------------------------------------
0.9886

==========================================================================
detailed place critical path slack
--------------------------------------------------------------------------
0.0004

==========================================================================
detailed place slack div critical path delay
--------------------------------------------------------------------------
0.040461

==========================================================================
detailed place report_power
--------------------------------------------------------------------------
Group                  Internal  Switching    Leakage      Total
                          Power      Power      Power      Power (Watts)
----------------------------------------------------------------
Sequential             9.48e-03   2.66e-03   4.45e-05   1.22e-02   2.9%
Combinational          1.92e-01   2.16e-01   4.22e-04   4.09e-01  97.1%
Clock                  0.00e+00   0.00e+00   0.00e+00   0.00e+00   0.0%
Macro                  0.00e+00   0.00e+00   0.00e+00   0.00e+00   0.0%
Pad                    0.00e+00   0.00e+00   0.00e+00   0.00e+00   0.0%
----------------------------------------------------------------
Total                  2.02e-01   2.19e-01   4.67e-04   4.21e-01 100.0%
                          47.9%      52.0%       0.1%
