
==========================================================================
resizer report_tns
--------------------------------------------------------------------------
tns max -0.00

==========================================================================
resizer report_wns
--------------------------------------------------------------------------
wns max -0.00

==========================================================================
resizer report_worst_slack
--------------------------------------------------------------------------
worst slack max -0.00

==========================================================================
resizer report_clock_min_period
--------------------------------------------------------------------------
clk period_min = 0.82 fmax = 1214.04
vclk_clk period_min = 0.00 fmax = inf

==========================================================================
resizer report_checks -path_delay min
--------------------------------------------------------------------------
Startpoint: u0.r0.rcnt[0]$_SDFF_PP0_
            (rising edge-triggered flip-flop clocked by clk)
Endpoint: u0.r0.rcnt[0]$_SDFF_PP0_
          (rising edge-triggered flip-flop clocked by clk)
Path Group: clk
Path Type: min

Fanout     Cap    Slew   Delay    Time   Description
-----------------------------------------------------------------------------
                  0.00    0.00    0.00   clock clk (rise edge)
                          0.21    0.21   clock network delay (ideal)
                  0.00    0.00    0.21 ^ u0.r0.rcnt[0]$_SDFF_PP0_/CK (DFF_X1)
     2    3.35    0.01    0.07    0.28 v u0.r0.rcnt[0]$_SDFF_PP0_/QN (DFF_X1)
                                         _00568_ (net)
                  0.01    0.00    0.28 v _14521_/A (INV_X1)
     3    4.71    0.01    0.02    0.30 ^ _14521_/ZN (INV_X1)
                                         _03677_ (net)
                  0.01    0.00    0.30 ^ _21466_/A2 (NOR2_X1)
     3    3.87    0.01    0.01    0.31 v _21466_/ZN (NOR2_X1)
                                         _10622_ (net)
                  0.01    0.00    0.31 v u0.r0.rcnt[0]$_SDFF_PP0_/D (DFF_X1)
                                  0.31   data arrival time

                  0.00    0.00    0.00   clock clk (rise edge)
                          0.21    0.21   clock network delay (ideal)
                          0.00    0.21   clock reconvergence pessimism
                                  0.21 ^ u0.r0.rcnt[0]$_SDFF_PP0_/CK (DFF_X1)
                          0.00    0.21   library hold time
                                  0.21   data required time
-----------------------------------------------------------------------------
                                  0.21   data required time
                                 -0.31   data arrival time
-----------------------------------------------------------------------------
                                  0.10   slack (MET)


Startpoint: text_out[37]$_DFF_P_
            (rising edge-triggered flip-flop clocked by clk)
Endpoint: text_out[37] (output port clocked by vclk_clk)
Path Group: vclk_clk
Path Type: min

Fanout     Cap    Slew   Delay    Time   Description
-----------------------------------------------------------------------------
                  0.00    0.00    0.00   clock clk (rise edge)
                          0.21    0.21   clock network delay (ideal)
                  0.00    0.00    0.21 ^ text_out[37]$_DFF_P_/CK (DFF_X1)
     1    0.92    0.01    0.08    0.29 v text_out[37]$_DFF_P_/Q (DFF_X1)
                                         net318 (net)
                  0.01    0.00    0.29 v output318/A (BUF_X1)
     1    1.17    0.01    0.02    0.31 v output318/Z (BUF_X1)
                                         text_out[37] (net)
                  0.01    0.00    0.31 v text_out[37] (out)
                                  0.31   data arrival time

                  0.00    0.00    0.00   clock vclk_clk (rise edge)
                          0.21    0.21   clock network delay (ideal)
                          0.00    0.21   clock reconvergence pessimism
                         -0.16    0.05   output external delay
                                  0.05   data required time
-----------------------------------------------------------------------------
                                  0.05   data required time
                                 -0.31   data arrival time
-----------------------------------------------------------------------------
                                  0.27   slack (MET)



==========================================================================
resizer report_checks -path_delay max
--------------------------------------------------------------------------
Startpoint: sa31_sr[7]$_DFF_P_ (rising edge-triggered flip-flop clocked by clk)
Endpoint: sa32_sr[3]$_DFF_P_ (rising edge-triggered flip-flop clocked by clk)
Path Group: clk
Path Type: max

Fanout     Cap    Slew   Delay    Time   Description
-----------------------------------------------------------------------------
                  0.00    0.00    0.00   clock clk (rise edge)
                          0.21    0.21   clock network delay (ideal)
                  0.00    0.00    0.21 ^ sa31_sr[7]$_DFF_P_/CK (DFF_X1)
     3    8.45    0.02    0.10    0.31 ^ sa31_sr[7]$_DFF_P_/Q (DFF_X1)
                                         _00863_ (net)
                  0.02    0.00    0.31 ^ place8168/A (BUF_X2)
     5   15.82    0.02    0.04    0.35 ^ place8168/Z (BUF_X2)
                                         net8168 (net)
                  0.02    0.00    0.35 ^ _14229_/A (XNOR2_X1)
     1    2.65    0.02    0.04    0.39 ^ _14229_/ZN (XNOR2_X1)
                                         _03385_ (net)
                  0.02    0.00    0.39 ^ _14230_/B (XNOR2_X1)
     1    2.67    0.02    0.04    0.44 ^ _14230_/ZN (XNOR2_X1)
                                         _03386_ (net)
                  0.02    0.00    0.44 ^ _14231_/B (XNOR2_X1)
     1    1.14    0.02    0.04    0.48 ^ _14231_/ZN (XNOR2_X1)
                                         _03387_ (net)
                  0.02    0.00    0.48 ^ _14232_/A (MUX2_X1)
     2    6.06    0.02    0.05    0.53 ^ _14232_/Z (MUX2_X1)
                                         _03388_ (net)
                  0.02    0.00    0.53 ^ place8049/A (BUF_X1)
     1    4.49    0.01    0.03    0.56 ^ place8049/Z (BUF_X1)
                                         net8049 (net)
                  0.01    0.00    0.56 ^ _14234_/B (XOR2_X2)
    10   27.80    0.08    0.11    0.67 ^ _14234_/Z (XOR2_X2)
                                         _03390_ (net)
                  0.08    0.00    0.67 ^ _14291_/A1 (NAND2_X1)
    11   25.06    0.05    0.09    0.76 v _14291_/ZN (NAND2_X1)
                                         _03447_ (net)
                  0.05    0.00    0.76 v _17876_/B1 (AOI21_X1)
     1    3.35    0.03    0.05    0.81 ^ _17876_/ZN (AOI21_X1)
                                         _07032_ (net)
                  0.03    0.00    0.81 ^ _17878_/B1 (AOI22_X1)
     1    1.96    0.02    0.03    0.84 v _17878_/ZN (AOI22_X1)
                                         _07034_ (net)
                  0.02    0.00    0.84 v _17884_/B1 (OAI221_X1)
     1    2.24    0.04    0.05    0.89 ^ _17884_/ZN (OAI221_X1)
                                         _07040_ (net)
                  0.04    0.00    0.89 ^ _17917_/A (OAI21_X1)
     1    1.73    0.01    0.02    0.91 v _17917_/ZN (OAI21_X1)
                                         _07073_ (net)
                  0.01    0.00    0.91 v _17918_/B (MUX2_X1)
     1    8.78    0.02    0.07    0.99 v _17918_/Z (MUX2_X1)
                                         _07074_ (net)
                  0.02    0.00    0.99 v sa32_sr[3]$_DFF_P_/D (DFF_X1)
                                  0.99   data arrival time

                  0.00    0.82    0.82   clock clk (rise edge)
                          0.21    1.03   clock network delay (ideal)
                          0.00    1.03   clock reconvergence pessimism
                                  1.03 ^ sa32_sr[3]$_DFF_P_/CK (DFF_X1)
                         -0.04    0.99   library setup time
                                  0.99   data required time
-----------------------------------------------------------------------------
                                  0.99   data required time
                                 -0.99   data arrival time
-----------------------------------------------------------------------------
                                  0.00   slack (VIOLATED)


Startpoint: text_out[106]$_DFF_P_
            (rising edge-triggered flip-flop clocked by clk)
Endpoint: text_out[106] (output port clocked by vclk_clk)
Path Group: vclk_clk
Path Type: max

Fanout     Cap    Slew   Delay    Time   Description
-----------------------------------------------------------------------------
                  0.00    0.00    0.00   clock clk (rise edge)
                          0.21    0.21   clock network delay (ideal)
                  0.00    0.00    0.21 ^ text_out[106]$_DFF_P_/CK (DFF_X1)
     1   12.29    0.03    0.11    0.32 ^ text_out[106]$_DFF_P_/Q (DFF_X1)
                                         net267 (net)
                  0.03    0.00    0.32 ^ output267/A (BUF_X1)
     1    1.29    0.01    0.03    0.35 ^ output267/Z (BUF_X1)
                                         text_out[106] (net)
                  0.01    0.00    0.35 ^ text_out[106] (out)
                                  0.35   data arrival time

                  0.00    0.82    0.82   clock vclk_clk (rise edge)
                          0.21    1.03   clock network delay (ideal)
                          0.00    1.03   clock reconvergence pessimism
                         -0.16    0.87   output external delay
                                  0.87   data required time
-----------------------------------------------------------------------------
                                  0.87   data required time
                                 -0.35   data arrival time
-----------------------------------------------------------------------------
                                  0.52   slack (MET)



==========================================================================
resizer report_checks -unconstrained
--------------------------------------------------------------------------
Startpoint: sa31_sr[7]$_DFF_P_ (rising edge-triggered flip-flop clocked by clk)
Endpoint: sa32_sr[3]$_DFF_P_ (rising edge-triggered flip-flop clocked by clk)
Path Group: clk
Path Type: max

Fanout     Cap    Slew   Delay    Time   Description
-----------------------------------------------------------------------------
                  0.00    0.00    0.00   clock clk (rise edge)
                          0.21    0.21   clock network delay (ideal)
                  0.00    0.00    0.21 ^ sa31_sr[7]$_DFF_P_/CK (DFF_X1)
     3    8.45    0.02    0.10    0.31 ^ sa31_sr[7]$_DFF_P_/Q (DFF_X1)
                                         _00863_ (net)
                  0.02    0.00    0.31 ^ place8168/A (BUF_X2)
     5   15.82    0.02    0.04    0.35 ^ place8168/Z (BUF_X2)
                                         net8168 (net)
                  0.02    0.00    0.35 ^ _14229_/A (XNOR2_X1)
     1    2.65    0.02    0.04    0.39 ^ _14229_/ZN (XNOR2_X1)
                                         _03385_ (net)
                  0.02    0.00    0.39 ^ _14230_/B (XNOR2_X1)
     1    2.67    0.02    0.04    0.44 ^ _14230_/ZN (XNOR2_X1)
                                         _03386_ (net)
                  0.02    0.00    0.44 ^ _14231_/B (XNOR2_X1)
     1    1.14    0.02    0.04    0.48 ^ _14231_/ZN (XNOR2_X1)
                                         _03387_ (net)
                  0.02    0.00    0.48 ^ _14232_/A (MUX2_X1)
     2    6.06    0.02    0.05    0.53 ^ _14232_/Z (MUX2_X1)
                                         _03388_ (net)
                  0.02    0.00    0.53 ^ place8049/A (BUF_X1)
     1    4.49    0.01    0.03    0.56 ^ place8049/Z (BUF_X1)
                                         net8049 (net)
                  0.01    0.00    0.56 ^ _14234_/B (XOR2_X2)
    10   27.80    0.08    0.11    0.67 ^ _14234_/Z (XOR2_X2)
                                         _03390_ (net)
                  0.08    0.00    0.67 ^ _14291_/A1 (NAND2_X1)
    11   25.06    0.05    0.09    0.76 v _14291_/ZN (NAND2_X1)
                                         _03447_ (net)
                  0.05    0.00    0.76 v _17876_/B1 (AOI21_X1)
     1    3.35    0.03    0.05    0.81 ^ _17876_/ZN (AOI21_X1)
                                         _07032_ (net)
                  0.03    0.00    0.81 ^ _17878_/B1 (AOI22_X1)
     1    1.96    0.02    0.03    0.84 v _17878_/ZN (AOI22_X1)
                                         _07034_ (net)
                  0.02    0.00    0.84 v _17884_/B1 (OAI221_X1)
     1    2.24    0.04    0.05    0.89 ^ _17884_/ZN (OAI221_X1)
                                         _07040_ (net)
                  0.04    0.00    0.89 ^ _17917_/A (OAI21_X1)
     1    1.73    0.01    0.02    0.91 v _17917_/ZN (OAI21_X1)
                                         _07073_ (net)
                  0.01    0.00    0.91 v _17918_/B (MUX2_X1)
     1    8.78    0.02    0.07    0.99 v _17918_/Z (MUX2_X1)
                                         _07074_ (net)
                  0.02    0.00    0.99 v sa32_sr[3]$_DFF_P_/D (DFF_X1)
                                  0.99   data arrival time

                  0.00    0.82    0.82   clock clk (rise edge)
                          0.21    1.03   clock network delay (ideal)
                          0.00    1.03   clock reconvergence pessimism
                                  1.03 ^ sa32_sr[3]$_DFF_P_/CK (DFF_X1)
                         -0.04    0.99   library setup time
                                  0.99   data required time
-----------------------------------------------------------------------------
                                  0.99   data required time
                                 -0.99   data arrival time
-----------------------------------------------------------------------------
                                  0.00   slack (VIOLATED)


Startpoint: text_out[106]$_DFF_P_
            (rising edge-triggered flip-flop clocked by clk)
Endpoint: text_out[106] (output port clocked by vclk_clk)
Path Group: vclk_clk
Path Type: max

Fanout     Cap    Slew   Delay    Time   Description
-----------------------------------------------------------------------------
                  0.00    0.00    0.00   clock clk (rise edge)
                          0.21    0.21   clock network delay (ideal)
                  0.00    0.00    0.21 ^ text_out[106]$_DFF_P_/CK (DFF_X1)
     1   12.29    0.03    0.11    0.32 ^ text_out[106]$_DFF_P_/Q (DFF_X1)
                                         net267 (net)
                  0.03    0.00    0.32 ^ output267/A (BUF_X1)
     1    1.29    0.01    0.03    0.35 ^ output267/Z (BUF_X1)
                                         text_out[106] (net)
                  0.01    0.00    0.35 ^ text_out[106] (out)
                                  0.35   data arrival time

                  0.00    0.82    0.82   clock vclk_clk (rise edge)
                          0.21    1.03   clock network delay (ideal)
                          0.00    1.03   clock reconvergence pessimism
                         -0.16    0.87   output external delay
                                  0.87   data required time
-----------------------------------------------------------------------------
                                  0.87   data required time
                                 -0.35   data arrival time
-----------------------------------------------------------------------------
                                  0.52   slack (MET)



==========================================================================
resizer report_check_types -max_slew -max_cap -max_fanout -violators
--------------------------------------------------------------------------

==========================================================================
resizer max_slew_check_slack
--------------------------------------------------------------------------
0.08088932186365128

==========================================================================
resizer max_slew_check_limit
--------------------------------------------------------------------------
0.1985349953174591

==========================================================================
resizer max_slew_check_slack_limit
--------------------------------------------------------------------------
0.4074

==========================================================================
resizer max_fanout_check_slack
--------------------------------------------------------------------------
1.0000000150474662e+30

==========================================================================
resizer max_fanout_check_limit
--------------------------------------------------------------------------
1.0000000150474662e+30

==========================================================================
resizer max_capacitance_check_slack
--------------------------------------------------------------------------
3.4746105670928955

==========================================================================
resizer max_capacitance_check_limit
--------------------------------------------------------------------------
26.016199111938477

==========================================================================
resizer max_capacitance_check_slack_limit
--------------------------------------------------------------------------
0.1336

==========================================================================
resizer max_slew_violation_count
--------------------------------------------------------------------------
max slew violation count 0

==========================================================================
resizer max_fanout_violation_count
--------------------------------------------------------------------------
max fanout violation count 0

==========================================================================
resizer max_cap_violation_count
--------------------------------------------------------------------------
max cap violation count 0

==========================================================================
resizer setup_violation_count
--------------------------------------------------------------------------
setup violation count 2

==========================================================================
resizer hold_violation_count
--------------------------------------------------------------------------
hold violation count 0

==========================================================================
resizer report_checks -path_delay max reg to reg
--------------------------------------------------------------------------
Startpoint: sa31_sr[7]$_DFF_P_ (rising edge-triggered flip-flop clocked by clk)
Endpoint: sa32_sr[3]$_DFF_P_ (rising edge-triggered flip-flop clocked by clk)
Path Group: clk
Path Type: max

  Delay    Time   Description
---------------------------------------------------------
   0.00    0.00   clock clk (rise edge)
   0.21    0.21   clock network delay (ideal)
   0.00    0.21 ^ sa31_sr[7]$_DFF_P_/CK (DFF_X1)
   0.10    0.31 ^ sa31_sr[7]$_DFF_P_/Q (DFF_X1)
   0.04    0.35 ^ place8168/Z (BUF_X2)
   0.04    0.39 ^ _14229_/ZN (XNOR2_X1)
   0.04    0.44 ^ _14230_/ZN (XNOR2_X1)
   0.04    0.48 ^ _14231_/ZN (XNOR2_X1)
   0.05    0.53 ^ _14232_/Z (MUX2_X1)
   0.03    0.56 ^ place8049/Z (BUF_X1)
   0.11    0.67 ^ _14234_/Z (XOR2_X2)
   0.09    0.76 v _14291_/ZN (NAND2_X1)
   0.05    0.81 ^ _17876_/ZN (AOI21_X1)
   0.03    0.84 v _17878_/ZN (AOI22_X1)
   0.05    0.89 ^ _17884_/ZN (OAI221_X1)
   0.03    0.91 v _17917_/ZN (OAI21_X1)
   0.07    0.99 v _17918_/Z (MUX2_X1)
   0.00    0.99 v sa32_sr[3]$_DFF_P_/D (DFF_X1)
           0.99   data arrival time

   0.82    0.82   clock clk (rise edge)
   0.21    1.03   clock network delay (ideal)
   0.00    1.03   clock reconvergence pessimism
           1.03 ^ sa32_sr[3]$_DFF_P_/CK (DFF_X1)
  -0.04    0.99   library setup time
           0.99   data required time
---------------------------------------------------------
           0.99   data required time
          -0.99   data arrival time
---------------------------------------------------------
           0.00   slack (VIOLATED)



==========================================================================
resizer report_checks -path_delay min reg to reg
--------------------------------------------------------------------------
Startpoint: u0.r0.rcnt[0]$_SDFF_PP0_
            (rising edge-triggered flip-flop clocked by clk)
Endpoint: u0.r0.rcnt[0]$_SDFF_PP0_
          (rising edge-triggered flip-flop clocked by clk)
Path Group: clk
Path Type: min

  Delay    Time   Description
---------------------------------------------------------
   0.00    0.00   clock clk (rise edge)
   0.21    0.21   clock network delay (ideal)
   0.00    0.21 ^ u0.r0.rcnt[0]$_SDFF_PP0_/CK (DFF_X1)
   0.07    0.28 v u0.r0.rcnt[0]$_SDFF_PP0_/QN (DFF_X1)
   0.02    0.30 ^ _14521_/ZN (INV_X1)
   0.01    0.31 v _21466_/ZN (NOR2_X1)
   0.00    0.31 v u0.r0.rcnt[0]$_SDFF_PP0_/D (DFF_X1)
           0.31   data arrival time

   0.00    0.00   clock clk (rise edge)
   0.21    0.21   clock network delay (ideal)
   0.00    0.21   clock reconvergence pessimism
           0.21 ^ u0.r0.rcnt[0]$_SDFF_PP0_/CK (DFF_X1)
   0.00    0.21   library hold time
           0.21   data required time
---------------------------------------------------------
           0.21   data required time
          -0.31   data arrival time
---------------------------------------------------------
           0.10   slack (MET)



==========================================================================
resizer critical path target clock latency max path
--------------------------------------------------------------------------
0.2100

==========================================================================
resizer critical path target clock latency min path
--------------------------------------------------------------------------
0.2100

==========================================================================
resizer critical path source clock latency min path
--------------------------------------------------------------------------
0.2100

==========================================================================
resizer critical path delay
--------------------------------------------------------------------------
0.9900

==========================================================================
resizer critical path slack
--------------------------------------------------------------------------
-0.0037

==========================================================================
resizer slack div critical path delay
--------------------------------------------------------------------------
-0.373737

==========================================================================
resizer report_power
--------------------------------------------------------------------------
Group                  Internal  Switching    Leakage      Total
                          Power      Power      Power      Power (Watts)
----------------------------------------------------------------
Sequential             9.48e-03   2.66e-03   4.45e-05   1.22e-02   2.9%
Combinational          1.93e-01   2.21e-01   4.22e-04   4.14e-01  97.1%
Clock                  0.00e+00   0.00e+00   0.00e+00   0.00e+00   0.0%
Macro                  0.00e+00   0.00e+00   0.00e+00   0.00e+00   0.0%
Pad                    0.00e+00   0.00e+00   0.00e+00   0.00e+00   0.0%
----------------------------------------------------------------
Total                  2.02e-01   2.23e-01   4.67e-04   4.26e-01 100.0%
                          47.4%      52.4%       0.1%
