
==========================================================================
cts final report_tns
--------------------------------------------------------------------------
tns max 0.00

==========================================================================
cts final report_wns
--------------------------------------------------------------------------
wns max 0.00

==========================================================================
cts final report_worst_slack
--------------------------------------------------------------------------
worst slack max 0.00

==========================================================================
cts final report_clock_min_period
--------------------------------------------------------------------------
clk period_min = 0.82 fmax = 1219.99
vclk_clk period_min = 0.00 fmax = inf

==========================================================================
cts final report_clock_skew
--------------------------------------------------------------------------
Clock clk
   0.21 source latency sa13_sr[1]$_DFF_P_/CK ^
  -0.20 target latency sa03_sr[4]$_DFF_P_/CK ^
   0.00 CRPR
--------------
   0.02 setup skew

Clock vclk_clk
No launch/capture paths found.


==========================================================================
cts final report_checks -path_delay min
--------------------------------------------------------------------------
Startpoint: u0.r0.rcnt[0]$_SDFF_PP0_
            (rising edge-triggered flip-flop clocked by clk)
Endpoint: u0.r0.rcnt[0]$_SDFF_PP0_
          (rising edge-triggered flip-flop clocked by clk)
Path Group: clk
Path Type: min

Fanout     Cap    Slew   Delay    Time   Description
-----------------------------------------------------------------------------
                          0.00    0.00   clock clk (rise edge)
                          0.00    0.00   clock source latency
     1   22.67    0.00    0.00    0.00 ^ clk (in)
                                         clk (net)
                  0.00    0.00    0.00 ^ clkbuf_0_clk/A (CLKBUF_X3)
     8   62.47    0.05    0.07    0.08 ^ clkbuf_0_clk/Z (CLKBUF_X3)
                                         clknet_0_clk (net)
                  0.05    0.00    0.08 ^ clkbuf_3_0__f_clk/A (CLKBUF_X3)
    16   41.21    0.03    0.07    0.15 ^ clkbuf_3_0__f_clk/Z (CLKBUF_X3)
                                         clknet_3_0__leaf_clk (net)
                  0.03    0.00    0.15 ^ clkbuf_leaf_74_clk/A (CLKBUF_X3)
     7   11.94    0.01    0.05    0.20 ^ clkbuf_leaf_74_clk/Z (CLKBUF_X3)
                                         clknet_leaf_74_clk (net)
                  0.01    0.00    0.20 ^ u0.r0.rcnt[0]$_SDFF_PP0_/CK (DFF_X1)
     2    3.38    0.01    0.07    0.27 v u0.r0.rcnt[0]$_SDFF_PP0_/QN (DFF_X1)
                                         _00568_ (net)
                  0.01    0.00    0.27 v _14521_/A (INV_X1)
     3    4.66    0.01    0.02    0.30 ^ _14521_/ZN (INV_X1)
                                         _03677_ (net)
                  0.01    0.00    0.30 ^ _21466_/A2 (NOR2_X1)
     3    3.85    0.01    0.01    0.31 v _21466_/ZN (NOR2_X1)
                                         _10622_ (net)
                  0.01    0.00    0.31 v u0.r0.rcnt[0]$_SDFF_PP0_/D (DFF_X1)
                                  0.31   data arrival time

                          0.00    0.00   clock clk (rise edge)
                          0.00    0.00   clock source latency
     1   22.67    0.00    0.00    0.00 ^ clk (in)
                                         clk (net)
                  0.00    0.00    0.00 ^ clkbuf_0_clk/A (CLKBUF_X3)
     8   62.47    0.05    0.07    0.08 ^ clkbuf_0_clk/Z (CLKBUF_X3)
                                         clknet_0_clk (net)
                  0.05    0.00    0.08 ^ clkbuf_3_0__f_clk/A (CLKBUF_X3)
    16   41.21    0.03    0.07    0.15 ^ clkbuf_3_0__f_clk/Z (CLKBUF_X3)
                                         clknet_3_0__leaf_clk (net)
                  0.03    0.00    0.15 ^ clkbuf_leaf_74_clk/A (CLKBUF_X3)
     7   11.94    0.01    0.05    0.20 ^ clkbuf_leaf_74_clk/Z (CLKBUF_X3)
                                         clknet_leaf_74_clk (net)
                  0.01    0.00    0.20 ^ u0.r0.rcnt[0]$_SDFF_PP0_/CK (DFF_X1)
                          0.00    0.20   clock reconvergence pessimism
                          0.00    0.21   library hold time
                                  0.21   data required time
-----------------------------------------------------------------------------
                                  0.21   data required time
                                 -0.31   data arrival time
-----------------------------------------------------------------------------
                                  0.11   slack (MET)


Startpoint: text_out[2]$_DFF_P_ (rising edge-triggered flip-flop clocked by clk)
Endpoint: text_out[2] (output port clocked by vclk_clk)
Path Group: vclk_clk
Path Type: min

Fanout     Cap    Slew   Delay    Time   Description
-----------------------------------------------------------------------------
                          0.00    0.00   clock clk (rise edge)
                          0.00    0.00   clock source latency
     1   22.67    0.00    0.00    0.00 ^ clk (in)
                                         clk (net)
                  0.00    0.00    0.00 ^ clkbuf_0_clk/A (CLKBUF_X3)
     8   62.47    0.05    0.07    0.08 ^ clkbuf_0_clk/Z (CLKBUF_X3)
                                         clknet_0_clk (net)
                  0.05    0.00    0.08 ^ clkbuf_3_4__f_clk/A (CLKBUF_X3)
    10   36.47    0.03    0.07    0.15 ^ clkbuf_3_4__f_clk/Z (CLKBUF_X3)
                                         clknet_3_4__leaf_clk (net)
                  0.03    0.00    0.15 ^ clkbuf_leaf_13_clk/A (CLKBUF_X3)
     7    8.93    0.01    0.04    0.19 ^ clkbuf_leaf_13_clk/Z (CLKBUF_X3)
                                         clknet_leaf_13_clk (net)
                  0.01    0.00    0.19 ^ text_out[2]$_DFF_P_/CK (DFF_X1)
     1    1.26    0.01    0.08    0.28 v text_out[2]$_DFF_P_/Q (DFF_X1)
                                         net310 (net)
                  0.01    0.00    0.28 v output310/A (BUF_X1)
     1    1.59    0.01    0.03    0.30 v output310/Z (BUF_X1)
                                         text_out[2] (net)
                  0.01    0.00    0.30 v text_out[2] (out)
                                  0.30   data arrival time

                  0.00    0.00    0.00   clock vclk_clk (rise edge)
                          0.21    0.21   clock network delay (ideal)
                          0.00    0.21   clock reconvergence pessimism
                         -0.16    0.05   output external delay
                                  0.05   data required time
-----------------------------------------------------------------------------
                                  0.05   data required time
                                 -0.30   data arrival time
-----------------------------------------------------------------------------
                                  0.26   slack (MET)



==========================================================================
cts final report_checks -path_delay max
--------------------------------------------------------------------------
Startpoint: sa12_sr[7]$_DFF_P_ (rising edge-triggered flip-flop clocked by clk)
Endpoint: sa02_sr[5]$_DFF_P_ (rising edge-triggered flip-flop clocked by clk)
Path Group: clk
Path Type: max

Fanout     Cap    Slew   Delay    Time   Description
-----------------------------------------------------------------------------
                          0.00    0.00   clock clk (rise edge)
                          0.00    0.00   clock source latency
     1   22.67    0.00    0.00    0.00 ^ clk (in)
                                         clk (net)
                  0.00    0.00    0.00 ^ clkbuf_0_clk/A (CLKBUF_X3)
     8   62.47    0.05    0.07    0.08 ^ clkbuf_0_clk/Z (CLKBUF_X3)
                                         clknet_0_clk (net)
                  0.05    0.00    0.08 ^ clkbuf_3_1__f_clk/A (CLKBUF_X3)
    16   52.47    0.04    0.08    0.16 ^ clkbuf_3_1__f_clk/Z (CLKBUF_X3)
                                         clknet_3_1__leaf_clk (net)
                  0.04    0.00    0.16 ^ clkbuf_leaf_83_clk/A (CLKBUF_X3)
     7   10.57    0.01    0.05    0.21 ^ clkbuf_leaf_83_clk/Z (CLKBUF_X3)
                                         clknet_leaf_83_clk (net)
                  0.01    0.00    0.21 ^ sa12_sr[7]$_DFF_P_/CK (DFF_X1)
     3   15.28    0.04    0.12    0.33 ^ sa12_sr[7]$_DFF_P_/Q (DFF_X1)
                                         _00868_ (net)
                  0.04    0.00    0.33 ^ _11920_/A (XNOR2_X1)
     3    7.52    0.04    0.06    0.39 ^ _11920_/ZN (XNOR2_X1)
                                         _01076_ (net)
                  0.04    0.00    0.39 ^ place8086/A (BUF_X2)
     3    6.49    0.01    0.03    0.43 ^ place8086/Z (BUF_X2)
                                         net8086 (net)
                  0.01    0.00    0.43 ^ _13500_/A (XOR2_X1)
     1    2.33    0.02    0.05    0.48 ^ _13500_/Z (XOR2_X1)
                                         _02656_ (net)
                  0.02    0.00    0.48 ^ _13503_/A (XNOR2_X1)
     1    1.66    0.02    0.04    0.52 ^ _13503_/ZN (XNOR2_X1)
                                         _02659_ (net)
                  0.02    0.00    0.52 ^ _13504_/A (MUX2_X1)
     2    5.66    0.02    0.05    0.57 ^ _13504_/Z (MUX2_X1)
                                         _02660_ (net)
                  0.02    0.00    0.57 ^ _13506_/B (XOR2_X2)
    19   45.76    0.12    0.15    0.72 ^ _13506_/Z (XOR2_X2)
                                         _02662_ (net)
                  0.12    0.00    0.73 ^ place7606/A (BUF_X4)
    12   23.89    0.02    0.04    0.77 ^ place7606/Z (BUF_X4)
                                         net7606 (net)
                  0.02    0.00    0.77 ^ _20529_/A (OAI21_X1)
     1    2.79    0.02    0.02    0.79 v _20529_/ZN (OAI21_X1)
                                         _09685_ (net)
                  0.02    0.00    0.79 v _20530_/B2 (AOI21_X1)
     1    1.68    0.02    0.04    0.83 ^ _20530_/ZN (AOI21_X1)
                                         _09686_ (net)
                  0.02    0.00    0.83 ^ _20531_/A3 (NOR3_X1)
     1    1.58    0.01    0.01    0.84 v _20531_/ZN (NOR3_X1)
                                         _09687_ (net)
                  0.01    0.00    0.84 v _20536_/A2 (AOI22_X1)
     1    3.31    0.03    0.04    0.89 ^ _20536_/ZN (AOI22_X1)
                                         _09692_ (net)
                  0.03    0.00    0.89 ^ _20543_/B1 (OAI22_X1)
     1    2.06    0.01    0.03    0.91 v _20543_/ZN (OAI22_X1)
                                         _09699_ (net)
                  0.01    0.00    0.91 v _20572_/A (MUX2_X1)
     1    4.02    0.01    0.07    0.98 v _20572_/Z (MUX2_X1)
                                         _09728_ (net)
                  0.01    0.00    0.98 v sa02_sr[5]$_DFF_P_/D (DFF_X1)
                                  0.98   data arrival time

                          0.82    0.82   clock clk (rise edge)
                          0.00    0.82   clock source latency
     1   22.67    0.00    0.00    0.82 ^ clk (in)
                                         clk (net)
                  0.00    0.00    0.82 ^ clkbuf_0_clk/A (CLKBUF_X3)
     8   62.47    0.05    0.07    0.90 ^ clkbuf_0_clk/Z (CLKBUF_X3)
                                         clknet_0_clk (net)
                  0.05    0.00    0.90 ^ clkbuf_3_3__f_clk/A (CLKBUF_X3)
    13   37.88    0.03    0.07    0.97 ^ clkbuf_3_3__f_clk/Z (CLKBUF_X3)
                                         clknet_3_3__leaf_clk (net)
                  0.03    0.00    0.97 ^ clkbuf_leaf_64_clk/A (CLKBUF_X3)
     8   10.97    0.01    0.04    1.02 ^ clkbuf_leaf_64_clk/Z (CLKBUF_X3)
                                         clknet_leaf_64_clk (net)
                  0.01    0.00    1.02 ^ sa02_sr[5]$_DFF_P_/CK (DFF_X1)
                          0.00    1.02   clock reconvergence pessimism
                         -0.04    0.98   library setup time
                                  0.98   data required time
-----------------------------------------------------------------------------
                                  0.98   data required time
                                 -0.98   data arrival time
-----------------------------------------------------------------------------
                                  0.00   slack (MET)


Startpoint: text_out[106]$_DFF_P_
            (rising edge-triggered flip-flop clocked by clk)
Endpoint: text_out[106] (output port clocked by vclk_clk)
Path Group: vclk_clk
Path Type: max

Fanout     Cap    Slew   Delay    Time   Description
-----------------------------------------------------------------------------
                          0.00    0.00   clock clk (rise edge)
                          0.00    0.00   clock source latency
     1   22.67    0.00    0.00    0.00 ^ clk (in)
                                         clk (net)
                  0.00    0.00    0.00 ^ clkbuf_0_clk/A (CLKBUF_X3)
     8   62.47    0.05    0.07    0.08 ^ clkbuf_0_clk/Z (CLKBUF_X3)
                                         clknet_0_clk (net)
                  0.05    0.00    0.08 ^ clkbuf_3_2__f_clk/A (CLKBUF_X3)
     9   39.70    0.03    0.07    0.15 ^ clkbuf_3_2__f_clk/Z (CLKBUF_X3)
                                         clknet_3_2__leaf_clk (net)
                  0.03    0.00    0.15 ^ clkbuf_leaf_52_clk/A (CLKBUF_X3)
     5    7.99    0.01    0.04    0.20 ^ clkbuf_leaf_52_clk/Z (CLKBUF_X3)
                                         clknet_leaf_52_clk (net)
                  0.01    0.00    0.20 ^ text_out[106]$_DFF_P_/CK (DFF_X1)
     1   11.22    0.03    0.11    0.31 ^ text_out[106]$_DFF_P_/Q (DFF_X1)
                                         net267 (net)
                  0.03    0.00    0.31 ^ output267/A (BUF_X1)
     1    1.72    0.01    0.03    0.34 ^ output267/Z (BUF_X1)
                                         text_out[106] (net)
                  0.01    0.00    0.34 ^ text_out[106] (out)
                                  0.34   data arrival time

                  0.00    0.82    0.82   clock vclk_clk (rise edge)
                          0.21    1.03   clock network delay (ideal)
                          0.00    1.03   clock reconvergence pessimism
                         -0.16    0.87   output external delay
                                  0.87   data required time
-----------------------------------------------------------------------------
                                  0.87   data required time
                                 -0.34   data arrival time
-----------------------------------------------------------------------------
                                  0.53   slack (MET)



==========================================================================
cts final report_checks -unconstrained
--------------------------------------------------------------------------
Startpoint: sa12_sr[7]$_DFF_P_ (rising edge-triggered flip-flop clocked by clk)
Endpoint: sa02_sr[5]$_DFF_P_ (rising edge-triggered flip-flop clocked by clk)
Path Group: clk
Path Type: max

Fanout     Cap    Slew   Delay    Time   Description
-----------------------------------------------------------------------------
                          0.00    0.00   clock clk (rise edge)
                          0.00    0.00   clock source latency
     1   22.67    0.00    0.00    0.00 ^ clk (in)
                                         clk (net)
                  0.00    0.00    0.00 ^ clkbuf_0_clk/A (CLKBUF_X3)
     8   62.47    0.05    0.07    0.08 ^ clkbuf_0_clk/Z (CLKBUF_X3)
                                         clknet_0_clk (net)
                  0.05    0.00    0.08 ^ clkbuf_3_1__f_clk/A (CLKBUF_X3)
    16   52.47    0.04    0.08    0.16 ^ clkbuf_3_1__f_clk/Z (CLKBUF_X3)
                                         clknet_3_1__leaf_clk (net)
                  0.04    0.00    0.16 ^ clkbuf_leaf_83_clk/A (CLKBUF_X3)
     7   10.57    0.01    0.05    0.21 ^ clkbuf_leaf_83_clk/Z (CLKBUF_X3)
                                         clknet_leaf_83_clk (net)
                  0.01    0.00    0.21 ^ sa12_sr[7]$_DFF_P_/CK (DFF_X1)
     3   15.28    0.04    0.12    0.33 ^ sa12_sr[7]$_DFF_P_/Q (DFF_X1)
                                         _00868_ (net)
                  0.04    0.00    0.33 ^ _11920_/A (XNOR2_X1)
     3    7.52    0.04    0.06    0.39 ^ _11920_/ZN (XNOR2_X1)
                                         _01076_ (net)
                  0.04    0.00    0.39 ^ place8086/A (BUF_X2)
     3    6.49    0.01    0.03    0.43 ^ place8086/Z (BUF_X2)
                                         net8086 (net)
                  0.01    0.00    0.43 ^ _13500_/A (XOR2_X1)
     1    2.33    0.02    0.05    0.48 ^ _13500_/Z (XOR2_X1)
                                         _02656_ (net)
                  0.02    0.00    0.48 ^ _13503_/A (XNOR2_X1)
     1    1.66    0.02    0.04    0.52 ^ _13503_/ZN (XNOR2_X1)
                                         _02659_ (net)
                  0.02    0.00    0.52 ^ _13504_/A (MUX2_X1)
     2    5.66    0.02    0.05    0.57 ^ _13504_/Z (MUX2_X1)
                                         _02660_ (net)
                  0.02    0.00    0.57 ^ _13506_/B (XOR2_X2)
    19   45.76    0.12    0.15    0.72 ^ _13506_/Z (XOR2_X2)
                                         _02662_ (net)
                  0.12    0.00    0.73 ^ place7606/A (BUF_X4)
    12   23.89    0.02    0.04    0.77 ^ place7606/Z (BUF_X4)
                                         net7606 (net)
                  0.02    0.00    0.77 ^ _20529_/A (OAI21_X1)
     1    2.79    0.02    0.02    0.79 v _20529_/ZN (OAI21_X1)
                                         _09685_ (net)
                  0.02    0.00    0.79 v _20530_/B2 (AOI21_X1)
     1    1.68    0.02    0.04    0.83 ^ _20530_/ZN (AOI21_X1)
                                         _09686_ (net)
                  0.02    0.00    0.83 ^ _20531_/A3 (NOR3_X1)
     1    1.58    0.01    0.01    0.84 v _20531_/ZN (NOR3_X1)
                                         _09687_ (net)
                  0.01    0.00    0.84 v _20536_/A2 (AOI22_X1)
     1    3.31    0.03    0.04    0.89 ^ _20536_/ZN (AOI22_X1)
                                         _09692_ (net)
                  0.03    0.00    0.89 ^ _20543_/B1 (OAI22_X1)
     1    2.06    0.01    0.03    0.91 v _20543_/ZN (OAI22_X1)
                                         _09699_ (net)
                  0.01    0.00    0.91 v _20572_/A (MUX2_X1)
     1    4.02    0.01    0.07    0.98 v _20572_/Z (MUX2_X1)
                                         _09728_ (net)
                  0.01    0.00    0.98 v sa02_sr[5]$_DFF_P_/D (DFF_X1)
                                  0.98   data arrival time

                          0.82    0.82   clock clk (rise edge)
                          0.00    0.82   clock source latency
     1   22.67    0.00    0.00    0.82 ^ clk (in)
                                         clk (net)
                  0.00    0.00    0.82 ^ clkbuf_0_clk/A (CLKBUF_X3)
     8   62.47    0.05    0.07    0.90 ^ clkbuf_0_clk/Z (CLKBUF_X3)
                                         clknet_0_clk (net)
                  0.05    0.00    0.90 ^ clkbuf_3_3__f_clk/A (CLKBUF_X3)
    13   37.88    0.03    0.07    0.97 ^ clkbuf_3_3__f_clk/Z (CLKBUF_X3)
                                         clknet_3_3__leaf_clk (net)
                  0.03    0.00    0.97 ^ clkbuf_leaf_64_clk/A (CLKBUF_X3)
     8   10.97    0.01    0.04    1.02 ^ clkbuf_leaf_64_clk/Z (CLKBUF_X3)
                                         clknet_leaf_64_clk (net)
                  0.01    0.00    1.02 ^ sa02_sr[5]$_DFF_P_/CK (DFF_X1)
                          0.00    1.02   clock reconvergence pessimism
                         -0.04    0.98   library setup time
                                  0.98   data required time
-----------------------------------------------------------------------------
                                  0.98   data required time
                                 -0.98   data arrival time
-----------------------------------------------------------------------------
                                  0.00   slack (MET)


Startpoint: text_out[106]$_DFF_P_
            (rising edge-triggered flip-flop clocked by clk)
Endpoint: text_out[106] (output port clocked by vclk_clk)
Path Group: vclk_clk
Path Type: max

Fanout     Cap    Slew   Delay    Time   Description
-----------------------------------------------------------------------------
                          0.00    0.00   clock clk (rise edge)
                          0.00    0.00   clock source latency
     1   22.67    0.00    0.00    0.00 ^ clk (in)
                                         clk (net)
                  0.00    0.00    0.00 ^ clkbuf_0_clk/A (CLKBUF_X3)
     8   62.47    0.05    0.07    0.08 ^ clkbuf_0_clk/Z (CLKBUF_X3)
                                         clknet_0_clk (net)
                  0.05    0.00    0.08 ^ clkbuf_3_2__f_clk/A (CLKBUF_X3)
     9   39.70    0.03    0.07    0.15 ^ clkbuf_3_2__f_clk/Z (CLKBUF_X3)
                                         clknet_3_2__leaf_clk (net)
                  0.03    0.00    0.15 ^ clkbuf_leaf_52_clk/A (CLKBUF_X3)
     5    7.99    0.01    0.04    0.20 ^ clkbuf_leaf_52_clk/Z (CLKBUF_X3)
                                         clknet_leaf_52_clk (net)
                  0.01    0.00    0.20 ^ text_out[106]$_DFF_P_/CK (DFF_X1)
     1   11.22    0.03    0.11    0.31 ^ text_out[106]$_DFF_P_/Q (DFF_X1)
                                         net267 (net)
                  0.03    0.00    0.31 ^ output267/A (BUF_X1)
     1    1.72    0.01    0.03    0.34 ^ output267/Z (BUF_X1)
                                         text_out[106] (net)
                  0.01    0.00    0.34 ^ text_out[106] (out)
                                  0.34   data arrival time

                  0.00    0.82    0.82   clock vclk_clk (rise edge)
                          0.21    1.03   clock network delay (ideal)
                          0.00    1.03   clock reconvergence pessimism
                         -0.16    0.87   output external delay
                                  0.87   data required time
-----------------------------------------------------------------------------
                                  0.87   data required time
                                 -0.34   data arrival time
-----------------------------------------------------------------------------
                                  0.53   slack (MET)



==========================================================================
cts final report_check_types -max_slew -max_cap -max_fanout -violators
--------------------------------------------------------------------------

==========================================================================
cts final max_slew_check_slack
--------------------------------------------------------------------------
0.08265730738639832

==========================================================================
cts final max_slew_check_limit
--------------------------------------------------------------------------
0.1985349953174591

==========================================================================
cts final max_slew_check_slack_limit
--------------------------------------------------------------------------
0.4163

==========================================================================
cts final max_fanout_check_slack
--------------------------------------------------------------------------
1.0000000150474662e+30

==========================================================================
cts final max_fanout_check_limit
--------------------------------------------------------------------------
1.0000000150474662e+30

==========================================================================
cts final max_capacitance_check_slack
--------------------------------------------------------------------------
4.444805145263672

==========================================================================
cts final max_capacitance_check_limit
--------------------------------------------------------------------------
26.016199111938477

==========================================================================
cts final max_capacitance_check_slack_limit
--------------------------------------------------------------------------
0.1708

==========================================================================
cts final max_slew_violation_count
--------------------------------------------------------------------------
max slew violation count 0

==========================================================================
cts final max_fanout_violation_count
--------------------------------------------------------------------------
max fanout violation count 0

==========================================================================
cts final max_cap_violation_count
--------------------------------------------------------------------------
max cap violation count 0

==========================================================================
cts final setup_violation_count
--------------------------------------------------------------------------
setup violation count 0

==========================================================================
cts final hold_violation_count
--------------------------------------------------------------------------
hold violation count 0

==========================================================================
cts final report_checks -path_delay max reg to reg
--------------------------------------------------------------------------
Startpoint: sa12_sr[7]$_DFF_P_ (rising edge-triggered flip-flop clocked by clk)
Endpoint: sa02_sr[5]$_DFF_P_ (rising edge-triggered flip-flop clocked by clk)
Path Group: clk
Path Type: max

  Delay    Time   Description
---------------------------------------------------------
   0.00    0.00   clock clk (rise edge)
   0.00    0.00   clock source latency
   0.00    0.00 ^ clk (in)
   0.08    0.08 ^ clkbuf_0_clk/Z (CLKBUF_X3)
   0.09    0.16 ^ clkbuf_3_1__f_clk/Z (CLKBUF_X3)
   0.05    0.21 ^ clkbuf_leaf_83_clk/Z (CLKBUF_X3)
   0.00    0.21 ^ sa12_sr[7]$_DFF_P_/CK (DFF_X1)
   0.12    0.33 ^ sa12_sr[7]$_DFF_P_/Q (DFF_X1)
   0.06    0.39 ^ _11920_/ZN (XNOR2_X1)
   0.03    0.43 ^ place8086/Z (BUF_X2)
   0.05    0.48 ^ _13500_/Z (XOR2_X1)
   0.04    0.52 ^ _13503_/ZN (XNOR2_X1)
   0.05    0.57 ^ _13504_/Z (MUX2_X1)
   0.15    0.72 ^ _13506_/Z (XOR2_X2)
   0.05    0.77 ^ place7606/Z (BUF_X4)
   0.02    0.79 v _20529_/ZN (OAI21_X1)
   0.04    0.83 ^ _20530_/ZN (AOI21_X1)
   0.01    0.84 v _20531_/ZN (NOR3_X1)
   0.04    0.89 ^ _20536_/ZN (AOI22_X1)
   0.03    0.91 v _20543_/ZN (OAI22_X1)
   0.07    0.98 v _20572_/Z (MUX2_X1)
   0.00    0.98 v sa02_sr[5]$_DFF_P_/D (DFF_X1)
           0.98   data arrival time

   0.82    0.82   clock clk (rise edge)
   0.00    0.82   clock source latency
   0.00    0.82 ^ clk (in)
   0.08    0.90 ^ clkbuf_0_clk/Z (CLKBUF_X3)
   0.08    0.97 ^ clkbuf_3_3__f_clk/Z (CLKBUF_X3)
   0.05    1.02 ^ clkbuf_leaf_64_clk/Z (CLKBUF_X3)
   0.00    1.02 ^ sa02_sr[5]$_DFF_P_/CK (DFF_X1)
   0.00    1.02   clock reconvergence pessimism
  -0.04    0.98   library setup time
           0.98   data required time
---------------------------------------------------------
           0.98   data required time
          -0.98   data arrival time
---------------------------------------------------------
           0.00   slack (MET)



==========================================================================
cts final report_checks -path_delay min reg to reg
--------------------------------------------------------------------------
Startpoint: u0.r0.rcnt[0]$_SDFF_PP0_
            (rising edge-triggered flip-flop clocked by clk)
Endpoint: u0.r0.rcnt[0]$_SDFF_PP0_
          (rising edge-triggered flip-flop clocked by clk)
Path Group: clk
Path Type: min

  Delay    Time   Description
---------------------------------------------------------
   0.00    0.00   clock clk (rise edge)
   0.00    0.00   clock source latency
   0.00    0.00 ^ clk (in)
   0.08    0.08 ^ clkbuf_0_clk/Z (CLKBUF_X3)
   0.08    0.15 ^ clkbuf_3_0__f_clk/Z (CLKBUF_X3)
   0.05    0.20 ^ clkbuf_leaf_74_clk/Z (CLKBUF_X3)
   0.00    0.20 ^ u0.r0.rcnt[0]$_SDFF_PP0_/CK (DFF_X1)
   0.07    0.27 v u0.r0.rcnt[0]$_SDFF_PP0_/QN (DFF_X1)
   0.02    0.30 ^ _14521_/ZN (INV_X1)
   0.01    0.31 v _21466_/ZN (NOR2_X1)
   0.00    0.31 v u0.r0.rcnt[0]$_SDFF_PP0_/D (DFF_X1)
           0.31   data arrival time

   0.00    0.00   clock clk (rise edge)
   0.00    0.00   clock source latency
   0.00    0.00 ^ clk (in)
   0.08    0.08 ^ clkbuf_0_clk/Z (CLKBUF_X3)
   0.08    0.15 ^ clkbuf_3_0__f_clk/Z (CLKBUF_X3)
   0.05    0.20 ^ clkbuf_leaf_74_clk/Z (CLKBUF_X3)
   0.00    0.20 ^ u0.r0.rcnt[0]$_SDFF_PP0_/CK (DFF_X1)
   0.00    0.20   clock reconvergence pessimism
   0.00    0.21   library hold time
           0.21   data required time
---------------------------------------------------------
           0.21   data required time
          -0.31   data arrival time
---------------------------------------------------------
           0.11   slack (MET)



==========================================================================
cts final critical path target clock latency max path
--------------------------------------------------------------------------
0.2053

==========================================================================
cts final critical path target clock latency min path
--------------------------------------------------------------------------
0.2147

==========================================================================
cts final critical path source clock latency min path
--------------------------------------------------------------------------
0.2100

==========================================================================
cts final critical path delay
--------------------------------------------------------------------------
0.9800

==========================================================================
cts final critical path slack
--------------------------------------------------------------------------
0.0003

==========================================================================
cts final slack div critical path delay
--------------------------------------------------------------------------
0.030612

==========================================================================
cts final report_power
--------------------------------------------------------------------------
Group                  Internal  Switching    Leakage      Total
                          Power      Power      Power      Power (Watts)
----------------------------------------------------------------
Sequential             9.45e-03   2.68e-03   4.45e-05   1.22e-02   2.9%
Combinational          1.92e-01   2.17e-01   4.22e-04   4.10e-01  96.3%
Clock                  1.71e-03   2.03e-03   5.21e-06   3.74e-03   0.9%
Macro                  0.00e+00   0.00e+00   0.00e+00   0.00e+00   0.0%
Pad                    0.00e+00   0.00e+00   0.00e+00   0.00e+00   0.0%
----------------------------------------------------------------
Total                  2.04e-01   2.22e-01   4.72e-04   4.26e-01 100.0%
                          47.8%      52.1%       0.1%
