
==========================================================================
finish report_tns
--------------------------------------------------------------------------
tns max -0.19

==========================================================================
finish report_wns
--------------------------------------------------------------------------
wns max -0.04

==========================================================================
finish report_worst_slack
--------------------------------------------------------------------------
worst slack max -0.04

==========================================================================
finish report_clock_min_period
--------------------------------------------------------------------------
clk period_min = 0.86 fmax = 1165.46
vclk_clk period_min = 0.00 fmax = inf

==========================================================================
finish report_clock_skew
--------------------------------------------------------------------------
Clock clk
   0.20 source latency sa13_sr[1]$_DFF_P_/CK ^
  -0.19 target latency sa03_sr[4]$_DFF_P_/CK ^
   0.00 CRPR
--------------
   0.02 setup skew

Clock vclk_clk
No launch/capture paths found.


==========================================================================
finish report_checks -path_delay min
--------------------------------------------------------------------------
Startpoint: u0.r0.rcnt[0]$_SDFF_PP0_
            (rising edge-triggered flip-flop clocked by clk)
Endpoint: u0.r0.rcnt[0]$_SDFF_PP0_
          (rising edge-triggered flip-flop clocked by clk)
Path Group: clk
Path Type: min

Fanout     Cap    Slew   Delay    Time   Description
-----------------------------------------------------------------------------
                          0.00    0.00   clock clk (rise edge)
                          0.00    0.00   clock source latency
     1   17.32    0.00    0.00    0.00 ^ clk (in)
                                         clk (net)
                  0.00    0.00    0.00 ^ clkbuf_0_clk/A (CLKBUF_X3)
     8   54.37    0.04    0.07    0.07 ^ clkbuf_0_clk/Z (CLKBUF_X3)
                                         clknet_0_clk (net)
                  0.04    0.00    0.07 ^ clkbuf_3_0__f_clk/A (CLKBUF_X3)
    16   40.07    0.03    0.07    0.14 ^ clkbuf_3_0__f_clk/Z (CLKBUF_X3)
                                         clknet_3_0__leaf_clk (net)
                  0.03    0.00    0.15 ^ clkbuf_leaf_74_clk/A (CLKBUF_X3)
     7   11.76    0.01    0.05    0.19 ^ clkbuf_leaf_74_clk/Z (CLKBUF_X3)
                                         clknet_leaf_74_clk (net)
                  0.01    0.00    0.19 ^ u0.r0.rcnt[0]$_SDFF_PP0_/CK (DFF_X1)
     2    3.34    0.01    0.07    0.27 v u0.r0.rcnt[0]$_SDFF_PP0_/QN (DFF_X1)
                                         _00568_ (net)
                  0.01    0.00    0.27 v _14521_/A (INV_X1)
     3    4.68    0.01    0.02    0.29 ^ _14521_/ZN (INV_X1)
                                         _03677_ (net)
                  0.01    0.00    0.29 ^ _21466_/A2 (NOR2_X1)
     3    3.93    0.01    0.01    0.30 v _21466_/ZN (NOR2_X1)
                                         _10622_ (net)
                  0.01    0.00    0.30 v u0.r0.rcnt[0]$_SDFF_PP0_/D (DFF_X1)
                                  0.30   data arrival time

                          0.00    0.00   clock clk (rise edge)
                          0.00    0.00   clock source latency
     1   17.32    0.00    0.00    0.00 ^ clk (in)
                                         clk (net)
                  0.00    0.00    0.00 ^ clkbuf_0_clk/A (CLKBUF_X3)
     8   54.37    0.04    0.07    0.07 ^ clkbuf_0_clk/Z (CLKBUF_X3)
                                         clknet_0_clk (net)
                  0.04    0.00    0.07 ^ clkbuf_3_0__f_clk/A (CLKBUF_X3)
    16   40.07    0.03    0.07    0.14 ^ clkbuf_3_0__f_clk/Z (CLKBUF_X3)
                                         clknet_3_0__leaf_clk (net)
                  0.03    0.00    0.15 ^ clkbuf_leaf_74_clk/A (CLKBUF_X3)
     7   11.76    0.01    0.05    0.19 ^ clkbuf_leaf_74_clk/Z (CLKBUF_X3)
                                         clknet_leaf_74_clk (net)
                  0.01    0.00    0.19 ^ u0.r0.rcnt[0]$_SDFF_PP0_/CK (DFF_X1)
                          0.00    0.19   clock reconvergence pessimism
                          0.00    0.20   library hold time
                                  0.20   data required time
-----------------------------------------------------------------------------
                                  0.20   data required time
                                 -0.30   data arrival time
-----------------------------------------------------------------------------
                                  0.11   slack (MET)


Startpoint: text_out[24]$_DFF_P_
            (rising edge-triggered flip-flop clocked by clk)
Endpoint: text_out[24] (output port clocked by vclk_clk)
Path Group: vclk_clk
Path Type: min

Fanout     Cap    Slew   Delay    Time   Description
-----------------------------------------------------------------------------
                          0.00    0.00   clock clk (rise edge)
                          0.00    0.00   clock source latency
     1   17.32    0.00    0.00    0.00 ^ clk (in)
                                         clk (net)
                  0.00    0.00    0.00 ^ clkbuf_0_clk/A (CLKBUF_X3)
     8   54.37    0.04    0.07    0.07 ^ clkbuf_0_clk/Z (CLKBUF_X3)
                                         clknet_0_clk (net)
                  0.04    0.00    0.07 ^ clkbuf_3_4__f_clk/A (CLKBUF_X3)
    10   35.89    0.03    0.07    0.14 ^ clkbuf_3_4__f_clk/Z (CLKBUF_X3)
                                         clknet_3_4__leaf_clk (net)
                  0.03    0.00    0.14 ^ clkbuf_leaf_13_clk/A (CLKBUF_X3)
     7    8.80    0.01    0.04    0.19 ^ clkbuf_leaf_13_clk/Z (CLKBUF_X3)
                                         clknet_leaf_13_clk (net)
                  0.01    0.00    0.19 ^ text_out[24]$_DFF_P_/CK (DFF_X1)
     1    1.47    0.01    0.08    0.27 v text_out[24]$_DFF_P_/Q (DFF_X1)
                                         net304 (net)
                  0.01    0.00    0.27 v output304/A (BUF_X1)
     1    1.08    0.00    0.02    0.29 v output304/Z (BUF_X1)
                                         text_out[24] (net)
                  0.00    0.00    0.29 v text_out[24] (out)
                                  0.29   data arrival time

                  0.00    0.00    0.00   clock vclk_clk (rise edge)
                          0.21    0.21   clock network delay (ideal)
                          0.00    0.21   clock reconvergence pessimism
                         -0.16    0.05   output external delay
                                  0.05   data required time
-----------------------------------------------------------------------------
                                  0.05   data required time
                                 -0.29   data arrival time
-----------------------------------------------------------------------------
                                  0.25   slack (MET)



==========================================================================
finish report_checks -path_delay max
--------------------------------------------------------------------------
Startpoint: sa30_sr[7]$_DFF_P_ (rising edge-triggered flip-flop clocked by clk)
Endpoint: sa31_sr[7]$_DFF_P_ (rising edge-triggered flip-flop clocked by clk)
Path Group: clk
Path Type: max

Fanout     Cap    Slew   Delay    Time   Description
-----------------------------------------------------------------------------
                          0.00    0.00   clock clk (rise edge)
                          0.00    0.00   clock source latency
     1   17.32    0.00    0.00    0.00 ^ clk (in)
                                         clk (net)
                  0.00    0.00    0.00 ^ clkbuf_0_clk/A (CLKBUF_X3)
     8   54.37    0.04    0.07    0.07 ^ clkbuf_0_clk/Z (CLKBUF_X3)
                                         clknet_0_clk (net)
                  0.04    0.00    0.07 ^ clkbuf_3_2__f_clk/A (CLKBUF_X3)
     9   42.47    0.03    0.07    0.15 ^ clkbuf_3_2__f_clk/Z (CLKBUF_X3)
                                         clknet_3_2__leaf_clk (net)
                  0.03    0.00    0.15 ^ clkbuf_leaf_50_clk/A (CLKBUF_X3)
     7    9.22    0.01    0.04    0.19 ^ clkbuf_leaf_50_clk/Z (CLKBUF_X3)
                                         clknet_leaf_50_clk (net)
                  0.01    0.00    0.19 ^ sa30_sr[7]$_DFF_P_/CK (DFF_X1)
     4   14.14    0.03    0.12    0.31 ^ sa30_sr[7]$_DFF_P_/Q (DFF_X1)
                                         _00866_ (net)
                  0.03    0.00    0.31 ^ _12242_/A (XNOR2_X1)
     4    9.49    0.05    0.06    0.37 ^ _12242_/ZN (XNOR2_X1)
                                         _01398_ (net)
                  0.05    0.00    0.37 ^ _12244_/A (XNOR2_X1)
     1    2.52    0.02    0.02    0.40 v _12244_/ZN (XNOR2_X1)
                                         _01400_ (net)
                  0.02    0.00    0.40 v _12245_/B (XNOR2_X1)
     1   18.93    0.09    0.12    0.52 ^ _12245_/ZN (XNOR2_X1)
                                         _01401_ (net)
                  0.09    0.00    0.52 ^ _12246_/A (MUX2_X1)
     2    9.48    0.03    0.07    0.60 ^ _12246_/Z (MUX2_X1)
                                         _01402_ (net)
                  0.03    0.00    0.60 ^ _12248_/B (XOR2_X2)
    11   25.51    0.07    0.10    0.70 ^ _12248_/Z (XOR2_X2)
                                         _01404_ (net)
                  0.07    0.00    0.70 ^ place7913/A (BUF_X1)
     8   15.11    0.04    0.06    0.77 ^ place7913/Z (BUF_X1)
                                         net7913 (net)
                  0.04    0.00    0.77 ^ _12362_/A2 (NAND3_X1)
     3    4.89    0.02    0.04    0.81 v _12362_/ZN (NAND3_X1)
                                         _01518_ (net)
                  0.02    0.00    0.81 v _12371_/A3 (NAND3_X1)
     1    2.75    0.01    0.03    0.83 ^ _12371_/ZN (NAND3_X1)
                                         _01527_ (net)
                  0.01    0.00    0.83 ^ _12372_/B2 (AOI22_X1)
     1    2.00    0.02    0.02    0.86 v _12372_/ZN (AOI22_X1)
                                         _01528_ (net)
                  0.02    0.00    0.86 v _12373_/B1 (OAI22_X1)
     1    1.76    0.03    0.04    0.90 ^ _12373_/ZN (OAI22_X1)
                                         _01529_ (net)
                  0.03    0.00    0.90 ^ _12374_/A (AOI21_X1)
     1    4.57    0.02    0.02    0.92 v _12374_/ZN (AOI21_X1)
                                         _01530_ (net)
                  0.02    0.00    0.92 v _12393_/A2 (OAI22_X1)
     1    3.81    0.04    0.05    0.97 ^ _12393_/ZN (OAI22_X1)
                                         _01549_ (net)
                  0.04    0.00    0.97 ^ _12394_/B1 (OAI22_X1)
     1    5.73    0.02    0.04    1.01 v _12394_/ZN (OAI22_X1)
                                         _01550_ (net)
                  0.02    0.00    1.01 v sa31_sr[7]$_DFF_P_/D (DFF_X1)
                                  1.01   data arrival time

                          0.82    0.82   clock clk (rise edge)
                          0.00    0.82   clock source latency
     1   17.32    0.00    0.00    0.82 ^ clk (in)
                                         clk (net)
                  0.00    0.00    0.82 ^ clkbuf_0_clk/A (CLKBUF_X3)
     8   54.37    0.04    0.07    0.89 ^ clkbuf_0_clk/Z (CLKBUF_X3)
                                         clknet_0_clk (net)
                  0.04    0.00    0.89 ^ clkbuf_3_7__f_clk/A (CLKBUF_X3)
     9   39.88    0.03    0.07    0.96 ^ clkbuf_3_7__f_clk/Z (CLKBUF_X3)
                                         clknet_3_7__leaf_clk (net)
                  0.03    0.00    0.96 ^ clkbuf_leaf_48_clk/A (CLKBUF_X3)
     7    8.93    0.01    0.04    1.01 ^ clkbuf_leaf_48_clk/Z (CLKBUF_X3)
                                         clknet_leaf_48_clk (net)
                  0.01    0.00    1.01 ^ sa31_sr[7]$_DFF_P_/CK (DFF_X1)
                          0.00    1.01   clock reconvergence pessimism
                         -0.04    0.97   library setup time
                                  0.97   data required time
-----------------------------------------------------------------------------
                                  0.97   data required time
                                 -1.01   data arrival time
-----------------------------------------------------------------------------
                                 -0.04   slack (VIOLATED)


Startpoint: text_out[106]$_DFF_P_
            (rising edge-triggered flip-flop clocked by clk)
Endpoint: text_out[106] (output port clocked by vclk_clk)
Path Group: vclk_clk
Path Type: max

Fanout     Cap    Slew   Delay    Time   Description
-----------------------------------------------------------------------------
                          0.00    0.00   clock clk (rise edge)
                          0.00    0.00   clock source latency
     1   17.32    0.00    0.00    0.00 ^ clk (in)
                                         clk (net)
                  0.00    0.00    0.00 ^ clkbuf_0_clk/A (CLKBUF_X3)
     8   54.37    0.04    0.07    0.07 ^ clkbuf_0_clk/Z (CLKBUF_X3)
                                         clknet_0_clk (net)
                  0.04    0.00    0.07 ^ clkbuf_3_2__f_clk/A (CLKBUF_X3)
     9   42.47    0.03    0.07    0.15 ^ clkbuf_3_2__f_clk/Z (CLKBUF_X3)
                                         clknet_3_2__leaf_clk (net)
                  0.03    0.00    0.15 ^ clkbuf_leaf_52_clk/A (CLKBUF_X3)
     5    7.86    0.01    0.04    0.19 ^ clkbuf_leaf_52_clk/Z (CLKBUF_X3)
                                         clknet_leaf_52_clk (net)
                  0.01    0.00    0.19 ^ text_out[106]$_DFF_P_/CK (DFF_X1)
     1    9.94    0.02    0.11    0.30 ^ text_out[106]$_DFF_P_/Q (DFF_X1)
                                         net267 (net)
                  0.02    0.00    0.30 ^ output267/A (BUF_X1)
     1    1.28    0.01    0.03    0.32 ^ output267/Z (BUF_X1)
                                         text_out[106] (net)
                  0.01    0.00    0.32 ^ text_out[106] (out)
                                  0.32   data arrival time

                  0.00    0.82    0.82   clock vclk_clk (rise edge)
                          0.21    1.03   clock network delay (ideal)
                          0.00    1.03   clock reconvergence pessimism
                         -0.16    0.87   output external delay
                                  0.87   data required time
-----------------------------------------------------------------------------
                                  0.87   data required time
                                 -0.32   data arrival time
-----------------------------------------------------------------------------
                                  0.54   slack (MET)



==========================================================================
finish report_checks -unconstrained
--------------------------------------------------------------------------
Startpoint: sa30_sr[7]$_DFF_P_ (rising edge-triggered flip-flop clocked by clk)
Endpoint: sa31_sr[7]$_DFF_P_ (rising edge-triggered flip-flop clocked by clk)
Path Group: clk
Path Type: max

Fanout     Cap    Slew   Delay    Time   Description
-----------------------------------------------------------------------------
                          0.00    0.00   clock clk (rise edge)
                          0.00    0.00   clock source latency
     1   17.32    0.00    0.00    0.00 ^ clk (in)
                                         clk (net)
                  0.00    0.00    0.00 ^ clkbuf_0_clk/A (CLKBUF_X3)
     8   54.37    0.04    0.07    0.07 ^ clkbuf_0_clk/Z (CLKBUF_X3)
                                         clknet_0_clk (net)
                  0.04    0.00    0.07 ^ clkbuf_3_2__f_clk/A (CLKBUF_X3)
     9   42.47    0.03    0.07    0.15 ^ clkbuf_3_2__f_clk/Z (CLKBUF_X3)
                                         clknet_3_2__leaf_clk (net)
                  0.03    0.00    0.15 ^ clkbuf_leaf_50_clk/A (CLKBUF_X3)
     7    9.22    0.01    0.04    0.19 ^ clkbuf_leaf_50_clk/Z (CLKBUF_X3)
                                         clknet_leaf_50_clk (net)
                  0.01    0.00    0.19 ^ sa30_sr[7]$_DFF_P_/CK (DFF_X1)
     4   14.14    0.03    0.12    0.31 ^ sa30_sr[7]$_DFF_P_/Q (DFF_X1)
                                         _00866_ (net)
                  0.03    0.00    0.31 ^ _12242_/A (XNOR2_X1)
     4    9.49    0.05    0.06    0.37 ^ _12242_/ZN (XNOR2_X1)
                                         _01398_ (net)
                  0.05    0.00    0.37 ^ _12244_/A (XNOR2_X1)
     1    2.52    0.02    0.02    0.40 v _12244_/ZN (XNOR2_X1)
                                         _01400_ (net)
                  0.02    0.00    0.40 v _12245_/B (XNOR2_X1)
     1   18.93    0.09    0.12    0.52 ^ _12245_/ZN (XNOR2_X1)
                                         _01401_ (net)
                  0.09    0.00    0.52 ^ _12246_/A (MUX2_X1)
     2    9.48    0.03    0.07    0.60 ^ _12246_/Z (MUX2_X1)
                                         _01402_ (net)
                  0.03    0.00    0.60 ^ _12248_/B (XOR2_X2)
    11   25.51    0.07    0.10    0.70 ^ _12248_/Z (XOR2_X2)
                                         _01404_ (net)
                  0.07    0.00    0.70 ^ place7913/A (BUF_X1)
     8   15.11    0.04    0.06    0.77 ^ place7913/Z (BUF_X1)
                                         net7913 (net)
                  0.04    0.00    0.77 ^ _12362_/A2 (NAND3_X1)
     3    4.89    0.02    0.04    0.81 v _12362_/ZN (NAND3_X1)
                                         _01518_ (net)
                  0.02    0.00    0.81 v _12371_/A3 (NAND3_X1)
     1    2.75    0.01    0.03    0.83 ^ _12371_/ZN (NAND3_X1)
                                         _01527_ (net)
                  0.01    0.00    0.83 ^ _12372_/B2 (AOI22_X1)
     1    2.00    0.02    0.02    0.86 v _12372_/ZN (AOI22_X1)
                                         _01528_ (net)
                  0.02    0.00    0.86 v _12373_/B1 (OAI22_X1)
     1    1.76    0.03    0.04    0.90 ^ _12373_/ZN (OAI22_X1)
                                         _01529_ (net)
                  0.03    0.00    0.90 ^ _12374_/A (AOI21_X1)
     1    4.57    0.02    0.02    0.92 v _12374_/ZN (AOI21_X1)
                                         _01530_ (net)
                  0.02    0.00    0.92 v _12393_/A2 (OAI22_X1)
     1    3.81    0.04    0.05    0.97 ^ _12393_/ZN (OAI22_X1)
                                         _01549_ (net)
                  0.04    0.00    0.97 ^ _12394_/B1 (OAI22_X1)
     1    5.73    0.02    0.04    1.01 v _12394_/ZN (OAI22_X1)
                                         _01550_ (net)
                  0.02    0.00    1.01 v sa31_sr[7]$_DFF_P_/D (DFF_X1)
                                  1.01   data arrival time

                          0.82    0.82   clock clk (rise edge)
                          0.00    0.82   clock source latency
     1   17.32    0.00    0.00    0.82 ^ clk (in)
                                         clk (net)
                  0.00    0.00    0.82 ^ clkbuf_0_clk/A (CLKBUF_X3)
     8   54.37    0.04    0.07    0.89 ^ clkbuf_0_clk/Z (CLKBUF_X3)
                                         clknet_0_clk (net)
                  0.04    0.00    0.89 ^ clkbuf_3_7__f_clk/A (CLKBUF_X3)
     9   39.88    0.03    0.07    0.96 ^ clkbuf_3_7__f_clk/Z (CLKBUF_X3)
                                         clknet_3_7__leaf_clk (net)
                  0.03    0.00    0.96 ^ clkbuf_leaf_48_clk/A (CLKBUF_X3)
     7    8.93    0.01    0.04    1.01 ^ clkbuf_leaf_48_clk/Z (CLKBUF_X3)
                                         clknet_leaf_48_clk (net)
                  0.01    0.00    1.01 ^ sa31_sr[7]$_DFF_P_/CK (DFF_X1)
                          0.00    1.01   clock reconvergence pessimism
                         -0.04    0.97   library setup time
                                  0.97   data required time
-----------------------------------------------------------------------------
                                  0.97   data required time
                                 -1.01   data arrival time
-----------------------------------------------------------------------------
                                 -0.04   slack (VIOLATED)


Startpoint: text_out[106]$_DFF_P_
            (rising edge-triggered flip-flop clocked by clk)
Endpoint: text_out[106] (output port clocked by vclk_clk)
Path Group: vclk_clk
Path Type: max

Fanout     Cap    Slew   Delay    Time   Description
-----------------------------------------------------------------------------
                          0.00    0.00   clock clk (rise edge)
                          0.00    0.00   clock source latency
     1   17.32    0.00    0.00    0.00 ^ clk (in)
                                         clk (net)
                  0.00    0.00    0.00 ^ clkbuf_0_clk/A (CLKBUF_X3)
     8   54.37    0.04    0.07    0.07 ^ clkbuf_0_clk/Z (CLKBUF_X3)
                                         clknet_0_clk (net)
                  0.04    0.00    0.07 ^ clkbuf_3_2__f_clk/A (CLKBUF_X3)
     9   42.47    0.03    0.07    0.15 ^ clkbuf_3_2__f_clk/Z (CLKBUF_X3)
                                         clknet_3_2__leaf_clk (net)
                  0.03    0.00    0.15 ^ clkbuf_leaf_52_clk/A (CLKBUF_X3)
     5    7.86    0.01    0.04    0.19 ^ clkbuf_leaf_52_clk/Z (CLKBUF_X3)
                                         clknet_leaf_52_clk (net)
                  0.01    0.00    0.19 ^ text_out[106]$_DFF_P_/CK (DFF_X1)
     1    9.94    0.02    0.11    0.30 ^ text_out[106]$_DFF_P_/Q (DFF_X1)
                                         net267 (net)
                  0.02    0.00    0.30 ^ output267/A (BUF_X1)
     1    1.28    0.01    0.03    0.32 ^ output267/Z (BUF_X1)
                                         text_out[106] (net)
                  0.01    0.00    0.32 ^ text_out[106] (out)
                                  0.32   data arrival time

                  0.00    0.82    0.82   clock vclk_clk (rise edge)
                          0.21    1.03   clock network delay (ideal)
                          0.00    1.03   clock reconvergence pessimism
                         -0.16    0.87   output external delay
                                  0.87   data required time
-----------------------------------------------------------------------------
                                  0.87   data required time
                                 -0.32   data arrival time
-----------------------------------------------------------------------------
                                  0.54   slack (MET)



==========================================================================
finish report_check_types -max_slew -max_cap -max_fanout -violators
--------------------------------------------------------------------------

==========================================================================
finish max_slew_check_slack
--------------------------------------------------------------------------
0.0790669247508049

==========================================================================
finish max_slew_check_limit
--------------------------------------------------------------------------
0.1985349953174591

==========================================================================
finish max_slew_check_slack_limit
--------------------------------------------------------------------------
0.3983

==========================================================================
finish max_fanout_check_slack
--------------------------------------------------------------------------
1.0000000150474662e+30

==========================================================================
finish max_fanout_check_limit
--------------------------------------------------------------------------
1.0000000150474662e+30

==========================================================================
finish max_capacitance_check_slack
--------------------------------------------------------------------------
2.9862282276153564

==========================================================================
finish max_capacitance_check_limit
--------------------------------------------------------------------------
50.50659942626953

==========================================================================
finish max_capacitance_check_slack_limit
--------------------------------------------------------------------------
0.0591

==========================================================================
finish max_slew_violation_count
--------------------------------------------------------------------------
max slew violation count 0

==========================================================================
finish max_fanout_violation_count
--------------------------------------------------------------------------
max fanout violation count 0

==========================================================================
finish max_cap_violation_count
--------------------------------------------------------------------------
max cap violation count 0

==========================================================================
finish setup_violation_count
--------------------------------------------------------------------------
setup violation count 19

==========================================================================
finish hold_violation_count
--------------------------------------------------------------------------
hold violation count 0

==========================================================================
finish report_checks -path_delay max reg to reg
--------------------------------------------------------------------------
Startpoint: sa30_sr[7]$_DFF_P_ (rising edge-triggered flip-flop clocked by clk)
Endpoint: sa31_sr[7]$_DFF_P_ (rising edge-triggered flip-flop clocked by clk)
Path Group: clk
Path Type: max

  Delay    Time   Description
---------------------------------------------------------
   0.00    0.00   clock clk (rise edge)
   0.00    0.00   clock source latency
   0.00    0.00 ^ clk (in)
   0.07    0.07 ^ clkbuf_0_clk/Z (CLKBUF_X3)
   0.08    0.15 ^ clkbuf_3_2__f_clk/Z (CLKBUF_X3)
   0.05    0.19 ^ clkbuf_leaf_50_clk/Z (CLKBUF_X3)
   0.00    0.19 ^ sa30_sr[7]$_DFF_P_/CK (DFF_X1)
   0.12    0.31 ^ sa30_sr[7]$_DFF_P_/Q (DFF_X1)
   0.07    0.37 ^ _12242_/ZN (XNOR2_X1)
   0.02    0.40 v _12244_/ZN (XNOR2_X1)
   0.12    0.52 ^ _12245_/ZN (XNOR2_X1)
   0.08    0.60 ^ _12246_/Z (MUX2_X1)
   0.10    0.70 ^ _12248_/Z (XOR2_X2)
   0.07    0.77 ^ place7913/Z (BUF_X1)
   0.04    0.81 v _12362_/ZN (NAND3_X1)
   0.03    0.83 ^ _12371_/ZN (NAND3_X1)
   0.02    0.86 v _12372_/ZN (AOI22_X1)
   0.04    0.90 ^ _12373_/ZN (OAI22_X1)
   0.02    0.92 v _12374_/ZN (AOI21_X1)
   0.05    0.97 ^ _12393_/ZN (OAI22_X1)
   0.04    1.01 v _12394_/ZN (OAI22_X1)
   0.00    1.01 v sa31_sr[7]$_DFF_P_/D (DFF_X1)
           1.01   data arrival time

   0.82    0.82   clock clk (rise edge)
   0.00    0.82   clock source latency
   0.00    0.82 ^ clk (in)
   0.07    0.89 ^ clkbuf_0_clk/Z (CLKBUF_X3)
   0.08    0.96 ^ clkbuf_3_7__f_clk/Z (CLKBUF_X3)
   0.04    1.01 ^ clkbuf_leaf_48_clk/Z (CLKBUF_X3)
   0.00    1.01 ^ sa31_sr[7]$_DFF_P_/CK (DFF_X1)
   0.00    1.01   clock reconvergence pessimism
  -0.04    0.97   library setup time
           0.97   data required time
---------------------------------------------------------
           0.97   data required time
          -1.01   data arrival time
---------------------------------------------------------
          -0.04   slack (VIOLATED)



==========================================================================
finish report_checks -path_delay min reg to reg
--------------------------------------------------------------------------
Startpoint: u0.r0.rcnt[0]$_SDFF_PP0_
            (rising edge-triggered flip-flop clocked by clk)
Endpoint: u0.r0.rcnt[0]$_SDFF_PP0_
          (rising edge-triggered flip-flop clocked by clk)
Path Group: clk
Path Type: min

  Delay    Time   Description
---------------------------------------------------------
   0.00    0.00   clock clk (rise edge)
   0.00    0.00   clock source latency
   0.00    0.00 ^ clk (in)
   0.07    0.07 ^ clkbuf_0_clk/Z (CLKBUF_X3)
   0.07    0.14 ^ clkbuf_3_0__f_clk/Z (CLKBUF_X3)
   0.05    0.19 ^ clkbuf_leaf_74_clk/Z (CLKBUF_X3)
   0.00    0.19 ^ u0.r0.rcnt[0]$_SDFF_PP0_/CK (DFF_X1)
   0.07    0.27 v u0.r0.rcnt[0]$_SDFF_PP0_/QN (DFF_X1)
   0.02    0.29 ^ _14521_/ZN (INV_X1)
   0.01    0.30 v _21466_/ZN (NOR2_X1)
   0.00    0.30 v u0.r0.rcnt[0]$_SDFF_PP0_/D (DFF_X1)
           0.30   data arrival time

   0.00    0.00   clock clk (rise edge)
   0.00    0.00   clock source latency
   0.00    0.00 ^ clk (in)
   0.07    0.07 ^ clkbuf_0_clk/Z (CLKBUF_X3)
   0.07    0.14 ^ clkbuf_3_0__f_clk/Z (CLKBUF_X3)
   0.05    0.19 ^ clkbuf_leaf_74_clk/Z (CLKBUF_X3)
   0.00    0.19 ^ u0.r0.rcnt[0]$_SDFF_PP0_/CK (DFF_X1)
   0.00    0.19   clock reconvergence pessimism
   0.00    0.20   library hold time
           0.20   data required time
---------------------------------------------------------
           0.20   data required time
          -0.30   data arrival time
---------------------------------------------------------
           0.11   slack (MET)



==========================================================================
finish critical path target clock latency max path
--------------------------------------------------------------------------
0.1952

==========================================================================
finish critical path target clock latency min path
--------------------------------------------------------------------------
0.2045

==========================================================================
finish critical path source clock latency min path
--------------------------------------------------------------------------
0.2100

==========================================================================
finish critical path delay
--------------------------------------------------------------------------
1.0060

==========================================================================
finish critical path slack
--------------------------------------------------------------------------
-0.0380

==========================================================================
finish slack div critical path delay
--------------------------------------------------------------------------
-3.777336

==========================================================================
finish report_power
--------------------------------------------------------------------------
Group                  Internal  Switching    Leakage      Total
                          Power      Power      Power      Power (Watts)
----------------------------------------------------------------
Sequential             9.45e-03   2.66e-03   4.45e-05   1.21e-02   2.8%
Combinational          1.93e-01   2.26e-01   4.22e-04   4.19e-01  96.4%
Clock                  1.71e-03   1.98e-03   5.21e-06   3.70e-03   0.8%
Macro                  0.00e+00   0.00e+00   0.00e+00   0.00e+00   0.0%
Pad                    0.00e+00   0.00e+00   0.00e+00   0.00e+00   0.0%
----------------------------------------------------------------
Total                  2.04e-01   2.30e-01   4.72e-04   4.35e-01 100.0%
                          46.9%      53.0%       0.1%
